I1029 15:08:02.822602 1912926208 raft_consensus.cc:483] T 72a9d1f3f42b4264ada6a32da23d5874 P 1bc80c76376544caba9a6c3e0ddbb285 [term 0 FOLLOWER]: Replica starting. Triggering 0 pending operations. Active config: opid_index: -1 peers { permanent_uuid: "1bc80c76376544caba9a6c3e0ddbb285" member_type: VOTER last_known_private_addr { host: "127.0.0.1" port: 9100 } last_known_broadcast_addr { host: "127.0.0.1" port: 9100 } cloud_info { placement_cloud: "cloud1" placement_region: "datacenter1" placement_zone: "rack1" } }
I1029 15:08:02.822610 1912926208 raft_consensus.cc:512] T 72a9d1f3f42b4264ada6a32da23d5874 P 1bc80c76376544caba9a6c3e0ddbb285 [term 0 FOLLOWER]: Consensus starting up: Expiring fail detector timer to make a prompt election more likely
I1029 15:08:02.822613 1912926208 raft_consensus.cc:1120] T 72a9d1f3f42b4264ada6a32da23d5874 P 1bc80c76376544caba9a6c3e0ddbb285 [term 0 FOLLOWER]: Becoming Follower/Learner. State: Replica: 1bc80c76376544caba9a6c3e0ddbb285, State: 1, Role: FOLLOWER, Watermarks: {Received: 0.0 Committed: 0.0} Leader: 0.0, new leader: , initial_fd_wait: <uninitialized>
I1029 15:08:02.822619 1912926208 consensus_meta.cc:317] T 72a9d1f3f42b4264ada6a32da23d5874 P 1bc80c76376544caba9a6c3e0ddbb285: Updating active role from FOLLOWER to FOLLOWER. Consensus state: current_term: 0 leader_uuid: "" config { opid_index: -1 peers { permanent_uuid: "1bc80c76376544caba9a6c3e0ddbb285" member_type: VOTER last_known_private_addr { host: "127.0.0.1" port: 9100 } last_known_broadcast_addr { host: "127.0.0.1" port: 9100 } cloud_info { placement_cloud: "cloud1" placement_region: "datacenter1" placement_zone: "rack1" } } }, has_pending_config = 0
I1029 15:08:02.822628 1912926208 consensus_queue.cc:272] T 72a9d1f3f42b4264ada6a32da23d5874 P 1bc80c76376544caba9a6c3e0ddbb285 [NON_LEADER]: Queue going to NON_LEADER mode. State: All replicated op: 0.0, Majority replicated op: 0.0, Committed index: 0.0, Last applied: 0.0, Last appended: 0.0, Current term: 0, Majority size: -1, State: QUEUE_OPEN, Mode: NON_LEADER
I1029 15:08:02.822636 1912926208 raft_consensus.cc:3417] T 72a9d1f3f42b4264ada6a32da23d5874 P 1bc80c76376544caba9a6c3e0ddbb285 [term 0 FOLLOWER]: Calling mark dirty synchronously for reason code CONSENSUS_STARTED
I1029 15:08:02.822676 1912926208 tablet_peer.cc:1545] T 72a9d1f3f42b4264ada6a32da23d5874 P 1bc80c76376544caba9a6c3e0ddbb285 [state=RUNNING]: Changed state from BOOTSTRAPPING to RUNNING
I1029 15:08:02.822954 1909485568 raft_consensus.cc:629] T 72a9d1f3f42b4264ada6a32da23d5874 P 1bc80c76376544caba9a6c3e0ddbb285 [term 0 FOLLOWER]: Triggering leader pre-election, mode=ELECT_EVEN_IF_LEADER_IS_ALIVE
I1029 15:08:02.822964 1909485568 raft_consensus.cc:3471] T 72a9d1f3f42b4264ada6a32da23d5874 P 1bc80c76376544caba9a6c3e0ddbb285 [term 0 FOLLOWER]: Snoozing leader timeout detection for 3.131s
I1029 15:08:02.822970 1909485568 raft_consensus.cc:669] T 72a9d1f3f42b4264ada6a32da23d5874 P 1bc80c76376544caba9a6c3e0ddbb285 [term 0 FOLLOWER]: Starting pre-election with config: opid_index: -1 peers { permanent_uuid: "1bc80c76376544caba9a6c3e0ddbb285" member_type: VOTER last_known_private_addr { host: "127.0.0.1" port: 9100 } last_known_broadcast_addr { host: "127.0.0.1" port: 9100 } cloud_info { placement_cloud: "cloud1" placement_region: "datacenter1" placement_zone: "rack1" } }
I1029 15:08:02.822986 1909485568 leader_election.cc:242] T 72a9d1f3f42b4264ada6a32da23d5874 P 1bc80c76376544caba9a6c3e0ddbb285 [CANDIDATE]: Term 1 pre-election: Election decided. Result: candidate won.
I1029 15:08:02.822996 1865330688 raft_consensus.cc:3471] T 72a9d1f3f42b4264ada6a32da23d5874 P 1bc80c76376544caba9a6c3e0ddbb285 [term 0 FOLLOWER]: Snoozing leader timeout detection for 3.266s
I1029 15:08:02.823004 1865330688 raft_consensus.cc:3364] T 72a9d1f3f42b4264ada6a32da23d5874 P 1bc80c76376544caba9a6c3e0ddbb285 [term 0 FOLLOWER]: Leader pre-election won for term 1
I1029 15:08:02.823009 1865330688 raft_consensus.cc:629] T 72a9d1f3f42b4264ada6a32da23d5874 P 1bc80c76376544caba9a6c3e0ddbb285 [term 0 FOLLOWER]: Triggering leader election, mode=ELECT_EVEN_IF_LEADER_IS_ALIVE
I1029 15:08:02.823012 1865330688 raft_consensus.cc:3471] T 72a9d1f3f42b4264ada6a32da23d5874 P 1bc80c76376544caba9a6c3e0ddbb285 [term 0 FOLLOWER]: Snoozing leader timeout detection for 3.266s
I1029 15:08:02.823014 1887694848 tablet_server.cc:1130] Invalidating the entire PgTableCache cache since catalog version incremented
I1029 15:08:02.823019 1865330688 raft_consensus.cc:3532] T 72a9d1f3f42b4264ada6a32da23d5874 P 1bc80c76376544caba9a6c3e0ddbb285 [term 0 FOLLOWER]: Advancing to term 1
I1029 15:08:02.823053 1912926208 db_impl.cc:2602] T 72a9d1f3f42b4264ada6a32da23d5874 P 1bc80c76376544caba9a6c3e0ddbb285 [R]: SetOptions() on column family [default], inputs: [{level0_stop_writes_trigger, 2147483647}, {level0_slowdown_writes_trigger, 2147483647}]
I1029 15:08:02.823058 1912926208 db_impl.cc:2606] T 72a9d1f3f42b4264ada6a32da23d5874 P 1bc80c76376544caba9a6c3e0ddbb285 [R]: [default] SetOptions succeeded
I1029 15:08:02.823252 1865330688 consensus_meta.cc:317] T 72a9d1f3f42b4264ada6a32da23d5874 P 1bc80c76376544caba9a6c3e0ddbb285: Updating active role from FOLLOWER to FOLLOWER. Consensus state: current_term: 1 leader_uuid: "" config { opid_index: -1 peers { permanent_uuid: "1bc80c76376544caba9a6c3e0ddbb285" member_type: VOTER last_known_private_addr { host: "127.0.0.1" port: 9100 } last_known_broadcast_addr { host: "127.0.0.1" port: 9100 } cloud_info { placement_cloud: "cloud1" placement_region: "datacenter1" placement_zone: "rack1" } } }, has_pending_config = 0
I1029 15:08:02.823263 1865330688 raft_consensus.cc:669] T 72a9d1f3f42b4264ada6a32da23d5874 P 1bc80c76376544caba9a6c3e0ddbb285 [term 1 FOLLOWER]: Starting election with config: opid_index: -1 peers { permanent_uuid: "1bc80c76376544caba9a6c3e0ddbb285" member_type: VOTER last_known_private_addr { host: "127.0.0.1" port: 9100 } last_known_broadcast_addr { host: "127.0.0.1" port: 9100 } cloud_info { placement_cloud: "cloud1" placement_region: "datacenter1" placement_zone: "rack1" } }
I1029 15:08:02.823452 1912926208 db_impl.cc:2602] T 72a9d1f3f42b4264ada6a32da23d5874 P 1bc80c76376544caba9a6c3e0ddbb285 [R]: SetOptions() on column family [default], inputs: [{disable_auto_compactions, false}]
I1029 15:08:02.823468 1912926208 db_impl.cc:2606] T 72a9d1f3f42b4264ada6a32da23d5874 P 1bc80c76376544caba9a6c3e0ddbb285 [R]: [default] SetOptions succeeded
I1029 15:08:02.823603 1865330688 leader_election.cc:242] T 72a9d1f3f42b4264ada6a32da23d5874 P 1bc80c76376544caba9a6c3e0ddbb285 [CANDIDATE]: Term 1 election: Election decided. Result: candidate won.
I1029 15:08:02.823619 1865330688 raft_consensus.cc:3471] T 72a9d1f3f42b4264ada6a32da23d5874 P 1bc80c76376544caba9a6c3e0ddbb285 [term 1 FOLLOWER]: Snoozing leader timeout detection for 3.151s
I1029 15:08:02.823627 1865330688 raft_consensus.cc:3378] T 72a9d1f3f42b4264ada6a32da23d5874 P 1bc80c76376544caba9a6c3e0ddbb285 [term 1 FOLLOWER]: Leader election won for term 1
I1029 15:08:02.823632 1865330688 replica_state.cc:1168] T 72a9d1f3f42b4264ada6a32da23d5874 P 1bc80c76376544caba9a6c3e0ddbb285 [term 1 FOLLOWER]: Reset our lease: 158674.445s
I1029 15:08:02.823635 1865330688 replica_state.cc:1467] T 72a9d1f3f42b4264ada6a32da23d5874 P 1bc80c76376544caba9a6c3e0ddbb285 [term 1 FOLLOWER]: SetLeaderNoOpCommittedUnlocked(0), committed: 0.0, received: 0.0
I1029 15:08:02.823642 1865330688 consensus_meta.cc:317] T 72a9d1f3f42b4264ada6a32da23d5874 P 1bc80c76376544caba9a6c3e0ddbb285: Updating active role from FOLLOWER to LEADER. Consensus state: current_term: 1 leader_uuid: "1bc80c76376544caba9a6c3e0ddbb285" config { opid_index: -1 peers { permanent_uuid: "1bc80c76376544caba9a6c3e0ddbb285" member_type: VOTER last_known_private_addr { host: "127.0.0.1" port: 9100 } last_known_broadcast_addr { host: "127.0.0.1" port: 9100 } cloud_info { placement_cloud: "cloud1" placement_region: "datacenter1" placement_zone: "rack1" } } }, has_pending_config = 0
I1029 15:08:02.823657 1865330688 raft_consensus.cc:3417] T 72a9d1f3f42b4264ada6a32da23d5874 P 1bc80c76376544caba9a6c3e0ddbb285 [term 1 LEADER]: Calling mark dirty synchronously for reason code NEW_LEADER_ELECTED
I1029 15:08:02.823664 1865330688 raft_consensus.cc:1061] T 72a9d1f3f42b4264ada6a32da23d5874 P 1bc80c76376544caba9a6c3e0ddbb285 [term 1 LEADER]: Becoming Leader. State: Replica: 1bc80c76376544caba9a6c3e0ddbb285, State: 1, Role: LEADER, Watermarks: {Received: 0.0 Committed: 0.0} Leader: 0.0
I1029 15:08:02.823673 1865330688 consensus_queue.cc:254] T 72a9d1f3f42b4264ada6a32da23d5874 P 1bc80c76376544caba9a6c3e0ddbb285 [LEADER]: Queue going to LEADER mode. State: All replicated op: 0.0, Majority replicated op: 0.0, Committed index: 0.0, Last applied: 0.0, Last appended: 0.0, Current term: 1, Majority size: 1, State: QUEUE_OPEN, Mode: LEADER, active raft config: opid_index: -1 peers { permanent_uuid: "1bc80c76376544caba9a6c3e0ddbb285" member_type: VOTER last_known_private_addr { host: "127.0.0.1" port: 9100 } last_known_broadcast_addr { host: "127.0.0.1" port: 9100 } cloud_info { placement_cloud: "cloud1" placement_region: "datacenter1" placement_zone: "rack1" } }
I1029 15:08:02.823684 1865330688 raft_consensus.cc:1079] Sending NO_OP at op 0.0
I1029 15:08:02.823833 1902604288 replica_state.cc:1467] T 72a9d1f3f42b4264ada6a32da23d5874 P 1bc80c76376544caba9a6c3e0ddbb285 [term 1 LEADER]: SetLeaderNoOpCommittedUnlocked(1), committed: 0.0, received: 1.1
I1029 15:08:02.823846 1902604288 replica_state.cc:787] T 72a9d1f3f42b4264ada6a32da23d5874 P 1bc80c76376544caba9a6c3e0ddbb285 [term 1 LEADER]: Advanced the committed_op_id across terms. Last committed operation was: 0.0 New committed index is: 1.1
I1029 15:08:02.823885 1912926208 db_impl.cc:2602] T 72a9d1f3f42b4264ada6a32da23d5874 P 1bc80c76376544caba9a6c3e0ddbb285 [I]: SetOptions() on column family [default], inputs: [{level0_stop_writes_trigger, 2147483647}, {level0_slowdown_writes_trigger, 2147483647}]
I1029 15:08:02.823894 1912926208 db_impl.cc:2606] T 72a9d1f3f42b4264ada6a32da23d5874 P 1bc80c76376544caba9a6c3e0ddbb285 [I]: [default] SetOptions succeeded
I1029 15:08:02.824296 1912926208 db_impl.cc:2602] T 72a9d1f3f42b4264ada6a32da23d5874 P 1bc80c76376544caba9a6c3e0ddbb285 [I]: SetOptions() on column family [default], inputs: [{disable_auto_compactions, false}]
I1029 15:08:02.824302 1912926208 db_impl.cc:2606] T 72a9d1f3f42b4264ada6a32da23d5874 P 1bc80c76376544caba9a6c3e0ddbb285 [I]: [default] SetOptions succeeded
I1029 15:08:02.824312 1912926208 tablet_peer.cc:1426] T 72a9d1f3f42b4264ada6a32da23d5874 P 1bc80c76376544caba9a6c3e0ddbb285 [state=RUNNING]: Registered log gc
I1029 15:08:02.824322 1912926208 ts_tablet_manager.cc:1695] T 72a9d1f3f42b4264ada6a32da23d5874 P 1bc80c76376544caba9a6c3e0ddbb285: Time spent starting tablet: real 0.002s	user 0.001s	sys 0.001s
I1029 15:08:02.824330 1912926208 ts_tablet_manager.cc:3075] Deleted transition in progress creating tablet for tablet 72a9d1f3f42b4264ada6a32da23d5874
I1029 15:08:02.851773 1907191808 table_creator.cc:405] Created index aya_rag_prod.idx_software_versions_name of type PGSQL_TABLE_TYPE
I1029 15:08:03.829598 1887694848 tablet_server.cc:1130] Invalidating the entire PgTableCache cache since catalog version incremented
I1029 15:08:03.970927 1893429248 libpq_utils.cc:281] Connected to PG (host=/tmp/.yb.127.0.0.1:5433 port=5433 dbname='template1' connect_timeout=27 user='postgres' password=<REDACTED>), time taken: 0.054s
I1029 15:08:04.835790 1887694848 tablet_server.cc:1130] Invalidating the entire PgTableCache cache since catalog version incremented
I1029 15:08:04.929376 1893429248 libpq_utils.cc:281] Connected to PG (host=/tmp/.yb.127.0.0.1:5433 port=5433 dbname='template1' connect_timeout=28 user='postgres' password=<REDACTED>), time taken: 0.052s
I1029 15:08:04.950702 1907765248 tablet.cc:2380] Begin BackfillIndexesForYsql at { physical: 1761736084950416 } from <start-of-the-tablet> for [table_id: "0000400000003000800000000000407b" version: 0 is_local: false hash_column_count: 0 range_column_count: 0 is_unique: false indexed_table_id: "0000400000003000800000000000406b" use_mangled_column_name: false index_permissions: INDEX_PERM_WRITE_AND_DELETE backfill_error_message: "" num_rows_processed_by_backfill_job: 0]
I1029 15:08:04.987996 1907765248 libpq_utils.cc:281] Connected to PG (host=/tmp/.yb.127.0.0.1:5433 port=5433 dbname='aya_rag_prod' connect_timeout=58 user='postgres' password=<REDACTED>), time taken: 0.037s
I1029 15:08:04.990952 1902604288 tablet.cc:2108] T 72a9d1f3f42b4264ada6a32da23d5874 P 1bc80c76376544caba9a6c3e0ddbb285: Setting backfill as done. Current schema  Schema [
	0:software_name[string NOT NULL HASH],
	1:ybidxbasectid[binary NOT NULL RANGE_ASC_NULL_FIRST]
]
properties: contain_counters: false is_transactional: true consistency_level: STRONG use_mangled_column_name: false is_ysql_catalog_table: false retain_delete_markers: true partitioning_version: 1
I1029 15:08:04.991216 1865330688 tablet.cc:2138] T 91eefe18600241c28babbd0c66834962 P 1bc80c76376544caba9a6c3e0ddbb285: Alter schema from Schema [
	0:id[int32 NOT NULL HASH],
	1:node_id[int32 NULLABLE VALUE],
	2:software_name[string NULLABLE VALUE],
	3:software_version[string NULLABLE VALUE],
	4:software_architecture[string NULLABLE VALUE],
	5:runtime_mode[string NULLABLE VALUE],
	6:install_path[string NULLABLE VALUE],
	7:executable_path[string NULLABLE VALUE],
	8:compiler[string NULLABLE VALUE],
	9:is_active[bool NULLABLE VALUE],
	10:performance_notes[string NULLABLE VALUE],
	11:metadata[binary NULLABLE VALUE],
	12:installed_at[int64 NULLABLE VALUE],
	13:created_at[int64 NULLABLE VALUE],
	14:updated_at[int64 NULLABLE VALUE]
]
properties: contain_counters: false is_transactional: true consistency_level: STRONG use_mangled_column_name: false is_ysql_catalog_table: false retain_delete_markers: false partitioning_version: 1 version 4 to Schema [
	0:id[int32 NOT NULL HASH],
	1:node_id[int32 NULLABLE VALUE],
	2:software_name[string NULLABLE VALUE],
	3:software_version[string NULLABLE VALUE],
	4:software_architecture[string NULLABLE VALUE],
	5:runtime_mode[string NULLABLE VALUE],
	6:install_path[string NULLABLE VALUE],
	7:executable_path[string NULLABLE VALUE],
	8:compiler[string NULLABLE VALUE],
	9:is_active[bool NULLABLE VALUE],
	10:performance_notes[string NULLABLE VALUE],
	11:metadata[binary NULLABLE VALUE],
	12:installed_at[int64 NULLABLE VALUE],
	13:created_at[int64 NULLABLE VALUE],
	14:updated_at[int64 NULLABLE VALUE]
]
properties: contain_counters: false is_transactional: true consistency_level: STRONG use_mangled_column_name: false is_ysql_catalog_table: false retain_delete_markers: false partitioning_version: 1 version 5
I1029 15:08:04.991250 1865330688 doc_read_context.cc:48] T 91eefe18600241c28babbd0c66834962 P 1bc80c76376544caba9a6c3e0ddbb285: DocReadContext, copy and add: [0, 1, 2, 3, 4, 5], added: 5
I1029 15:08:04.995163 1900310528 client-internal.cc:914] Backfilled index table_id: "0000400000003000800000000000407b"
I1029 15:08:05.001339 1892855808 pg_create_table.cc:97] PgCreateTable: creating a transactional index: aya_rag_prod.idx_software_unique_active/{ database_oid: 16384 object_oid: 16508 }
I1029 15:08:05.001360 1892855808 table_creator.cc:322] Get number of tablet for YSQL user table
I1029 15:08:05.002213 1865330688 tablet.cc:2138] T 91eefe18600241c28babbd0c66834962 P 1bc80c76376544caba9a6c3e0ddbb285: Alter schema from Schema [
	0:id[int32 NOT NULL HASH],
	1:node_id[int32 NULLABLE VALUE],
	2:software_name[string NULLABLE VALUE],
	3:software_version[string NULLABLE VALUE],
	4:software_architecture[string NULLABLE VALUE],
	5:runtime_mode[string NULLABLE VALUE],
	6:install_path[string NULLABLE VALUE],
	7:executable_path[string NULLABLE VALUE],
	8:compiler[string NULLABLE VALUE],
	9:is_active[bool NULLABLE VALUE],
	10:performance_notes[string NULLABLE VALUE],
	11:metadata[binary NULLABLE VALUE],
	12:installed_at[int64 NULLABLE VALUE],
	13:created_at[int64 NULLABLE VALUE],
	14:updated_at[int64 NULLABLE VALUE]
]
properties: contain_counters: false is_transactional: true consistency_level: STRONG use_mangled_column_name: false is_ysql_catalog_table: false retain_delete_markers: false partitioning_version: 1 version 5 to Schema [
	0:id[int32 NOT NULL HASH],
	1:node_id[int32 NULLABLE VALUE],
	2:software_name[string NULLABLE VALUE],
	3:software_version[string NULLABLE VALUE],
	4:software_architecture[string NULLABLE VALUE],
	5:runtime_mode[string NULLABLE VALUE],
	6:install_path[string NULLABLE VALUE],
	7:executable_path[string NULLABLE VALUE],
	8:compiler[string NULLABLE VALUE],
	9:is_active[bool NULLABLE VALUE],
	10:performance_notes[string NULLABLE VALUE],
	11:metadata[binary NULLABLE VALUE],
	12:installed_at[int64 NULLABLE VALUE],
	13:created_at[int64 NULLABLE VALUE],
	14:updated_at[int64 NULLABLE VALUE]
]
properties: contain_counters: false is_transactional: true consistency_level: STRONG use_mangled_column_name: false is_ysql_catalog_table: false retain_delete_markers: false partitioning_version: 1 version 6
I1029 15:08:05.002243 1865330688 doc_read_context.cc:48] T 91eefe18600241c28babbd0c66834962 P 1bc80c76376544caba9a6c3e0ddbb285: DocReadContext, copy and add: [0, 1, 2, 3, 4, 5, 6], added: 6
I1029 15:08:05.002370 1900310528 tablet_service.cc:1458] Processing CreateTablet for T 73d174f57b704ee791464ec7fec551fb P 1bc80c76376544caba9a6c3e0ddbb285 (table=idx_software_unique_active [id=0000400000003000800000000000407c]), partition=hash_split: [0x0000, 0xFFFF]
I1029 15:08:05.002384 1900310528 ts_tablet_manager.cc:2470] Get and update data/wal directory assignment map for table: 0000400000003000800000000000407c and tablet 73d174f57b704ee791464ec7fec551fb
I1029 15:08:05.002828 1900310528 ts_tablet_manager.cc:830] T 73d174f57b704ee791464ec7fec551fb P 1bc80c76376544caba9a6c3e0ddbb285: Created tablet metadata for table: 0000400000003000800000000000407c
I1029 15:08:05.002835 1900310528 consensus_meta.cc:317] T 73d174f57b704ee791464ec7fec551fb P 1bc80c76376544caba9a6c3e0ddbb285: Updating active role from UNKNOWN_ROLE to FOLLOWER. Consensus state: current_term: 0 leader_uuid: "" config { opid_index: -1 peers { permanent_uuid: "1bc80c76376544caba9a6c3e0ddbb285" member_type: VOTER last_known_private_addr { host: "127.0.0.1" port: 9100 } last_known_broadcast_addr { host: "127.0.0.1" port: 9100 } cloud_info { placement_cloud: "cloud1" placement_region: "datacenter1" placement_zone: "rack1" } } }, has_pending_config = 0
I1029 15:08:05.003014 1900310528 ts_tablet_manager.cc:1939] P 1bc80c76376544caba9a6c3e0ddbb285: Registered tablet 73d174f57b704ee791464ec7fec551fb
I1029 15:08:05.003073 1912926208 ts_tablet_manager.cc:1570] T 73d174f57b704ee791464ec7fec551fb P 1bc80c76376544caba9a6c3e0ddbb285: Bootstrapping tablet
I1029 15:08:05.003136 1912926208 consensus_meta.cc:317] T 73d174f57b704ee791464ec7fec551fb P 1bc80c76376544caba9a6c3e0ddbb285: Updating active role from UNKNOWN_ROLE to FOLLOWER. Consensus state: current_term: 0 leader_uuid: "" config { opid_index: -1 peers { permanent_uuid: "1bc80c76376544caba9a6c3e0ddbb285" member_type: VOTER last_known_private_addr { host: "127.0.0.1" port: 9100 } last_known_broadcast_addr { host: "127.0.0.1" port: 9100 } cloud_info { placement_cloud: "cloud1" placement_region: "datacenter1" placement_zone: "rack1" } } }, has_pending_config = 0
I1029 15:08:05.003165 1912926208 retryable_requests.cc:251] Wal dir is not created, skip initializing RetryableRequestsManager for 73d174f57b704ee791464ec7fec551fb
I1029 15:08:05.003175 1912926208 tablet_peer.cc:1545] T 73d174f57b704ee791464ec7fec551fb P 1bc80c76376544caba9a6c3e0ddbb285 [state=BOOTSTRAPPING]: Changed state from NOT_STARTED to BOOTSTRAPPING
I1029 15:08:05.003183 1912926208 tablet_bootstrap_if.cc:96] T 73d174f57b704ee791464ec7fec551fb P 1bc80c76376544caba9a6c3e0ddbb285: Bootstrap starting.
I1029 15:08:05.003198 1912926208 tablet.cc:486] T 73d174f57b704ee791464ec7fec551fb P 1bc80c76376544caba9a6c3e0ddbb285: Schema version for idx_software_unique_active is 0
I1029 15:08:05.003266 1912926208 transaction_participant.cc:164] T 73d174f57b704ee791464ec7fec551fb P 1bc80c76376544caba9a6c3e0ddbb285: Create
I1029 15:08:05.003291 1912926208 docdb_rocksdb_util.cc:616] T 73d174f57b704ee791464ec7fec551fb P 1bc80c76376544caba9a6c3e0ddbb285 [R]: Write buffer size: 134217728
I1029 15:08:05.003309 1912926208 tablet.cc:613] T 73d174f57b704ee791464ec7fec551fb P 1bc80c76376544caba9a6c3e0ddbb285: Creating RocksDB database in dir /Users/arthurdell/var/data/yb-data/tserver/data/rocksdb/table-0000400000003000800000000000407c/tablet-73d174f57b704ee791464ec7fec551fb
I1029 15:08:05.003480 1912926208 tablet.cc:805] Opening RocksDB at: /Users/arthurdell/var/data/yb-data/tserver/data/rocksdb/table-0000400000003000800000000000407c/tablet-73d174f57b704ee791464ec7fec551fb
I1029 15:08:05.003561 1912926208 db_impl.cc:934] T 73d174f57b704ee791464ec7fec551fb P 1bc80c76376544caba9a6c3e0ddbb285 [R]: Creating manifest 1 
I1029 15:08:05.003990 1912926208 version_set.cc:2918] T 73d174f57b704ee791464ec7fec551fb P 1bc80c76376544caba9a6c3e0ddbb285 [R]: Recovered from manifest file:/Users/arthurdell/var/data/yb-data/tserver/data/rocksdb/table-0000400000003000800000000000407c/tablet-73d174f57b704ee791464ec7fec551fb/MANIFEST-000001 succeeded,manifest_file_number is 1, next_file_number is 3, last_sequence is 1125899906842624, log_number is 0,prev_log_number is 0,max_column_family is 0, flushed_values is <NULL>
I1029 15:08:05.003995 1912926208 version_set.cc:2926] T 73d174f57b704ee791464ec7fec551fb P 1bc80c76376544caba9a6c3e0ddbb285 [R]: Column family [default] (ID 0), log number is 0
I1029 15:08:05.004410 1912926208 tablet.cc:820] T 73d174f57b704ee791464ec7fec551fb P 1bc80c76376544caba9a6c3e0ddbb285: Opening intents DB at: /Users/arthurdell/var/data/yb-data/tserver/data/rocksdb/table-0000400000003000800000000000407c/tablet-73d174f57b704ee791464ec7fec551fb.intents
I1029 15:08:05.004485 1912926208 db_impl.cc:934] T 73d174f57b704ee791464ec7fec551fb P 1bc80c76376544caba9a6c3e0ddbb285 [I]: Creating manifest 1 
I1029 15:08:05.004906 1912926208 version_set.cc:2918] T 73d174f57b704ee791464ec7fec551fb P 1bc80c76376544caba9a6c3e0ddbb285 [I]: Recovered from manifest file:/Users/arthurdell/var/data/yb-data/tserver/data/rocksdb/table-0000400000003000800000000000407c/tablet-73d174f57b704ee791464ec7fec551fb.intents/MANIFEST-000001 succeeded,manifest_file_number is 1, next_file_number is 3, last_sequence is 1125899906842624, log_number is 0,prev_log_number is 0,max_column_family is 0, flushed_values is <NULL>
I1029 15:08:05.004915 1912926208 version_set.cc:2926] T 73d174f57b704ee791464ec7fec551fb P 1bc80c76376544caba9a6c3e0ddbb285 [I]: Column family [default] (ID 0), log number is 0
I1029 15:08:05.005354 1915793408 transaction_loader.cc:103] T 73d174f57b704ee791464ec7fec551fb P 1bc80c76376544caba9a6c3e0ddbb285: Load transactions start
I1029 15:08:05.005359 1912926208 tablet.cc:872] T 73d174f57b704ee791464ec7fec551fb P 1bc80c76376544caba9a6c3e0ddbb285: Successfully opened a RocksDB database at /Users/arthurdell/var/data/yb-data/tserver/data/rocksdb/table-0000400000003000800000000000407c/tablet-73d174f57b704ee791464ec7fec551fb, obj: 0x1114c8800
I1029 15:08:05.005370 1915793408 transaction_loader.cc:167] T 73d174f57b704ee791464ec7fec551fb P 1bc80c76376544caba9a6c3e0ddbb285: LoadTransactions done: loaded 0 transactions
I1029 15:08:05.005380 1912926208 tablet_bootstrap.cc:658] T 73d174f57b704ee791464ec7fec551fb P 1bc80c76376544caba9a6c3e0ddbb285: Time spent opening tablet: real 0.002s	user 0.000s	sys 0.002s
I1029 15:08:05.005477 1912926208 tablet_bootstrap.cc:578] T 73d174f57b704ee791464ec7fec551fb P 1bc80c76376544caba9a6c3e0ddbb285: No blocks or log segments found. Creating new log.
I1029 15:08:05.005493 1912926208 log.cc:1369] T 73d174f57b704ee791464ec7fec551fb P 1bc80c76376544caba9a6c3e0ddbb285: Setting log wal retention time to 0 seconds
I1029 15:08:05.005728 1912926208 tablet_bootstrap_if.cc:96] T 73d174f57b704ee791464ec7fec551fb P 1bc80c76376544caba9a6c3e0ddbb285: No bootstrap required, opened a new log
I1029 15:08:05.005735 1912926208 log.cc:1369] T 73d174f57b704ee791464ec7fec551fb P 1bc80c76376544caba9a6c3e0ddbb285: Setting log wal retention time to 0 seconds
I1029 15:08:05.005743 1912926208 ts_tablet_manager.cc:1618] T 73d174f57b704ee791464ec7fec551fb P 1bc80c76376544caba9a6c3e0ddbb285: Time spent bootstrapping tablet: real 0.003s	user 0.001s	sys 0.002s
I1029 15:08:05.005775 1912926208 transaction_participant.cc:254] T 73d174f57b704ee791464ec7fec551fb P 1bc80c76376544caba9a6c3e0ddbb285: Start
I1029 15:08:05.005787 1915793408 transaction_participant.cc:1319] T 73d174f57b704ee791464ec7fec551fb P 1bc80c76376544caba9a6c3e0ddbb285: LoadFinished: starting transaction status resolution
I1029 15:08:05.006218 1912926208 consensus_meta.cc:317] T 73d174f57b704ee791464ec7fec551fb P 1bc80c76376544caba9a6c3e0ddbb285: Updating active role from FOLLOWER to FOLLOWER. Consensus state: current_term: 0 leader_uuid: "" config { opid_index: -1 peers { permanent_uuid: "1bc80c76376544caba9a6c3e0ddbb285" member_type: VOTER last_known_private_addr { host: "127.0.0.1" port: 9100 } last_known_broadcast_addr { host: "127.0.0.1" port: 9100 } cloud_info { placement_cloud: "cloud1" placement_region: "datacenter1" placement_zone: "rack1" } } }, has_pending_config = 0
I1029 15:08:05.006230 1912926208 raft_consensus.cc:483] T 73d174f57b704ee791464ec7fec551fb P 1bc80c76376544caba9a6c3e0ddbb285 [term 0 FOLLOWER]: Replica starting. Triggering 0 pending operations. Active config: opid_index: -1 peers { permanent_uuid: "1bc80c76376544caba9a6c3e0ddbb285" member_type: VOTER last_known_private_addr { host: "127.0.0.1" port: 9100 } last_known_broadcast_addr { host: "127.0.0.1" port: 9100 } cloud_info { placement_cloud: "cloud1" placement_region: "datacenter1" placement_zone: "rack1" } }
I1029 15:08:05.006242 1912926208 raft_consensus.cc:512] T 73d174f57b704ee791464ec7fec551fb P 1bc80c76376544caba9a6c3e0ddbb285 [term 0 FOLLOWER]: Consensus starting up: Expiring fail detector timer to make a prompt election more likely
I1029 15:08:05.006246 1912926208 raft_consensus.cc:1120] T 73d174f57b704ee791464ec7fec551fb P 1bc80c76376544caba9a6c3e0ddbb285 [term 0 FOLLOWER]: Becoming Follower/Learner. State: Replica: 1bc80c76376544caba9a6c3e0ddbb285, State: 1, Role: FOLLOWER, Watermarks: {Received: 0.0 Committed: 0.0} Leader: 0.0, new leader: , initial_fd_wait: <uninitialized>
I1029 15:08:05.006251 1912926208 consensus_meta.cc:317] T 73d174f57b704ee791464ec7fec551fb P 1bc80c76376544caba9a6c3e0ddbb285: Updating active role from FOLLOWER to FOLLOWER. Consensus state: current_term: 0 leader_uuid: "" config { opid_index: -1 peers { permanent_uuid: "1bc80c76376544caba9a6c3e0ddbb285" member_type: VOTER last_known_private_addr { host: "127.0.0.1" port: 9100 } last_known_broadcast_addr { host: "127.0.0.1" port: 9100 } cloud_info { placement_cloud: "cloud1" placement_region: "datacenter1" placement_zone: "rack1" } } }, has_pending_config = 0
I1029 15:08:05.006268 1912926208 consensus_queue.cc:272] T 73d174f57b704ee791464ec7fec551fb P 1bc80c76376544caba9a6c3e0ddbb285 [NON_LEADER]: Queue going to NON_LEADER mode. State: All replicated op: 0.0, Majority replicated op: 0.0, Committed index: 0.0, Last applied: 0.0, Last appended: 0.0, Current term: 0, Majority size: -1, State: QUEUE_OPEN, Mode: NON_LEADER
I1029 15:08:05.006279 1912926208 raft_consensus.cc:3417] T 73d174f57b704ee791464ec7fec551fb P 1bc80c76376544caba9a6c3e0ddbb285 [term 0 FOLLOWER]: Calling mark dirty synchronously for reason code CONSENSUS_STARTED
I1029 15:08:05.006320 1912926208 tablet_peer.cc:1545] T 73d174f57b704ee791464ec7fec551fb P 1bc80c76376544caba9a6c3e0ddbb285 [state=RUNNING]: Changed state from BOOTSTRAPPING to RUNNING
I1029 15:08:05.006587 1910059008 raft_consensus.cc:629] T 73d174f57b704ee791464ec7fec551fb P 1bc80c76376544caba9a6c3e0ddbb285 [term 0 FOLLOWER]: Triggering leader pre-election, mode=ELECT_EVEN_IF_LEADER_IS_ALIVE
I1029 15:08:05.006593 1910059008 raft_consensus.cc:3471] T 73d174f57b704ee791464ec7fec551fb P 1bc80c76376544caba9a6c3e0ddbb285 [term 0 FOLLOWER]: Snoozing leader timeout detection for 3.242s
I1029 15:08:05.006599 1910059008 raft_consensus.cc:669] T 73d174f57b704ee791464ec7fec551fb P 1bc80c76376544caba9a6c3e0ddbb285 [term 0 FOLLOWER]: Starting pre-election with config: opid_index: -1 peers { permanent_uuid: "1bc80c76376544caba9a6c3e0ddbb285" member_type: VOTER last_known_private_addr { host: "127.0.0.1" port: 9100 } last_known_broadcast_addr { host: "127.0.0.1" port: 9100 } cloud_info { placement_cloud: "cloud1" placement_region: "datacenter1" placement_zone: "rack1" } }
I1029 15:08:05.006611 1910059008 leader_election.cc:242] T 73d174f57b704ee791464ec7fec551fb P 1bc80c76376544caba9a6c3e0ddbb285 [CANDIDATE]: Term 1 pre-election: Election decided. Result: candidate won.
I1029 15:08:05.006621 1902604288 raft_consensus.cc:3471] T 73d174f57b704ee791464ec7fec551fb P 1bc80c76376544caba9a6c3e0ddbb285 [term 0 FOLLOWER]: Snoozing leader timeout detection for 3.285s
I1029 15:08:05.006629 1902604288 raft_consensus.cc:3364] T 73d174f57b704ee791464ec7fec551fb P 1bc80c76376544caba9a6c3e0ddbb285 [term 0 FOLLOWER]: Leader pre-election won for term 1
I1029 15:08:05.006633 1902604288 raft_consensus.cc:629] T 73d174f57b704ee791464ec7fec551fb P 1bc80c76376544caba9a6c3e0ddbb285 [term 0 FOLLOWER]: Triggering leader election, mode=ELECT_EVEN_IF_LEADER_IS_ALIVE
I1029 15:08:05.006637 1902604288 raft_consensus.cc:3471] T 73d174f57b704ee791464ec7fec551fb P 1bc80c76376544caba9a6c3e0ddbb285 [term 0 FOLLOWER]: Snoozing leader timeout detection for 3.092s
I1029 15:08:05.006641 1902604288 raft_consensus.cc:3532] T 73d174f57b704ee791464ec7fec551fb P 1bc80c76376544caba9a6c3e0ddbb285 [term 0 FOLLOWER]: Advancing to term 1
I1029 15:08:05.006656 1887694848 tablet_server.cc:1130] Invalidating the entire PgTableCache cache since catalog version incremented
I1029 15:08:05.006672 1912926208 db_impl.cc:2602] T 73d174f57b704ee791464ec7fec551fb P 1bc80c76376544caba9a6c3e0ddbb285 [R]: SetOptions() on column family [default], inputs: [{level0_stop_writes_trigger, 2147483647}, {level0_slowdown_writes_trigger, 2147483647}]
I1029 15:08:05.006677 1912926208 db_impl.cc:2606] T 73d174f57b704ee791464ec7fec551fb P 1bc80c76376544caba9a6c3e0ddbb285 [R]: [default] SetOptions succeeded
I1029 15:08:05.006891 1902604288 consensus_meta.cc:317] T 73d174f57b704ee791464ec7fec551fb P 1bc80c76376544caba9a6c3e0ddbb285: Updating active role from FOLLOWER to FOLLOWER. Consensus state: current_term: 1 leader_uuid: "" config { opid_index: -1 peers { permanent_uuid: "1bc80c76376544caba9a6c3e0ddbb285" member_type: VOTER last_known_private_addr { host: "127.0.0.1" port: 9100 } last_known_broadcast_addr { host: "127.0.0.1" port: 9100 } cloud_info { placement_cloud: "cloud1" placement_region: "datacenter1" placement_zone: "rack1" } } }, has_pending_config = 0
I1029 15:08:05.006902 1902604288 raft_consensus.cc:669] T 73d174f57b704ee791464ec7fec551fb P 1bc80c76376544caba9a6c3e0ddbb285 [term 1 FOLLOWER]: Starting election with config: opid_index: -1 peers { permanent_uuid: "1bc80c76376544caba9a6c3e0ddbb285" member_type: VOTER last_known_private_addr { host: "127.0.0.1" port: 9100 } last_known_broadcast_addr { host: "127.0.0.1" port: 9100 } cloud_info { placement_cloud: "cloud1" placement_region: "datacenter1" placement_zone: "rack1" } }
I1029 15:08:05.007028 1912926208 db_impl.cc:2602] T 73d174f57b704ee791464ec7fec551fb P 1bc80c76376544caba9a6c3e0ddbb285 [R]: SetOptions() on column family [default], inputs: [{disable_auto_compactions, false}]
I1029 15:08:05.007037 1912926208 db_impl.cc:2606] T 73d174f57b704ee791464ec7fec551fb P 1bc80c76376544caba9a6c3e0ddbb285 [R]: [default] SetOptions succeeded
I1029 15:08:05.007103 1902604288 leader_election.cc:242] T 73d174f57b704ee791464ec7fec551fb P 1bc80c76376544caba9a6c3e0ddbb285 [CANDIDATE]: Term 1 election: Election decided. Result: candidate won.
I1029 15:08:05.007112 1902604288 raft_consensus.cc:3471] T 73d174f57b704ee791464ec7fec551fb P 1bc80c76376544caba9a6c3e0ddbb285 [term 1 FOLLOWER]: Snoozing leader timeout detection for 3.205s
I1029 15:08:05.007117 1902604288 raft_consensus.cc:3378] T 73d174f57b704ee791464ec7fec551fb P 1bc80c76376544caba9a6c3e0ddbb285 [term 1 FOLLOWER]: Leader election won for term 1
I1029 15:08:05.007121 1902604288 replica_state.cc:1168] T 73d174f57b704ee791464ec7fec551fb P 1bc80c76376544caba9a6c3e0ddbb285 [term 1 FOLLOWER]: Reset our lease: 158676.628s
I1029 15:08:05.007125 1902604288 replica_state.cc:1467] T 73d174f57b704ee791464ec7fec551fb P 1bc80c76376544caba9a6c3e0ddbb285 [term 1 FOLLOWER]: SetLeaderNoOpCommittedUnlocked(0), committed: 0.0, received: 0.0
I1029 15:08:05.007130 1902604288 consensus_meta.cc:317] T 73d174f57b704ee791464ec7fec551fb P 1bc80c76376544caba9a6c3e0ddbb285: Updating active role from FOLLOWER to LEADER. Consensus state: current_term: 1 leader_uuid: "1bc80c76376544caba9a6c3e0ddbb285" config { opid_index: -1 peers { permanent_uuid: "1bc80c76376544caba9a6c3e0ddbb285" member_type: VOTER last_known_private_addr { host: "127.0.0.1" port: 9100 } last_known_broadcast_addr { host: "127.0.0.1" port: 9100 } cloud_info { placement_cloud: "cloud1" placement_region: "datacenter1" placement_zone: "rack1" } } }, has_pending_config = 0
I1029 15:08:05.007138 1902604288 raft_consensus.cc:3417] T 73d174f57b704ee791464ec7fec551fb P 1bc80c76376544caba9a6c3e0ddbb285 [term 1 LEADER]: Calling mark dirty synchronously for reason code NEW_LEADER_ELECTED
I1029 15:08:05.007143 1902604288 raft_consensus.cc:1061] T 73d174f57b704ee791464ec7fec551fb P 1bc80c76376544caba9a6c3e0ddbb285 [term 1 LEADER]: Becoming Leader. State: Replica: 1bc80c76376544caba9a6c3e0ddbb285, State: 1, Role: LEADER, Watermarks: {Received: 0.0 Committed: 0.0} Leader: 0.0
I1029 15:08:05.007151 1902604288 consensus_queue.cc:254] T 73d174f57b704ee791464ec7fec551fb P 1bc80c76376544caba9a6c3e0ddbb285 [LEADER]: Queue going to LEADER mode. State: All replicated op: 0.0, Majority replicated op: 0.0, Committed index: 0.0, Last applied: 0.0, Last appended: 0.0, Current term: 1, Majority size: 1, State: QUEUE_OPEN, Mode: LEADER, active raft config: opid_index: -1 peers { permanent_uuid: "1bc80c76376544caba9a6c3e0ddbb285" member_type: VOTER last_known_private_addr { host: "127.0.0.1" port: 9100 } last_known_broadcast_addr { host: "127.0.0.1" port: 9100 } cloud_info { placement_cloud: "cloud1" placement_region: "datacenter1" placement_zone: "rack1" } }
I1029 15:08:05.007160 1902604288 raft_consensus.cc:1079] Sending NO_OP at op 0.0
I1029 15:08:05.007288 1865330688 replica_state.cc:1467] T 73d174f57b704ee791464ec7fec551fb P 1bc80c76376544caba9a6c3e0ddbb285 [term 1 LEADER]: SetLeaderNoOpCommittedUnlocked(1), committed: 0.0, received: 1.1
I1029 15:08:05.007295 1865330688 replica_state.cc:787] T 73d174f57b704ee791464ec7fec551fb P 1bc80c76376544caba9a6c3e0ddbb285 [term 1 LEADER]: Advanced the committed_op_id across terms. Last committed operation was: 0.0 New committed index is: 1.1
I1029 15:08:05.007313 1912926208 db_impl.cc:2602] T 73d174f57b704ee791464ec7fec551fb P 1bc80c76376544caba9a6c3e0ddbb285 [I]: SetOptions() on column family [default], inputs: [{level0_stop_writes_trigger, 2147483647}, {level0_slowdown_writes_trigger, 2147483647}]
I1029 15:08:05.007316 1912926208 db_impl.cc:2606] T 73d174f57b704ee791464ec7fec551fb P 1bc80c76376544caba9a6c3e0ddbb285 [I]: [default] SetOptions succeeded
I1029 15:08:05.007607 1912926208 db_impl.cc:2602] T 73d174f57b704ee791464ec7fec551fb P 1bc80c76376544caba9a6c3e0ddbb285 [I]: SetOptions() on column family [default], inputs: [{disable_auto_compactions, false}]
I1029 15:08:05.007612 1912926208 db_impl.cc:2606] T 73d174f57b704ee791464ec7fec551fb P 1bc80c76376544caba9a6c3e0ddbb285 [I]: [default] SetOptions succeeded
I1029 15:08:05.007622 1912926208 tablet_peer.cc:1426] T 73d174f57b704ee791464ec7fec551fb P 1bc80c76376544caba9a6c3e0ddbb285 [state=RUNNING]: Registered log gc
I1029 15:08:05.007629 1912926208 ts_tablet_manager.cc:1695] T 73d174f57b704ee791464ec7fec551fb P 1bc80c76376544caba9a6c3e0ddbb285: Time spent starting tablet: real 0.002s	user 0.001s	sys 0.001s
I1029 15:08:05.007635 1912926208 ts_tablet_manager.cc:3075] Deleted transition in progress creating tablet for tablet 73d174f57b704ee791464ec7fec551fb
I1029 15:08:05.034693 1892855808 table_creator.cc:405] Created index aya_rag_prod.idx_software_unique_active of type PGSQL_TABLE_TYPE
I1029 15:08:06.009724 1887694848 tablet_server.cc:1130] Invalidating the entire PgTableCache cache since catalog version incremented
I1029 15:08:06.131382 1893429248 libpq_utils.cc:281] Connected to PG (host=/tmp/.yb.127.0.0.1:5433 port=5433 dbname='template1' connect_timeout=27 user='postgres' password=<REDACTED>), time taken: 0.040s
I1029 15:08:07.012741 1887694848 tablet_server.cc:1130] Invalidating the entire PgTableCache cache since catalog version incremented
I1029 15:08:07.071883 1893429248 libpq_utils.cc:281] Connected to PG (host=/tmp/.yb.127.0.0.1:5433 port=5433 dbname='template1' connect_timeout=28 user='postgres' password=<REDACTED>), time taken: 0.038s
I1029 15:08:07.092705 1900310528 tablet.cc:2380] Begin BackfillIndexesForYsql at { physical: 1761736087092373 } from <start-of-the-tablet> for [table_id: "0000400000003000800000000000407c" version: 0 is_local: false hash_column_count: 0 range_column_count: 0 is_unique: true indexed_table_id: "0000400000003000800000000000406b" use_mangled_column_name: false index_permissions: INDEX_PERM_WRITE_AND_DELETE backfill_error_message: "" num_rows_processed_by_backfill_job: 0]
I1029 15:08:07.126961 1900310528 libpq_utils.cc:281] Connected to PG (host=/tmp/.yb.127.0.0.1:5433 port=5433 dbname='aya_rag_prod' connect_timeout=58 user='postgres' password=<REDACTED>), time taken: 0.034s
I1029 15:08:07.130344 1865330688 tablet.cc:2108] T 73d174f57b704ee791464ec7fec551fb P 1bc80c76376544caba9a6c3e0ddbb285: Setting backfill as done. Current schema  Schema [
	0:node_id[int32 NOT NULL HASH],
	1:software_name[string NOT NULL RANGE_ASC_NULL_LAST],
	2:ybuniqueidxkeysuffix[binary NOT NULL RANGE_ASC_NULL_FIRST],
	3:ybidxbasectid[binary NULLABLE VALUE]
]
properties: contain_counters: false is_transactional: true consistency_level: STRONG use_mangled_column_name: false is_ysql_catalog_table: false retain_delete_markers: true partitioning_version: 1
I1029 15:08:07.130841 1902604288 tablet.cc:2138] T 91eefe18600241c28babbd0c66834962 P 1bc80c76376544caba9a6c3e0ddbb285: Alter schema from Schema [
	0:id[int32 NOT NULL HASH],
	1:node_id[int32 NULLABLE VALUE],
	2:software_name[string NULLABLE VALUE],
	3:software_version[string NULLABLE VALUE],
	4:software_architecture[string NULLABLE VALUE],
	5:runtime_mode[string NULLABLE VALUE],
	6:install_path[string NULLABLE VALUE],
	7:executable_path[string NULLABLE VALUE],
	8:compiler[string NULLABLE VALUE],
	9:is_active[bool NULLABLE VALUE],
	10:performance_notes[string NULLABLE VALUE],
	11:metadata[binary NULLABLE VALUE],
	12:installed_at[int64 NULLABLE VALUE],
	13:created_at[int64 NULLABLE VALUE],
	14:updated_at[int64 NULLABLE VALUE]
]
properties: contain_counters: false is_transactional: true consistency_level: STRONG use_mangled_column_name: false is_ysql_catalog_table: false retain_delete_markers: false partitioning_version: 1 version 6 to Schema [
	0:id[int32 NOT NULL HASH],
	1:node_id[int32 NULLABLE VALUE],
	2:software_name[string NULLABLE VALUE],
	3:software_version[string NULLABLE VALUE],
	4:software_architecture[string NULLABLE VALUE],
	5:runtime_mode[string NULLABLE VALUE],
	6:install_path[string NULLABLE VALUE],
	7:executable_path[string NULLABLE VALUE],
	8:compiler[string NULLABLE VALUE],
	9:is_active[bool NULLABLE VALUE],
	10:performance_notes[string NULLABLE VALUE],
	11:metadata[binary NULLABLE VALUE],
	12:installed_at[int64 NULLABLE VALUE],
	13:created_at[int64 NULLABLE VALUE],
	14:updated_at[int64 NULLABLE VALUE]
]
properties: contain_counters: false is_transactional: true consistency_level: STRONG use_mangled_column_name: false is_ysql_catalog_table: false retain_delete_markers: false partitioning_version: 1 version 7
I1029 15:08:07.130873 1902604288 doc_read_context.cc:48] T 91eefe18600241c28babbd0c66834962 P 1bc80c76376544caba9a6c3e0ddbb285: DocReadContext, copy and add: [0, 1, 2, 3, 4, 5, 6, 7], added: 7
I1029 15:08:07.131765 1907765248 client-internal.cc:914] Backfilled index table_id: "0000400000003000800000000000407c"
I1029 15:08:07.142666 1895723008 pg_create_table.cc:97] PgCreateTable: creating a transactional table: aya_rag_prod.services/{ database_oid: 16384 object_oid: 16511 }
I1029 15:08:07.142693 1895723008 table_creator.cc:322] Get number of tablet for YSQL user table
I1029 15:08:07.143409 1896296448 tablet_service.cc:1458] Processing CreateTablet for T b2410d97c5b14e838465642320289d1b P 1bc80c76376544caba9a6c3e0ddbb285 (table=services [id=0000400000003000800000000000407f]), partition=hash_split: [0x0000, 0xFFFF]
I1029 15:08:07.143424 1896296448 ts_tablet_manager.cc:2470] Get and update data/wal directory assignment map for table: 0000400000003000800000000000407f and tablet b2410d97c5b14e838465642320289d1b
I1029 15:08:07.143978 1896296448 ts_tablet_manager.cc:830] T b2410d97c5b14e838465642320289d1b P 1bc80c76376544caba9a6c3e0ddbb285: Created tablet metadata for table: 0000400000003000800000000000407f
I1029 15:08:07.143986 1896296448 consensus_meta.cc:317] T b2410d97c5b14e838465642320289d1b P 1bc80c76376544caba9a6c3e0ddbb285: Updating active role from UNKNOWN_ROLE to FOLLOWER. Consensus state: current_term: 0 leader_uuid: "" config { opid_index: -1 peers { permanent_uuid: "1bc80c76376544caba9a6c3e0ddbb285" member_type: VOTER last_known_private_addr { host: "127.0.0.1" port: 9100 } last_known_broadcast_addr { host: "127.0.0.1" port: 9100 } cloud_info { placement_cloud: "cloud1" placement_region: "datacenter1" placement_zone: "rack1" } } }, has_pending_config = 0
I1029 15:08:07.144184 1896296448 ts_tablet_manager.cc:1939] P 1bc80c76376544caba9a6c3e0ddbb285: Registered tablet b2410d97c5b14e838465642320289d1b
I1029 15:08:07.144243 1912926208 ts_tablet_manager.cc:1570] T b2410d97c5b14e838465642320289d1b P 1bc80c76376544caba9a6c3e0ddbb285: Bootstrapping tablet
I1029 15:08:07.144306 1912926208 consensus_meta.cc:317] T b2410d97c5b14e838465642320289d1b P 1bc80c76376544caba9a6c3e0ddbb285: Updating active role from UNKNOWN_ROLE to FOLLOWER. Consensus state: current_term: 0 leader_uuid: "" config { opid_index: -1 peers { permanent_uuid: "1bc80c76376544caba9a6c3e0ddbb285" member_type: VOTER last_known_private_addr { host: "127.0.0.1" port: 9100 } last_known_broadcast_addr { host: "127.0.0.1" port: 9100 } cloud_info { placement_cloud: "cloud1" placement_region: "datacenter1" placement_zone: "rack1" } } }, has_pending_config = 0
I1029 15:08:07.144337 1912926208 retryable_requests.cc:251] Wal dir is not created, skip initializing RetryableRequestsManager for b2410d97c5b14e838465642320289d1b
I1029 15:08:07.144349 1912926208 tablet_peer.cc:1545] T b2410d97c5b14e838465642320289d1b P 1bc80c76376544caba9a6c3e0ddbb285 [state=BOOTSTRAPPING]: Changed state from NOT_STARTED to BOOTSTRAPPING
I1029 15:08:07.144361 1912926208 tablet_bootstrap_if.cc:96] T b2410d97c5b14e838465642320289d1b P 1bc80c76376544caba9a6c3e0ddbb285: Bootstrap starting.
I1029 15:08:07.144375 1912926208 tablet.cc:486] T b2410d97c5b14e838465642320289d1b P 1bc80c76376544caba9a6c3e0ddbb285: Schema version for services is 0
I1029 15:08:07.144444 1912926208 transaction_participant.cc:164] T b2410d97c5b14e838465642320289d1b P 1bc80c76376544caba9a6c3e0ddbb285: Create
I1029 15:08:07.144470 1912926208 docdb_rocksdb_util.cc:616] T b2410d97c5b14e838465642320289d1b P 1bc80c76376544caba9a6c3e0ddbb285 [R]: Write buffer size: 134217728
I1029 15:08:07.144488 1912926208 tablet.cc:613] T b2410d97c5b14e838465642320289d1b P 1bc80c76376544caba9a6c3e0ddbb285: Creating RocksDB database in dir /Users/arthurdell/var/data/yb-data/tserver/data/rocksdb/table-0000400000003000800000000000407f/tablet-b2410d97c5b14e838465642320289d1b
I1029 15:08:07.144658 1912926208 tablet.cc:805] Opening RocksDB at: /Users/arthurdell/var/data/yb-data/tserver/data/rocksdb/table-0000400000003000800000000000407f/tablet-b2410d97c5b14e838465642320289d1b
I1029 15:08:07.144749 1912926208 db_impl.cc:934] T b2410d97c5b14e838465642320289d1b P 1bc80c76376544caba9a6c3e0ddbb285 [R]: Creating manifest 1 
I1029 15:08:07.145195 1912926208 version_set.cc:2918] T b2410d97c5b14e838465642320289d1b P 1bc80c76376544caba9a6c3e0ddbb285 [R]: Recovered from manifest file:/Users/arthurdell/var/data/yb-data/tserver/data/rocksdb/table-0000400000003000800000000000407f/tablet-b2410d97c5b14e838465642320289d1b/MANIFEST-000001 succeeded,manifest_file_number is 1, next_file_number is 3, last_sequence is 1125899906842624, log_number is 0,prev_log_number is 0,max_column_family is 0, flushed_values is <NULL>
I1029 15:08:07.145198 1912926208 version_set.cc:2926] T b2410d97c5b14e838465642320289d1b P 1bc80c76376544caba9a6c3e0ddbb285 [R]: Column family [default] (ID 0), log number is 0
I1029 15:08:07.145601 1912926208 tablet.cc:820] T b2410d97c5b14e838465642320289d1b P 1bc80c76376544caba9a6c3e0ddbb285: Opening intents DB at: /Users/arthurdell/var/data/yb-data/tserver/data/rocksdb/table-0000400000003000800000000000407f/tablet-b2410d97c5b14e838465642320289d1b.intents
I1029 15:08:07.145675 1912926208 db_impl.cc:934] T b2410d97c5b14e838465642320289d1b P 1bc80c76376544caba9a6c3e0ddbb285 [I]: Creating manifest 1 
I1029 15:08:07.146055 1912926208 version_set.cc:2918] T b2410d97c5b14e838465642320289d1b P 1bc80c76376544caba9a6c3e0ddbb285 [I]: Recovered from manifest file:/Users/arthurdell/var/data/yb-data/tserver/data/rocksdb/table-0000400000003000800000000000407f/tablet-b2410d97c5b14e838465642320289d1b.intents/MANIFEST-000001 succeeded,manifest_file_number is 1, next_file_number is 3, last_sequence is 1125899906842624, log_number is 0,prev_log_number is 0,max_column_family is 0, flushed_values is <NULL>
I1029 15:08:07.146059 1912926208 version_set.cc:2926] T b2410d97c5b14e838465642320289d1b P 1bc80c76376544caba9a6c3e0ddbb285 [I]: Column family [default] (ID 0), log number is 0
I1029 15:08:07.146487 1912926208 tablet.cc:872] T b2410d97c5b14e838465642320289d1b P 1bc80c76376544caba9a6c3e0ddbb285: Successfully opened a RocksDB database at /Users/arthurdell/var/data/yb-data/tserver/data/rocksdb/table-0000400000003000800000000000407f/tablet-b2410d97c5b14e838465642320289d1b, obj: 0x11268ca00
I1029 15:08:07.146487 1933570048 transaction_loader.cc:103] T b2410d97c5b14e838465642320289d1b P 1bc80c76376544caba9a6c3e0ddbb285: Load transactions start
I1029 15:08:07.146502 1912926208 tablet_bootstrap.cc:658] T b2410d97c5b14e838465642320289d1b P 1bc80c76376544caba9a6c3e0ddbb285: Time spent opening tablet: real 0.002s	user 0.000s	sys 0.002s
I1029 15:08:07.146510 1933570048 transaction_loader.cc:167] T b2410d97c5b14e838465642320289d1b P 1bc80c76376544caba9a6c3e0ddbb285: LoadTransactions done: loaded 0 transactions
I1029 15:08:07.146617 1912926208 tablet_bootstrap.cc:578] T b2410d97c5b14e838465642320289d1b P 1bc80c76376544caba9a6c3e0ddbb285: No blocks or log segments found. Creating new log.
I1029 15:08:07.146634 1912926208 log.cc:1369] T b2410d97c5b14e838465642320289d1b P 1bc80c76376544caba9a6c3e0ddbb285: Setting log wal retention time to 0 seconds
I1029 15:08:07.146893 1912926208 tablet_bootstrap_if.cc:96] T b2410d97c5b14e838465642320289d1b P 1bc80c76376544caba9a6c3e0ddbb285: No bootstrap required, opened a new log
I1029 15:08:07.146899 1912926208 log.cc:1369] T b2410d97c5b14e838465642320289d1b P 1bc80c76376544caba9a6c3e0ddbb285: Setting log wal retention time to 0 seconds
I1029 15:08:07.146907 1912926208 ts_tablet_manager.cc:1618] T b2410d97c5b14e838465642320289d1b P 1bc80c76376544caba9a6c3e0ddbb285: Time spent bootstrapping tablet: real 0.003s	user 0.001s	sys 0.002s
I1029 15:08:07.146940 1912926208 transaction_participant.cc:254] T b2410d97c5b14e838465642320289d1b P 1bc80c76376544caba9a6c3e0ddbb285: Start
I1029 15:08:07.146948 1933570048 transaction_participant.cc:1319] T b2410d97c5b14e838465642320289d1b P 1bc80c76376544caba9a6c3e0ddbb285: LoadFinished: starting transaction status resolution
I1029 15:08:07.147401 1912926208 consensus_meta.cc:317] T b2410d97c5b14e838465642320289d1b P 1bc80c76376544caba9a6c3e0ddbb285: Updating active role from FOLLOWER to FOLLOWER. Consensus state: current_term: 0 leader_uuid: "" config { opid_index: -1 peers { permanent_uuid: "1bc80c76376544caba9a6c3e0ddbb285" member_type: VOTER last_known_private_addr { host: "127.0.0.1" port: 9100 } last_known_broadcast_addr { host: "127.0.0.1" port: 9100 } cloud_info { placement_cloud: "cloud1" placement_region: "datacenter1" placement_zone: "rack1" } } }, has_pending_config = 0
I1029 15:08:07.147414 1912926208 raft_consensus.cc:483] T b2410d97c5b14e838465642320289d1b P 1bc80c76376544caba9a6c3e0ddbb285 [term 0 FOLLOWER]: Replica starting. Triggering 0 pending operations. Active config: opid_index: -1 peers { permanent_uuid: "1bc80c76376544caba9a6c3e0ddbb285" member_type: VOTER last_known_private_addr { host: "127.0.0.1" port: 9100 } last_known_broadcast_addr { host: "127.0.0.1" port: 9100 } cloud_info { placement_cloud: "cloud1" placement_region: "datacenter1" placement_zone: "rack1" } }
I1029 15:08:07.147423 1912926208 raft_consensus.cc:512] T b2410d97c5b14e838465642320289d1b P 1bc80c76376544caba9a6c3e0ddbb285 [term 0 FOLLOWER]: Consensus starting up: Expiring fail detector timer to make a prompt election more likely
I1029 15:08:07.147428 1912926208 raft_consensus.cc:1120] T b2410d97c5b14e838465642320289d1b P 1bc80c76376544caba9a6c3e0ddbb285 [term 0 FOLLOWER]: Becoming Follower/Learner. State: Replica: 1bc80c76376544caba9a6c3e0ddbb285, State: 1, Role: FOLLOWER, Watermarks: {Received: 0.0 Committed: 0.0} Leader: 0.0, new leader: , initial_fd_wait: <uninitialized>
