I1029 15:07:34.581140 1908338688 consensus_meta.cc:317] T 3d530661228d49d8abed5813b304d5f0 P 1bc80c76376544caba9a6c3e0ddbb285: Updating active role from FOLLOWER to LEADER. Consensus state: current_term: 1 leader_uuid: "1bc80c76376544caba9a6c3e0ddbb285" config { opid_index: -1 peers { permanent_uuid: "1bc80c76376544caba9a6c3e0ddbb285" member_type: VOTER last_known_private_addr { host: "127.0.0.1" port: 9100 } last_known_broadcast_addr { host: "127.0.0.1" port: 9100 } cloud_info { placement_cloud: "cloud1" placement_region: "datacenter1" placement_zone: "rack1" } } }, has_pending_config = 0
I1029 15:07:34.581147 1908338688 raft_consensus.cc:3417] T 3d530661228d49d8abed5813b304d5f0 P 1bc80c76376544caba9a6c3e0ddbb285 [term 1 LEADER]: Calling mark dirty synchronously for reason code NEW_LEADER_ELECTED
I1029 15:07:34.581153 1908338688 raft_consensus.cc:1061] T 3d530661228d49d8abed5813b304d5f0 P 1bc80c76376544caba9a6c3e0ddbb285 [term 1 LEADER]: Becoming Leader. State: Replica: 1bc80c76376544caba9a6c3e0ddbb285, State: 1, Role: LEADER, Watermarks: {Received: 0.0 Committed: 0.0} Leader: 0.0
I1029 15:07:34.581162 1908338688 consensus_queue.cc:254] T 3d530661228d49d8abed5813b304d5f0 P 1bc80c76376544caba9a6c3e0ddbb285 [LEADER]: Queue going to LEADER mode. State: All replicated op: 0.0, Majority replicated op: 0.0, Committed index: 0.0, Last applied: 0.0, Last appended: 0.0, Current term: 1, Majority size: 1, State: QUEUE_OPEN, Mode: LEADER, active raft config: opid_index: -1 peers { permanent_uuid: "1bc80c76376544caba9a6c3e0ddbb285" member_type: VOTER last_known_private_addr { host: "127.0.0.1" port: 9100 } last_known_broadcast_addr { host: "127.0.0.1" port: 9100 } cloud_info { placement_cloud: "cloud1" placement_region: "datacenter1" placement_zone: "rack1" } }
I1029 15:07:34.581172 1908338688 raft_consensus.cc:1079] Sending NO_OP at op 0.0
I1029 15:07:34.581298 1865330688 replica_state.cc:1467] T 3d530661228d49d8abed5813b304d5f0 P 1bc80c76376544caba9a6c3e0ddbb285 [term 1 LEADER]: SetLeaderNoOpCommittedUnlocked(1), committed: 0.0, received: 1.1
I1029 15:07:34.581308 1865330688 replica_state.cc:787] T 3d530661228d49d8abed5813b304d5f0 P 1bc80c76376544caba9a6c3e0ddbb285 [term 1 LEADER]: Advanced the committed_op_id across terms. Last committed operation was: 0.0 New committed index is: 1.1
I1029 15:07:34.581413 1902604288 db_impl.cc:2602] T 3d530661228d49d8abed5813b304d5f0 P 1bc80c76376544caba9a6c3e0ddbb285 [I]: SetOptions() on column family [default], inputs: [{level0_stop_writes_trigger, 2147483647}, {level0_slowdown_writes_trigger, 2147483647}]
I1029 15:07:34.581418 1902604288 db_impl.cc:2606] T 3d530661228d49d8abed5813b304d5f0 P 1bc80c76376544caba9a6c3e0ddbb285 [I]: [default] SetOptions succeeded
I1029 15:07:34.581727 1902604288 db_impl.cc:2602] T 3d530661228d49d8abed5813b304d5f0 P 1bc80c76376544caba9a6c3e0ddbb285 [I]: SetOptions() on column family [default], inputs: [{disable_auto_compactions, false}]
I1029 15:07:34.581733 1902604288 db_impl.cc:2606] T 3d530661228d49d8abed5813b304d5f0 P 1bc80c76376544caba9a6c3e0ddbb285 [I]: [default] SetOptions succeeded
I1029 15:07:34.581743 1902604288 tablet_peer.cc:1426] T 3d530661228d49d8abed5813b304d5f0 P 1bc80c76376544caba9a6c3e0ddbb285 [state=RUNNING]: Registered log gc
I1029 15:07:34.581751 1902604288 ts_tablet_manager.cc:1695] T 3d530661228d49d8abed5813b304d5f0 P 1bc80c76376544caba9a6c3e0ddbb285: Time spent starting tablet: real 0.002s	user 0.001s	sys 0.001s
I1029 15:07:34.581758 1902604288 ts_tablet_manager.cc:3075] Deleted transition in progress creating tablet for tablet 3d530661228d49d8abed5813b304d5f0
I1029 15:07:34.634011 1894576128 table_creator.cc:405] Created index aya_rag_prod.idx_system_nodes_status of type PGSQL_TABLE_TYPE
I1029 15:07:34.976298 1876799488 reactor.cc:590] TabletServer_R007: DEBUG: Closing idle connection: Connection (0x00000001111c18d8) server 127.0.0.1:57399 => 127.0.0.1:9100 - it has been idle for 65.1006s
I1029 15:07:35.582685 1887694848 tablet_server.cc:1130] Invalidating the entire PgTableCache cache since catalog version incremented
I1029 15:07:35.646445 1896296448 libpq_utils.cc:281] Connected to PG (host=/tmp/.yb.127.0.0.1:5433 port=5433 dbname='template1' connect_timeout=28 user='postgres' password=<REDACTED>), time taken: 0.051s
I1029 15:07:36.585379 1887694848 tablet_server.cc:1130] Invalidating the entire PgTableCache cache since catalog version incremented
I1029 15:07:36.700780 1896296448 libpq_utils.cc:281] Connected to PG (host=/tmp/.yb.127.0.0.1:5433 port=5433 dbname='template1' connect_timeout=28 user='postgres' password=<REDACTED>), time taken: 0.055s
I1029 15:07:36.723716 1907191808 tablet.cc:2380] Begin BackfillIndexesForYsql at { physical: 1761736056723142 } from <start-of-the-tablet> for [table_id: "00004000000030008000000000004054" version: 0 is_local: false hash_column_count: 0 range_column_count: 0 is_unique: false indexed_table_id: "00004000000030008000000000004047" use_mangled_column_name: false index_permissions: INDEX_PERM_WRITE_AND_DELETE backfill_error_message: "" num_rows_processed_by_backfill_job: 0]
I1029 15:07:36.757054 1907191808 libpq_utils.cc:281] Connected to PG (host=/tmp/.yb.127.0.0.1:5433 port=5433 dbname='aya_rag_prod' connect_timeout=58 user='postgres' password=<REDACTED>), time taken: 0.033s
I1029 15:07:36.759696 1865330688 tablet.cc:2108] T 3d530661228d49d8abed5813b304d5f0 P 1bc80c76376544caba9a6c3e0ddbb285: Setting backfill as done. Current schema  Schema [
	0:status[string NOT NULL HASH],
	1:ybidxbasectid[binary NOT NULL RANGE_ASC_NULL_FIRST]
]
properties: contain_counters: false is_transactional: true consistency_level: STRONG use_mangled_column_name: false is_ysql_catalog_table: false retain_delete_markers: true partitioning_version: 1
I1029 15:07:36.760087 1902604288 tablet.cc:2138] T 053c2504078c40ce9241c8c319049998 P 1bc80c76376544caba9a6c3e0ddbb285: Alter schema from Schema [
	0:id[int32 NOT NULL HASH],
	1:node_name[string NULLABLE VALUE],
	2:node_role[string NULLABLE VALUE],
	3:model_name[string NULLABLE VALUE],
	4:model_identifier[string NULLABLE VALUE],
	5:model_number[string NULLABLE VALUE],
	6:serial_number[string NULLABLE VALUE],
	7:hardware_uuid[binary NULLABLE VALUE],
	8:cpu_model[string NULLABLE VALUE],
	9:cpu_architecture[string NULLABLE VALUE],
	10:cpu_cores_total[int32 NULLABLE VALUE],
	11:cpu_cores_performance[int32 NULLABLE VALUE],
	12:cpu_cores_efficiency[int32 NULLABLE VALUE],
	13:cpu_l1_cache_kb[int32 NULLABLE VALUE],
	14:cpu_l2_cache_mb[int32 NULLABLE VALUE],
	15:gpu_model[string NULLABLE VALUE],
	16:gpu_cores[int32 NULLABLE VALUE],
	17:gpu_metal_version[string NULLABLE VALUE],
	18:gpu_compute_tflops[decimal NULLABLE VALUE],
	19:ram_gb[int32 NULLABLE VALUE],
	20:ram_type[string NULLABLE VALUE],
	21:ram_manufacturer[string NULLABLE VALUE],
	22:ram_bandwidth_gbps[int32 NULLABLE VALUE],
	23:storage_internal_tb[int32 NULLABLE VALUE],
	24:storage_internal_type[string NULLABLE VALUE],
	25:storage_internal_device[string NULLABLE VALUE],
	26:storage_external_tb[int32 NULLABLE VALUE],
	27:storage_external_device[string NULLABLE VALUE],
	28:os_name[string NULLABLE VALUE],
	29:os_version[string NULLABLE VALUE],
	30:os_build[string NULLABLE VALUE],
	31:kernel_version[string NULLABLE VALUE],
	32:status[string NULLABLE VALUE],
	33:last_verified[int64 NULLABLE VALUE],
	34:metadata[binary NULLABLE VALUE],
	35:created_at[int64 NULLABLE VALUE],
	36:updated_at[int64 NULLABLE VALUE]
]
properties: contain_counters: false is_transactional: true consistency_level: STRONG use_mangled_column_name: false is_ysql_catalog_table: false retain_delete_markers: false partitioning_version: 1 version 4 to Schema [
	0:id[int32 NOT NULL HASH],
	1:node_name[string NULLABLE VALUE],
	2:node_role[string NULLABLE VALUE],
	3:model_name[string NULLABLE VALUE],
	4:model_identifier[string NULLABLE VALUE],
	5:model_number[string NULLABLE VALUE],
	6:serial_number[string NULLABLE VALUE],
	7:hardware_uuid[binary NULLABLE VALUE],
	8:cpu_model[string NULLABLE VALUE],
	9:cpu_architecture[string NULLABLE VALUE],
	10:cpu_cores_total[int32 NULLABLE VALUE],
	11:cpu_cores_performance[int32 NULLABLE VALUE],
	12:cpu_cores_efficiency[int32 NULLABLE VALUE],
	13:cpu_l1_cache_kb[int32 NULLABLE VALUE],
	14:cpu_l2_cache_mb[int32 NULLABLE VALUE],
	15:gpu_model[string NULLABLE VALUE],
	16:gpu_cores[int32 NULLABLE VALUE],
	17:gpu_metal_version[string NULLABLE VALUE],
	18:gpu_compute_tflops[decimal NULLABLE VALUE],
	19:ram_gb[int32 NULLABLE VALUE],
	20:ram_type[string NULLABLE VALUE],
	21:ram_manufacturer[string NULLABLE VALUE],
	22:ram_bandwidth_gbps[int32 NULLABLE VALUE],
	23:storage_internal_tb[int32 NULLABLE VALUE],
	24:storage_internal_type[string NULLABLE VALUE],
	25:storage_internal_device[string NULLABLE VALUE],
	26:storage_external_tb[int32 NULLABLE VALUE],
	27:storage_external_device[string NULLABLE VALUE],
	28:os_name[string NULLABLE VALUE],
	29:os_version[string NULLABLE VALUE],
	30:os_build[string NULLABLE VALUE],
	31:kernel_version[string NULLABLE VALUE],
	32:status[string NULLABLE VALUE],
	33:last_verified[int64 NULLABLE VALUE],
	34:metadata[binary NULLABLE VALUE],
	35:created_at[int64 NULLABLE VALUE],
	36:updated_at[int64 NULLABLE VALUE]
]
properties: contain_counters: false is_transactional: true consistency_level: STRONG use_mangled_column_name: false is_ysql_catalog_table: false retain_delete_markers: false partitioning_version: 1 version 5
I1029 15:07:36.760135 1902604288 doc_read_context.cc:48] T 053c2504078c40ce9241c8c319049998 P 1bc80c76376544caba9a6c3e0ddbb285: DocReadContext, copy and add: [0, 1, 2, 3, 4, 5], added: 5
I1029 15:07:36.764524 1891708928 client-internal.cc:914] Backfilled index table_id: "00004000000030008000000000004054"
I1029 15:07:36.777179 1907191808 pg_create_table.cc:97] PgCreateTable: creating a transactional table: aya_rag_prod.network_interfaces/{ database_oid: 16384 object_oid: 16471 }
I1029 15:07:36.777207 1907191808 table_creator.cc:322] Get number of tablet for YSQL user table
I1029 15:07:36.777981 1894002688 tablet_service.cc:1458] Processing CreateTablet for T c25cf91ddb744d6a8650afd9956b0293 P 1bc80c76376544caba9a6c3e0ddbb285 (table=network_interfaces [id=00004000000030008000000000004057]), partition=hash_split: [0x0000, 0xFFFF]
I1029 15:07:36.777997 1894002688 ts_tablet_manager.cc:2470] Get and update data/wal directory assignment map for table: 00004000000030008000000000004057 and tablet c25cf91ddb744d6a8650afd9956b0293
I1029 15:07:36.778497 1894002688 ts_tablet_manager.cc:830] T c25cf91ddb744d6a8650afd9956b0293 P 1bc80c76376544caba9a6c3e0ddbb285: Created tablet metadata for table: 00004000000030008000000000004057
I1029 15:07:36.778504 1894002688 consensus_meta.cc:317] T c25cf91ddb744d6a8650afd9956b0293 P 1bc80c76376544caba9a6c3e0ddbb285: Updating active role from UNKNOWN_ROLE to FOLLOWER. Consensus state: current_term: 0 leader_uuid: "" config { opid_index: -1 peers { permanent_uuid: "1bc80c76376544caba9a6c3e0ddbb285" member_type: VOTER last_known_private_addr { host: "127.0.0.1" port: 9100 } last_known_broadcast_addr { host: "127.0.0.1" port: 9100 } cloud_info { placement_cloud: "cloud1" placement_region: "datacenter1" placement_zone: "rack1" } } }, has_pending_config = 0
I1029 15:07:36.778677 1894002688 ts_tablet_manager.cc:1939] P 1bc80c76376544caba9a6c3e0ddbb285: Registered tablet c25cf91ddb744d6a8650afd9956b0293
I1029 15:07:36.778724 1905471488 ts_tablet_manager.cc:1570] T c25cf91ddb744d6a8650afd9956b0293 P 1bc80c76376544caba9a6c3e0ddbb285: Bootstrapping tablet
I1029 15:07:36.778784 1905471488 consensus_meta.cc:317] T c25cf91ddb744d6a8650afd9956b0293 P 1bc80c76376544caba9a6c3e0ddbb285: Updating active role from UNKNOWN_ROLE to FOLLOWER. Consensus state: current_term: 0 leader_uuid: "" config { opid_index: -1 peers { permanent_uuid: "1bc80c76376544caba9a6c3e0ddbb285" member_type: VOTER last_known_private_addr { host: "127.0.0.1" port: 9100 } last_known_broadcast_addr { host: "127.0.0.1" port: 9100 } cloud_info { placement_cloud: "cloud1" placement_region: "datacenter1" placement_zone: "rack1" } } }, has_pending_config = 0
I1029 15:07:36.778812 1905471488 retryable_requests.cc:251] Wal dir is not created, skip initializing RetryableRequestsManager for c25cf91ddb744d6a8650afd9956b0293
I1029 15:07:36.778822 1905471488 tablet_peer.cc:1545] T c25cf91ddb744d6a8650afd9956b0293 P 1bc80c76376544caba9a6c3e0ddbb285 [state=BOOTSTRAPPING]: Changed state from NOT_STARTED to BOOTSTRAPPING
I1029 15:07:36.778832 1905471488 tablet_bootstrap_if.cc:96] T c25cf91ddb744d6a8650afd9956b0293 P 1bc80c76376544caba9a6c3e0ddbb285: Bootstrap starting.
I1029 15:07:36.778849 1905471488 tablet.cc:486] T c25cf91ddb744d6a8650afd9956b0293 P 1bc80c76376544caba9a6c3e0ddbb285: Schema version for network_interfaces is 0
I1029 15:07:36.778915 1905471488 transaction_participant.cc:164] T c25cf91ddb744d6a8650afd9956b0293 P 1bc80c76376544caba9a6c3e0ddbb285: Create
I1029 15:07:36.778939 1905471488 docdb_rocksdb_util.cc:616] T c25cf91ddb744d6a8650afd9956b0293 P 1bc80c76376544caba9a6c3e0ddbb285 [R]: Write buffer size: 134217728
I1029 15:07:36.778957 1905471488 tablet.cc:613] T c25cf91ddb744d6a8650afd9956b0293 P 1bc80c76376544caba9a6c3e0ddbb285: Creating RocksDB database in dir /Users/arthurdell/var/data/yb-data/tserver/data/rocksdb/table-00004000000030008000000000004057/tablet-c25cf91ddb744d6a8650afd9956b0293
I1029 15:07:36.779139 1905471488 tablet.cc:805] Opening RocksDB at: /Users/arthurdell/var/data/yb-data/tserver/data/rocksdb/table-00004000000030008000000000004057/tablet-c25cf91ddb744d6a8650afd9956b0293
I1029 15:07:36.779222 1905471488 db_impl.cc:934] T c25cf91ddb744d6a8650afd9956b0293 P 1bc80c76376544caba9a6c3e0ddbb285 [R]: Creating manifest 1 
I1029 15:07:36.779661 1905471488 version_set.cc:2918] T c25cf91ddb744d6a8650afd9956b0293 P 1bc80c76376544caba9a6c3e0ddbb285 [R]: Recovered from manifest file:/Users/arthurdell/var/data/yb-data/tserver/data/rocksdb/table-00004000000030008000000000004057/tablet-c25cf91ddb744d6a8650afd9956b0293/MANIFEST-000001 succeeded,manifest_file_number is 1, next_file_number is 3, last_sequence is 1125899906842624, log_number is 0,prev_log_number is 0,max_column_family is 0, flushed_values is <NULL>
I1029 15:07:36.779666 1905471488 version_set.cc:2926] T c25cf91ddb744d6a8650afd9956b0293 P 1bc80c76376544caba9a6c3e0ddbb285 [R]: Column family [default] (ID 0), log number is 0
I1029 15:07:36.780063 1905471488 tablet.cc:820] T c25cf91ddb744d6a8650afd9956b0293 P 1bc80c76376544caba9a6c3e0ddbb285: Opening intents DB at: /Users/arthurdell/var/data/yb-data/tserver/data/rocksdb/table-00004000000030008000000000004057/tablet-c25cf91ddb744d6a8650afd9956b0293.intents
I1029 15:07:36.780138 1905471488 db_impl.cc:934] T c25cf91ddb744d6a8650afd9956b0293 P 1bc80c76376544caba9a6c3e0ddbb285 [I]: Creating manifest 1 
I1029 15:07:36.780481 1905471488 version_set.cc:2918] T c25cf91ddb744d6a8650afd9956b0293 P 1bc80c76376544caba9a6c3e0ddbb285 [I]: Recovered from manifest file:/Users/arthurdell/var/data/yb-data/tserver/data/rocksdb/table-00004000000030008000000000004057/tablet-c25cf91ddb744d6a8650afd9956b0293.intents/MANIFEST-000001 succeeded,manifest_file_number is 1, next_file_number is 3, last_sequence is 1125899906842624, log_number is 0,prev_log_number is 0,max_column_family is 0, flushed_values is <NULL>
I1029 15:07:36.780485 1905471488 version_set.cc:2926] T c25cf91ddb744d6a8650afd9956b0293 P 1bc80c76376544caba9a6c3e0ddbb285 [I]: Column family [default] (ID 0), log number is 0
I1029 15:07:36.780869 1908338688 transaction_loader.cc:103] T c25cf91ddb744d6a8650afd9956b0293 P 1bc80c76376544caba9a6c3e0ddbb285: Load transactions start
I1029 15:07:36.780870 1905471488 tablet.cc:872] T c25cf91ddb744d6a8650afd9956b0293 P 1bc80c76376544caba9a6c3e0ddbb285: Successfully opened a RocksDB database at /Users/arthurdell/var/data/yb-data/tserver/data/rocksdb/table-00004000000030008000000000004057/tablet-c25cf91ddb744d6a8650afd9956b0293, obj: 0x110845200
I1029 15:07:36.780880 1908338688 transaction_loader.cc:167] T c25cf91ddb744d6a8650afd9956b0293 P 1bc80c76376544caba9a6c3e0ddbb285: LoadTransactions done: loaded 0 transactions
I1029 15:07:36.780889 1905471488 tablet_bootstrap.cc:658] T c25cf91ddb744d6a8650afd9956b0293 P 1bc80c76376544caba9a6c3e0ddbb285: Time spent opening tablet: real 0.002s	user 0.000s	sys 0.001s
I1029 15:07:36.780993 1905471488 tablet_bootstrap.cc:578] T c25cf91ddb744d6a8650afd9956b0293 P 1bc80c76376544caba9a6c3e0ddbb285: No blocks or log segments found. Creating new log.
I1029 15:07:36.781008 1905471488 log.cc:1369] T c25cf91ddb744d6a8650afd9956b0293 P 1bc80c76376544caba9a6c3e0ddbb285: Setting log wal retention time to 0 seconds
I1029 15:07:36.781214 1905471488 tablet_bootstrap_if.cc:96] T c25cf91ddb744d6a8650afd9956b0293 P 1bc80c76376544caba9a6c3e0ddbb285: No bootstrap required, opened a new log
I1029 15:07:36.781221 1905471488 log.cc:1369] T c25cf91ddb744d6a8650afd9956b0293 P 1bc80c76376544caba9a6c3e0ddbb285: Setting log wal retention time to 0 seconds
I1029 15:07:36.781229 1905471488 ts_tablet_manager.cc:1618] T c25cf91ddb744d6a8650afd9956b0293 P 1bc80c76376544caba9a6c3e0ddbb285: Time spent bootstrapping tablet: real 0.002s	user 0.001s	sys 0.002s
I1029 15:07:36.781257 1905471488 transaction_participant.cc:254] T c25cf91ddb744d6a8650afd9956b0293 P 1bc80c76376544caba9a6c3e0ddbb285: Start
I1029 15:07:36.781270 1908338688 transaction_participant.cc:1319] T c25cf91ddb744d6a8650afd9956b0293 P 1bc80c76376544caba9a6c3e0ddbb285: LoadFinished: starting transaction status resolution
I1029 15:07:36.781649 1905471488 consensus_meta.cc:317] T c25cf91ddb744d6a8650afd9956b0293 P 1bc80c76376544caba9a6c3e0ddbb285: Updating active role from FOLLOWER to FOLLOWER. Consensus state: current_term: 0 leader_uuid: "" config { opid_index: -1 peers { permanent_uuid: "1bc80c76376544caba9a6c3e0ddbb285" member_type: VOTER last_known_private_addr { host: "127.0.0.1" port: 9100 } last_known_broadcast_addr { host: "127.0.0.1" port: 9100 } cloud_info { placement_cloud: "cloud1" placement_region: "datacenter1" placement_zone: "rack1" } } }, has_pending_config = 0
I1029 15:07:36.781659 1905471488 raft_consensus.cc:483] T c25cf91ddb744d6a8650afd9956b0293 P 1bc80c76376544caba9a6c3e0ddbb285 [term 0 FOLLOWER]: Replica starting. Triggering 0 pending operations. Active config: opid_index: -1 peers { permanent_uuid: "1bc80c76376544caba9a6c3e0ddbb285" member_type: VOTER last_known_private_addr { host: "127.0.0.1" port: 9100 } last_known_broadcast_addr { host: "127.0.0.1" port: 9100 } cloud_info { placement_cloud: "cloud1" placement_region: "datacenter1" placement_zone: "rack1" } }
I1029 15:07:36.781667 1905471488 raft_consensus.cc:512] T c25cf91ddb744d6a8650afd9956b0293 P 1bc80c76376544caba9a6c3e0ddbb285 [term 0 FOLLOWER]: Consensus starting up: Expiring fail detector timer to make a prompt election more likely
I1029 15:07:36.781670 1905471488 raft_consensus.cc:1120] T c25cf91ddb744d6a8650afd9956b0293 P 1bc80c76376544caba9a6c3e0ddbb285 [term 0 FOLLOWER]: Becoming Follower/Learner. State: Replica: 1bc80c76376544caba9a6c3e0ddbb285, State: 1, Role: FOLLOWER, Watermarks: {Received: 0.0 Committed: 0.0} Leader: 0.0, new leader: , initial_fd_wait: <uninitialized>
I1029 15:07:36.781675 1905471488 consensus_meta.cc:317] T c25cf91ddb744d6a8650afd9956b0293 P 1bc80c76376544caba9a6c3e0ddbb285: Updating active role from FOLLOWER to FOLLOWER. Consensus state: current_term: 0 leader_uuid: "" config { opid_index: -1 peers { permanent_uuid: "1bc80c76376544caba9a6c3e0ddbb285" member_type: VOTER last_known_private_addr { host: "127.0.0.1" port: 9100 } last_known_broadcast_addr { host: "127.0.0.1" port: 9100 } cloud_info { placement_cloud: "cloud1" placement_region: "datacenter1" placement_zone: "rack1" } } }, has_pending_config = 0
I1029 15:07:36.781684 1905471488 consensus_queue.cc:272] T c25cf91ddb744d6a8650afd9956b0293 P 1bc80c76376544caba9a6c3e0ddbb285 [NON_LEADER]: Queue going to NON_LEADER mode. State: All replicated op: 0.0, Majority replicated op: 0.0, Committed index: 0.0, Last applied: 0.0, Last appended: 0.0, Current term: 0, Majority size: -1, State: QUEUE_OPEN, Mode: NON_LEADER
I1029 15:07:36.781693 1905471488 raft_consensus.cc:3417] T c25cf91ddb744d6a8650afd9956b0293 P 1bc80c76376544caba9a6c3e0ddbb285 [term 0 FOLLOWER]: Calling mark dirty synchronously for reason code CONSENSUS_STARTED
I1029 15:07:36.781734 1905471488 tablet_peer.cc:1545] T c25cf91ddb744d6a8650afd9956b0293 P 1bc80c76376544caba9a6c3e0ddbb285 [state=RUNNING]: Changed state from BOOTSTRAPPING to RUNNING
I1029 15:07:36.781999 1910059008 raft_consensus.cc:629] T c25cf91ddb744d6a8650afd9956b0293 P 1bc80c76376544caba9a6c3e0ddbb285 [term 0 FOLLOWER]: Triggering leader pre-election, mode=ELECT_EVEN_IF_LEADER_IS_ALIVE
I1029 15:07:36.782009 1910059008 raft_consensus.cc:3471] T c25cf91ddb744d6a8650afd9956b0293 P 1bc80c76376544caba9a6c3e0ddbb285 [term 0 FOLLOWER]: Snoozing leader timeout detection for 3.157s
I1029 15:07:36.782016 1910059008 raft_consensus.cc:669] T c25cf91ddb744d6a8650afd9956b0293 P 1bc80c76376544caba9a6c3e0ddbb285 [term 0 FOLLOWER]: Starting pre-election with config: opid_index: -1 peers { permanent_uuid: "1bc80c76376544caba9a6c3e0ddbb285" member_type: VOTER last_known_private_addr { host: "127.0.0.1" port: 9100 } last_known_broadcast_addr { host: "127.0.0.1" port: 9100 } cloud_info { placement_cloud: "cloud1" placement_region: "datacenter1" placement_zone: "rack1" } }
I1029 15:07:36.782029 1910059008 leader_election.cc:242] T c25cf91ddb744d6a8650afd9956b0293 P 1bc80c76376544caba9a6c3e0ddbb285 [CANDIDATE]: Term 1 pre-election: Election decided. Result: candidate won.
I1029 15:07:36.782039 1865330688 raft_consensus.cc:3471] T c25cf91ddb744d6a8650afd9956b0293 P 1bc80c76376544caba9a6c3e0ddbb285 [term 0 FOLLOWER]: Snoozing leader timeout detection for 3.260s
I1029 15:07:36.782048 1865330688 raft_consensus.cc:3364] T c25cf91ddb744d6a8650afd9956b0293 P 1bc80c76376544caba9a6c3e0ddbb285 [term 0 FOLLOWER]: Leader pre-election won for term 1
I1029 15:07:36.782053 1865330688 raft_consensus.cc:629] T c25cf91ddb744d6a8650afd9956b0293 P 1bc80c76376544caba9a6c3e0ddbb285 [term 0 FOLLOWER]: Triggering leader election, mode=ELECT_EVEN_IF_LEADER_IS_ALIVE
I1029 15:07:36.782058 1865330688 raft_consensus.cc:3471] T c25cf91ddb744d6a8650afd9956b0293 P 1bc80c76376544caba9a6c3e0ddbb285 [term 0 FOLLOWER]: Snoozing leader timeout detection for 3.116s
I1029 15:07:36.782061 1865330688 raft_consensus.cc:3532] T c25cf91ddb744d6a8650afd9956b0293 P 1bc80c76376544caba9a6c3e0ddbb285 [term 0 FOLLOWER]: Advancing to term 1
I1029 15:07:36.782064 1887694848 tablet_server.cc:1130] Invalidating the entire PgTableCache cache since catalog version incremented
I1029 15:07:36.782102 1905471488 db_impl.cc:2602] T c25cf91ddb744d6a8650afd9956b0293 P 1bc80c76376544caba9a6c3e0ddbb285 [R]: SetOptions() on column family [default], inputs: [{level0_stop_writes_trigger, 2147483647}, {level0_slowdown_writes_trigger, 2147483647}]
I1029 15:07:36.782110 1905471488 db_impl.cc:2606] T c25cf91ddb744d6a8650afd9956b0293 P 1bc80c76376544caba9a6c3e0ddbb285 [R]: [default] SetOptions succeeded
I1029 15:07:36.782296 1865330688 consensus_meta.cc:317] T c25cf91ddb744d6a8650afd9956b0293 P 1bc80c76376544caba9a6c3e0ddbb285: Updating active role from FOLLOWER to FOLLOWER. Consensus state: current_term: 1 leader_uuid: "" config { opid_index: -1 peers { permanent_uuid: "1bc80c76376544caba9a6c3e0ddbb285" member_type: VOTER last_known_private_addr { host: "127.0.0.1" port: 9100 } last_known_broadcast_addr { host: "127.0.0.1" port: 9100 } cloud_info { placement_cloud: "cloud1" placement_region: "datacenter1" placement_zone: "rack1" } } }, has_pending_config = 0
I1029 15:07:36.782310 1865330688 raft_consensus.cc:669] T c25cf91ddb744d6a8650afd9956b0293 P 1bc80c76376544caba9a6c3e0ddbb285 [term 1 FOLLOWER]: Starting election with config: opid_index: -1 peers { permanent_uuid: "1bc80c76376544caba9a6c3e0ddbb285" member_type: VOTER last_known_private_addr { host: "127.0.0.1" port: 9100 } last_known_broadcast_addr { host: "127.0.0.1" port: 9100 } cloud_info { placement_cloud: "cloud1" placement_region: "datacenter1" placement_zone: "rack1" } }
I1029 15:07:36.782439 1905471488 db_impl.cc:2602] T c25cf91ddb744d6a8650afd9956b0293 P 1bc80c76376544caba9a6c3e0ddbb285 [R]: SetOptions() on column family [default], inputs: [{disable_auto_compactions, false}]
I1029 15:07:36.782444 1905471488 db_impl.cc:2606] T c25cf91ddb744d6a8650afd9956b0293 P 1bc80c76376544caba9a6c3e0ddbb285 [R]: [default] SetOptions succeeded
I1029 15:07:36.782564 1865330688 leader_election.cc:242] T c25cf91ddb744d6a8650afd9956b0293 P 1bc80c76376544caba9a6c3e0ddbb285 [CANDIDATE]: Term 1 election: Election decided. Result: candidate won.
I1029 15:07:36.782573 1865330688 raft_consensus.cc:3471] T c25cf91ddb744d6a8650afd9956b0293 P 1bc80c76376544caba9a6c3e0ddbb285 [term 1 FOLLOWER]: Snoozing leader timeout detection for 3.267s
I1029 15:07:36.782579 1865330688 raft_consensus.cc:3378] T c25cf91ddb744d6a8650afd9956b0293 P 1bc80c76376544caba9a6c3e0ddbb285 [term 1 FOLLOWER]: Leader election won for term 1
I1029 15:07:36.782582 1865330688 replica_state.cc:1168] T c25cf91ddb744d6a8650afd9956b0293 P 1bc80c76376544caba9a6c3e0ddbb285 [term 1 FOLLOWER]: Reset our lease: 158648.403s
I1029 15:07:36.782588 1865330688 replica_state.cc:1467] T c25cf91ddb744d6a8650afd9956b0293 P 1bc80c76376544caba9a6c3e0ddbb285 [term 1 FOLLOWER]: SetLeaderNoOpCommittedUnlocked(0), committed: 0.0, received: 0.0
I1029 15:07:36.782593 1865330688 consensus_meta.cc:317] T c25cf91ddb744d6a8650afd9956b0293 P 1bc80c76376544caba9a6c3e0ddbb285: Updating active role from FOLLOWER to LEADER. Consensus state: current_term: 1 leader_uuid: "1bc80c76376544caba9a6c3e0ddbb285" config { opid_index: -1 peers { permanent_uuid: "1bc80c76376544caba9a6c3e0ddbb285" member_type: VOTER last_known_private_addr { host: "127.0.0.1" port: 9100 } last_known_broadcast_addr { host: "127.0.0.1" port: 9100 } cloud_info { placement_cloud: "cloud1" placement_region: "datacenter1" placement_zone: "rack1" } } }, has_pending_config = 0
I1029 15:07:36.782599 1865330688 raft_consensus.cc:3417] T c25cf91ddb744d6a8650afd9956b0293 P 1bc80c76376544caba9a6c3e0ddbb285 [term 1 LEADER]: Calling mark dirty synchronously for reason code NEW_LEADER_ELECTED
I1029 15:07:36.782605 1865330688 raft_consensus.cc:1061] T c25cf91ddb744d6a8650afd9956b0293 P 1bc80c76376544caba9a6c3e0ddbb285 [term 1 LEADER]: Becoming Leader. State: Replica: 1bc80c76376544caba9a6c3e0ddbb285, State: 1, Role: LEADER, Watermarks: {Received: 0.0 Committed: 0.0} Leader: 0.0
I1029 15:07:36.782613 1865330688 consensus_queue.cc:254] T c25cf91ddb744d6a8650afd9956b0293 P 1bc80c76376544caba9a6c3e0ddbb285 [LEADER]: Queue going to LEADER mode. State: All replicated op: 0.0, Majority replicated op: 0.0, Committed index: 0.0, Last applied: 0.0, Last appended: 0.0, Current term: 1, Majority size: 1, State: QUEUE_OPEN, Mode: LEADER, active raft config: opid_index: -1 peers { permanent_uuid: "1bc80c76376544caba9a6c3e0ddbb285" member_type: VOTER last_known_private_addr { host: "127.0.0.1" port: 9100 } last_known_broadcast_addr { host: "127.0.0.1" port: 9100 } cloud_info { placement_cloud: "cloud1" placement_region: "datacenter1" placement_zone: "rack1" } }
I1029 15:07:36.782621 1865330688 raft_consensus.cc:1079] Sending NO_OP at op 0.0
I1029 15:07:36.782737 1905471488 db_impl.cc:2602] T c25cf91ddb744d6a8650afd9956b0293 P 1bc80c76376544caba9a6c3e0ddbb285 [I]: SetOptions() on column family [default], inputs: [{level0_stop_writes_trigger, 2147483647}, {level0_slowdown_writes_trigger, 2147483647}]
I1029 15:07:36.782740 1905471488 db_impl.cc:2606] T c25cf91ddb744d6a8650afd9956b0293 P 1bc80c76376544caba9a6c3e0ddbb285 [I]: [default] SetOptions succeeded
I1029 15:07:36.782742 1902604288 replica_state.cc:1467] T c25cf91ddb744d6a8650afd9956b0293 P 1bc80c76376544caba9a6c3e0ddbb285 [term 1 LEADER]: SetLeaderNoOpCommittedUnlocked(1), committed: 0.0, received: 1.1
I1029 15:07:36.782749 1902604288 replica_state.cc:787] T c25cf91ddb744d6a8650afd9956b0293 P 1bc80c76376544caba9a6c3e0ddbb285 [term 1 LEADER]: Advanced the committed_op_id across terms. Last committed operation was: 0.0 New committed index is: 1.1
I1029 15:07:36.783056 1905471488 db_impl.cc:2602] T c25cf91ddb744d6a8650afd9956b0293 P 1bc80c76376544caba9a6c3e0ddbb285 [I]: SetOptions() on column family [default], inputs: [{disable_auto_compactions, false}]
I1029 15:07:36.783061 1905471488 db_impl.cc:2606] T c25cf91ddb744d6a8650afd9956b0293 P 1bc80c76376544caba9a6c3e0ddbb285 [I]: [default] SetOptions succeeded
I1029 15:07:36.783070 1905471488 tablet_peer.cc:1426] T c25cf91ddb744d6a8650afd9956b0293 P 1bc80c76376544caba9a6c3e0ddbb285 [state=RUNNING]: Registered log gc
I1029 15:07:36.783079 1905471488 ts_tablet_manager.cc:1695] T c25cf91ddb744d6a8650afd9956b0293 P 1bc80c76376544caba9a6c3e0ddbb285: Time spent starting tablet: real 0.002s	user 0.001s	sys 0.001s
I1029 15:07:36.783087 1905471488 ts_tablet_manager.cc:3075] Deleted transition in progress creating tablet for tablet c25cf91ddb744d6a8650afd9956b0293
I1029 15:07:36.798285 1907191808 table_creator.cc:405] Created table aya_rag_prod.network_interfaces of type PGSQL_TABLE_TYPE
I1029 15:07:36.819809 1892282368 tablet_service.cc:918] Aborting transactions that started prior to <max> for tablet id c25cf91ddb744d6a8650afd9956b0293 excluding transaction with id 11b8b4f1-20bc-4ac7-932d-aab0b505c6a9
I1029 15:07:36.819890 1902604288 tablet.cc:2138] T c25cf91ddb744d6a8650afd9956b0293 P 1bc80c76376544caba9a6c3e0ddbb285: Alter schema from Schema [
	0:id[int32 NOT NULL HASH],
	1:node_id[int32 NULLABLE VALUE],
	2:interface_name[string NULLABLE VALUE],
	3:interface_type[string NULLABLE VALUE],
	4:mac_address[binary NULLABLE VALUE],
	5:ipv4_address[binary NULLABLE VALUE],
	6:ipv4_netmask[binary NULLABLE VALUE],
	7:ipv4_gateway[binary NULLABLE VALUE],
	8:ipv6_address[binary NULLABLE VALUE],
	9:ipv6_prefix[int32 NULLABLE VALUE],
	10:connection_speed_mbps[int32 NULLABLE VALUE],
	11:connection_type[string NULLABLE VALUE],
	12:is_primary[bool NULLABLE VALUE],
	13:is_active[bool NULLABLE VALUE],
	14:metadata[binary NULLABLE VALUE],
	15:created_at[int64 NULLABLE VALUE],
	16:updated_at[int64 NULLABLE VALUE]
]
properties: contain_counters: false is_transactional: true consistency_level: STRONG use_mangled_column_name: false is_ysql_catalog_table: false retain_delete_markers: false partitioning_version: 1 version 0 to Schema [
	0:id[int32 NOT NULL HASH],
	1:node_id[int32 NULLABLE VALUE],
	2:interface_name[string NULLABLE VALUE],
	3:interface_type[string NULLABLE VALUE],
	4:mac_address[binary NULLABLE VALUE],
	5:ipv4_address[binary NULLABLE VALUE],
	6:ipv4_netmask[binary NULLABLE VALUE],
	7:ipv4_gateway[binary NULLABLE VALUE],
	8:ipv6_address[binary NULLABLE VALUE],
	9:ipv6_prefix[int32 NULLABLE VALUE],
	10:connection_speed_mbps[int32 NULLABLE VALUE],
	11:connection_type[string NULLABLE VALUE],
	12:is_primary[bool NULLABLE VALUE],
	13:is_active[bool NULLABLE VALUE],
	14:metadata[binary NULLABLE VALUE],
	15:created_at[int64 NULLABLE VALUE],
	16:updated_at[int64 NULLABLE VALUE]
]
properties: contain_counters: false is_transactional: true consistency_level: STRONG use_mangled_column_name: false is_ysql_catalog_table: false retain_delete_markers: false partitioning_version: 1 version 1
I1029 15:07:36.819919 1902604288 doc_read_context.cc:48] T c25cf91ddb744d6a8650afd9956b0293 P 1bc80c76376544caba9a6c3e0ddbb285: DocReadContext, copy and add: [0, 1], added: 1
I1029 15:07:36.854920 1907765248 tablet_service.cc:918] Aborting transactions that started prior to <max> for tablet id 053c2504078c40ce9241c8c319049998 excluding transaction with id 11b8b4f1-20bc-4ac7-932d-aab0b505c6a9
I1029 15:07:36.855034 1902604288 tablet.cc:2138] T 053c2504078c40ce9241c8c319049998 P 1bc80c76376544caba9a6c3e0ddbb285: Alter schema from Schema [
	0:id[int32 NOT NULL HASH],
	1:node_name[string NULLABLE VALUE],
	2:node_role[string NULLABLE VALUE],
	3:model_name[string NULLABLE VALUE],
	4:model_identifier[string NULLABLE VALUE],
	5:model_number[string NULLABLE VALUE],
	6:serial_number[string NULLABLE VALUE],
	7:hardware_uuid[binary NULLABLE VALUE],
	8:cpu_model[string NULLABLE VALUE],
	9:cpu_architecture[string NULLABLE VALUE],
	10:cpu_cores_total[int32 NULLABLE VALUE],
	11:cpu_cores_performance[int32 NULLABLE VALUE],
	12:cpu_cores_efficiency[int32 NULLABLE VALUE],
	13:cpu_l1_cache_kb[int32 NULLABLE VALUE],
	14:cpu_l2_cache_mb[int32 NULLABLE VALUE],
	15:gpu_model[string NULLABLE VALUE],
	16:gpu_cores[int32 NULLABLE VALUE],
	17:gpu_metal_version[string NULLABLE VALUE],
	18:gpu_compute_tflops[decimal NULLABLE VALUE],
	19:ram_gb[int32 NULLABLE VALUE],
	20:ram_type[string NULLABLE VALUE],
	21:ram_manufacturer[string NULLABLE VALUE],
	22:ram_bandwidth_gbps[int32 NULLABLE VALUE],
	23:storage_internal_tb[int32 NULLABLE VALUE],
	24:storage_internal_type[string NULLABLE VALUE],
	25:storage_internal_device[string NULLABLE VALUE],
	26:storage_external_tb[int32 NULLABLE VALUE],
	27:storage_external_device[string NULLABLE VALUE],
	28:os_name[string NULLABLE VALUE],
	29:os_version[string NULLABLE VALUE],
	30:os_build[string NULLABLE VALUE],
	31:kernel_version[string NULLABLE VALUE],
	32:status[string NULLABLE VALUE],
	33:last_verified[int64 NULLABLE VALUE],
	34:metadata[binary NULLABLE VALUE],
	35:created_at[int64 NULLABLE VALUE],
	36:updated_at[int64 NULLABLE VALUE]
]
properties: contain_counters: false is_transactional: true consistency_level: STRONG use_mangled_column_name: false is_ysql_catalog_table: false retain_delete_markers: false partitioning_version: 1 version 5 to Schema [
	0:id[int32 NOT NULL HASH],
	1:node_name[string NULLABLE VALUE],
	2:node_role[string NULLABLE VALUE],
	3:model_name[string NULLABLE VALUE],
	4:model_identifier[string NULLABLE VALUE],
	5:model_number[string NULLABLE VALUE],
	6:serial_number[string NULLABLE VALUE],
	7:hardware_uuid[binary NULLABLE VALUE],
	8:cpu_model[string NULLABLE VALUE],
	9:cpu_architecture[string NULLABLE VALUE],
	10:cpu_cores_total[int32 NULLABLE VALUE],
	11:cpu_cores_performance[int32 NULLABLE VALUE],
	12:cpu_cores_efficiency[int32 NULLABLE VALUE],
	13:cpu_l1_cache_kb[int32 NULLABLE VALUE],
	14:cpu_l2_cache_mb[int32 NULLABLE VALUE],
	15:gpu_model[string NULLABLE VALUE],
	16:gpu_cores[int32 NULLABLE VALUE],
	17:gpu_metal_version[string NULLABLE VALUE],
	18:gpu_compute_tflops[decimal NULLABLE VALUE],
	19:ram_gb[int32 NULLABLE VALUE],
	20:ram_type[string NULLABLE VALUE],
	21:ram_manufacturer[string NULLABLE VALUE],
	22:ram_bandwidth_gbps[int32 NULLABLE VALUE],
	23:storage_internal_tb[int32 NULLABLE VALUE],
	24:storage_internal_type[string NULLABLE VALUE],
	25:storage_internal_device[string NULLABLE VALUE],
	26:storage_external_tb[int32 NULLABLE VALUE],
	27:storage_external_device[string NULLABLE VALUE],
	28:os_name[string NULLABLE VALUE],
	29:os_version[string NULLABLE VALUE],
	30:os_build[string NULLABLE VALUE],
	31:kernel_version[string NULLABLE VALUE],
	32:status[string NULLABLE VALUE],
	33:last_verified[int64 NULLABLE VALUE],
	34:metadata[binary NULLABLE VALUE],
	35:created_at[int64 NULLABLE VALUE],
	36:updated_at[int64 NULLABLE VALUE]
]
properties: contain_counters: false is_transactional: true consistency_level: STRONG use_mangled_column_name: false is_ysql_catalog_table: false retain_delete_markers: false partitioning_version: 1 version 6
I1029 15:07:36.855083 1902604288 doc_read_context.cc:48] T 053c2504078c40ce9241c8c319049998 P 1bc80c76376544caba9a6c3e0ddbb285: DocReadContext, copy and add: [0, 1, 2, 3, 4, 5, 6], added: 6
I1029 15:07:36.916493 1892282368 pg_create_table.cc:97] PgCreateTable: creating a transactional index: aya_rag_prod.idx_network_interfaces_node/{ database_oid: 16384 object_oid: 16487 }
I1029 15:07:36.916514 1892282368 table_creator.cc:322] Get number of tablet for YSQL user table
I1029 15:07:36.917124 1902604288 tablet.cc:2138] T c25cf91ddb744d6a8650afd9956b0293 P 1bc80c76376544caba9a6c3e0ddbb285: Alter schema from Schema [
	0:id[int32 NOT NULL HASH],
	1:node_id[int32 NULLABLE VALUE],
	2:interface_name[string NULLABLE VALUE],
	3:interface_type[string NULLABLE VALUE],
	4:mac_address[binary NULLABLE VALUE],
	5:ipv4_address[binary NULLABLE VALUE],
	6:ipv4_netmask[binary NULLABLE VALUE],
	7:ipv4_gateway[binary NULLABLE VALUE],
	8:ipv6_address[binary NULLABLE VALUE],
	9:ipv6_prefix[int32 NULLABLE VALUE],
	10:connection_speed_mbps[int32 NULLABLE VALUE],
	11:connection_type[string NULLABLE VALUE],
	12:is_primary[bool NULLABLE VALUE],
	13:is_active[bool NULLABLE VALUE],
	14:metadata[binary NULLABLE VALUE],
	15:created_at[int64 NULLABLE VALUE],
	16:updated_at[int64 NULLABLE VALUE]
]
properties: contain_counters: false is_transactional: true consistency_level: STRONG use_mangled_column_name: false is_ysql_catalog_table: false retain_delete_markers: false partitioning_version: 1 version 1 to Schema [
	0:id[int32 NOT NULL HASH],
	1:node_id[int32 NULLABLE VALUE],
	2:interface_name[string NULLABLE VALUE],
	3:interface_type[string NULLABLE VALUE],
	4:mac_address[binary NULLABLE VALUE],
	5:ipv4_address[binary NULLABLE VALUE],
	6:ipv4_netmask[binary NULLABLE VALUE],
	7:ipv4_gateway[binary NULLABLE VALUE],
	8:ipv6_address[binary NULLABLE VALUE],
	9:ipv6_prefix[int32 NULLABLE VALUE],
	10:connection_speed_mbps[int32 NULLABLE VALUE],
	11:connection_type[string NULLABLE VALUE],
	12:is_primary[bool NULLABLE VALUE],
	13:is_active[bool NULLABLE VALUE],
	14:metadata[binary NULLABLE VALUE],
	15:created_at[int64 NULLABLE VALUE],
	16:updated_at[int64 NULLABLE VALUE]
]
properties: contain_counters: false is_transactional: true consistency_level: STRONG use_mangled_column_name: false is_ysql_catalog_table: false retain_delete_markers: false partitioning_version: 1 version 2
I1029 15:07:36.917160 1902604288 doc_read_context.cc:48] T c25cf91ddb744d6a8650afd9956b0293 P 1bc80c76376544caba9a6c3e0ddbb285: DocReadContext, copy and add: [0, 1, 2], added: 2
I1029 15:07:36.917258 1895723008 tablet_service.cc:1458] Processing CreateTablet for T 0db7fd3813f34d64b6a207b61589c96e P 1bc80c76376544caba9a6c3e0ddbb285 (table=idx_network_interfaces_node [id=00004000000030008000000000004067]), partition=hash_split: [0x0000, 0xFFFF]
I1029 15:07:36.917273 1895723008 ts_tablet_manager.cc:2470] Get and update data/wal directory assignment map for table: 00004000000030008000000000004067 and tablet 0db7fd3813f34d64b6a207b61589c96e
I1029 15:07:36.917695 1895723008 ts_tablet_manager.cc:830] T 0db7fd3813f34d64b6a207b61589c96e P 1bc80c76376544caba9a6c3e0ddbb285: Created tablet metadata for table: 00004000000030008000000000004067
I1029 15:07:36.917703 1895723008 consensus_meta.cc:317] T 0db7fd3813f34d64b6a207b61589c96e P 1bc80c76376544caba9a6c3e0ddbb285: Updating active role from UNKNOWN_ROLE to FOLLOWER. Consensus state: current_term: 0 leader_uuid: "" config { opid_index: -1 peers { permanent_uuid: "1bc80c76376544caba9a6c3e0ddbb285" member_type: VOTER last_known_private_addr { host: "127.0.0.1" port: 9100 } last_known_broadcast_addr { host: "127.0.0.1" port: 9100 } cloud_info { placement_cloud: "cloud1" placement_region: "datacenter1" placement_zone: "rack1" } } }, has_pending_config = 0
I1029 15:07:36.917878 1895723008 ts_tablet_manager.cc:1939] P 1bc80c76376544caba9a6c3e0ddbb285: Registered tablet 0db7fd3813f34d64b6a207b61589c96e
I1029 15:07:36.917889 1905471488 ts_tablet_manager.cc:1570] T 0db7fd3813f34d64b6a207b61589c96e P 1bc80c76376544caba9a6c3e0ddbb285: Bootstrapping tablet
I1029 15:07:36.917943 1905471488 consensus_meta.cc:317] T 0db7fd3813f34d64b6a207b61589c96e P 1bc80c76376544caba9a6c3e0ddbb285: Updating active role from UNKNOWN_ROLE to FOLLOWER. Consensus state: current_term: 0 leader_uuid: "" config { opid_index: -1 peers { permanent_uuid: "1bc80c76376544caba9a6c3e0ddbb285" member_type: VOTER last_known_private_addr { host: "127.0.0.1" port: 9100 } last_known_broadcast_addr { host: "127.0.0.1" port: 9100 } cloud_info { placement_cloud: "cloud1" placement_region: "datacenter1" placement_zone: "rack1" } } }, has_pending_config = 0
I1029 15:07:36.917970 1905471488 retryable_requests.cc:251] Wal dir is not created, skip initializing RetryableRequestsManager for 0db7fd3813f34d64b6a207b61589c96e
I1029 15:07:36.917979 1905471488 tablet_peer.cc:1545] T 0db7fd3813f34d64b6a207b61589c96e P 1bc80c76376544caba9a6c3e0ddbb285 [state=BOOTSTRAPPING]: Changed state from NOT_STARTED to BOOTSTRAPPING
I1029 15:07:36.917986 1905471488 tablet_bootstrap_if.cc:96] T 0db7fd3813f34d64b6a207b61589c96e P 1bc80c76376544caba9a6c3e0ddbb285: Bootstrap starting.
I1029 15:07:36.918000 1905471488 tablet.cc:486] T 0db7fd3813f34d64b6a207b61589c96e P 1bc80c76376544caba9a6c3e0ddbb285: Schema version for idx_network_interfaces_node is 0
I1029 15:07:36.918057 1905471488 transaction_participant.cc:164] T 0db7fd3813f34d64b6a207b61589c96e P 1bc80c76376544caba9a6c3e0ddbb285: Create
I1029 15:07:36.918082 1905471488 docdb_rocksdb_util.cc:616] T 0db7fd3813f34d64b6a207b61589c96e P 1bc80c76376544caba9a6c3e0ddbb285 [R]: Write buffer size: 134217728
I1029 15:07:36.918107 1905471488 tablet.cc:613] T 0db7fd3813f34d64b6a207b61589c96e P 1bc80c76376544caba9a6c3e0ddbb285: Creating RocksDB database in dir /Users/arthurdell/var/data/yb-data/tserver/data/rocksdb/table-00004000000030008000000000004067/tablet-0db7fd3813f34d64b6a207b61589c96e
I1029 15:07:36.918290 1905471488 tablet.cc:805] Opening RocksDB at: /Users/arthurdell/var/data/yb-data/tserver/data/rocksdb/table-00004000000030008000000000004067/tablet-0db7fd3813f34d64b6a207b61589c96e
I1029 15:07:36.918378 1905471488 db_impl.cc:934] T 0db7fd3813f34d64b6a207b61589c96e P 1bc80c76376544caba9a6c3e0ddbb285 [R]: Creating manifest 1 
I1029 15:07:36.918833 1905471488 version_set.cc:2918] T 0db7fd3813f34d64b6a207b61589c96e P 1bc80c76376544caba9a6c3e0ddbb285 [R]: Recovered from manifest file:/Users/arthurdell/var/data/yb-data/tserver/data/rocksdb/table-00004000000030008000000000004067/tablet-0db7fd3813f34d64b6a207b61589c96e/MANIFEST-000001 succeeded,manifest_file_number is 1, next_file_number is 3, last_sequence is 1125899906842624, log_number is 0,prev_log_number is 0,max_column_family is 0, flushed_values is <NULL>
I1029 15:07:36.918838 1905471488 version_set.cc:2926] T 0db7fd3813f34d64b6a207b61589c96e P 1bc80c76376544caba9a6c3e0ddbb285 [R]: Column family [default] (ID 0), log number is 0
I1029 15:07:36.919242 1905471488 tablet.cc:820] T 0db7fd3813f34d64b6a207b61589c96e P 1bc80c76376544caba9a6c3e0ddbb285: Opening intents DB at: /Users/arthurdell/var/data/yb-data/tserver/data/rocksdb/table-00004000000030008000000000004067/tablet-0db7fd3813f34d64b6a207b61589c96e.intents
I1029 15:07:36.919323 1905471488 db_impl.cc:934] T 0db7fd3813f34d64b6a207b61589c96e P 1bc80c76376544caba9a6c3e0ddbb285 [I]: Creating manifest 1 
I1029 15:07:36.919726 1905471488 version_set.cc:2918] T 0db7fd3813f34d64b6a207b61589c96e P 1bc80c76376544caba9a6c3e0ddbb285 [I]: Recovered from manifest file:/Users/arthurdell/var/data/yb-data/tserver/data/rocksdb/table-00004000000030008000000000004067/tablet-0db7fd3813f34d64b6a207b61589c96e.intents/MANIFEST-000001 succeeded,manifest_file_number is 1, next_file_number is 3, last_sequence is 1125899906842624, log_number is 0,prev_log_number is 0,max_column_family is 0, flushed_values is <NULL>
I1029 15:07:36.919731 1905471488 version_set.cc:2926] T 0db7fd3813f34d64b6a207b61589c96e P 1bc80c76376544caba9a6c3e0ddbb285 [I]: Column family [default] (ID 0), log number is 0
I1029 15:07:36.920135 1905471488 tablet.cc:872] T 0db7fd3813f34d64b6a207b61589c96e P 1bc80c76376544caba9a6c3e0ddbb285: Successfully opened a RocksDB database at /Users/arthurdell/var/data/yb-data/tserver/data/rocksdb/table-00004000000030008000000000004067/tablet-0db7fd3813f34d64b6a207b61589c96e, obj: 0x111485e00
I1029 15:07:36.920138 1916366848 transaction_loader.cc:103] T 0db7fd3813f34d64b6a207b61589c96e P 1bc80c76376544caba9a6c3e0ddbb285: Load transactions start
I1029 15:07:36.920147 1905471488 tablet_bootstrap.cc:658] T 0db7fd3813f34d64b6a207b61589c96e P 1bc80c76376544caba9a6c3e0ddbb285: Time spent opening tablet: real 0.002s	user 0.000s	sys 0.002s
I1029 15:07:36.920156 1916366848 transaction_loader.cc:167] T 0db7fd3813f34d64b6a207b61589c96e P 1bc80c76376544caba9a6c3e0ddbb285: LoadTransactions done: loaded 0 transactions
I1029 15:07:36.920249 1905471488 tablet_bootstrap.cc:578] T 0db7fd3813f34d64b6a207b61589c96e P 1bc80c76376544caba9a6c3e0ddbb285: No blocks or log segments found. Creating new log.
I1029 15:07:36.920265 1905471488 log.cc:1369] T 0db7fd3813f34d64b6a207b61589c96e P 1bc80c76376544caba9a6c3e0ddbb285: Setting log wal retention time to 0 seconds
I1029 15:07:36.920709 1905471488 tablet_bootstrap_if.cc:96] T 0db7fd3813f34d64b6a207b61589c96e P 1bc80c76376544caba9a6c3e0ddbb285: No bootstrap required, opened a new log
I1029 15:07:36.920717 1905471488 log.cc:1369] T 0db7fd3813f34d64b6a207b61589c96e P 1bc80c76376544caba9a6c3e0ddbb285: Setting log wal retention time to 0 seconds
I1029 15:07:36.920724 1905471488 ts_tablet_manager.cc:1618] T 0db7fd3813f34d64b6a207b61589c96e P 1bc80c76376544caba9a6c3e0ddbb285: Time spent bootstrapping tablet: real 0.003s	user 0.001s	sys 0.002s
I1029 15:07:36.920761 1905471488 transaction_participant.cc:254] T 0db7fd3813f34d64b6a207b61589c96e P 1bc80c76376544caba9a6c3e0ddbb285: Start
I1029 15:07:36.920768 1916366848 transaction_participant.cc:1319] T 0db7fd3813f34d64b6a207b61589c96e P 1bc80c76376544caba9a6c3e0ddbb285: LoadFinished: starting transaction status resolution
I1029 15:07:36.921170 1905471488 consensus_meta.cc:317] T 0db7fd3813f34d64b6a207b61589c96e P 1bc80c76376544caba9a6c3e0ddbb285: Updating active role from FOLLOWER to FOLLOWER. Consensus state: current_term: 0 leader_uuid: "" config { opid_index: -1 peers { permanent_uuid: "1bc80c76376544caba9a6c3e0ddbb285" member_type: VOTER last_known_private_addr { host: "127.0.0.1" port: 9100 } last_known_broadcast_addr { host: "127.0.0.1" port: 9100 } cloud_info { placement_cloud: "cloud1" placement_region: "datacenter1" placement_zone: "rack1" } } }, has_pending_config = 0
I1029 15:07:36.921181 1905471488 raft_consensus.cc:483] T 0db7fd3813f34d64b6a207b61589c96e P 1bc80c76376544caba9a6c3e0ddbb285 [term 0 FOLLOWER]: Replica starting. Triggering 0 pending operations. Active config: opid_index: -1 peers { permanent_uuid: "1bc80c76376544caba9a6c3e0ddbb285" member_type: VOTER last_known_private_addr { host: "127.0.0.1" port: 9100 } last_known_broadcast_addr { host: "127.0.0.1" port: 9100 } cloud_info { placement_cloud: "cloud1" placement_region: "datacenter1" placement_zone: "rack1" } }
I1029 15:07:36.921190 1905471488 raft_consensus.cc:512] T 0db7fd3813f34d64b6a207b61589c96e P 1bc80c76376544caba9a6c3e0ddbb285 [term 0 FOLLOWER]: Consensus starting up: Expiring fail detector timer to make a prompt election more likely
I1029 15:07:36.921196 1905471488 raft_consensus.cc:1120] T 0db7fd3813f34d64b6a207b61589c96e P 1bc80c76376544caba9a6c3e0ddbb285 [term 0 FOLLOWER]: Becoming Follower/Learner. State: Replica: 1bc80c76376544caba9a6c3e0ddbb285, State: 1, Role: FOLLOWER, Watermarks: {Received: 0.0 Committed: 0.0} Leader: 0.0, new leader: , initial_fd_wait: <uninitialized>
I1029 15:07:36.921204 1905471488 consensus_meta.cc:317] T 0db7fd3813f34d64b6a207b61589c96e P 1bc80c76376544caba9a6c3e0ddbb285: Updating active role from FOLLOWER to FOLLOWER. Consensus state: current_term: 0 leader_uuid: "" config { opid_index: -1 peers { permanent_uuid: "1bc80c76376544caba9a6c3e0ddbb285" member_type: VOTER last_known_private_addr { host: "127.0.0.1" port: 9100 } last_known_broadcast_addr { host: "127.0.0.1" port: 9100 } cloud_info { placement_cloud: "cloud1" placement_region: "datacenter1" placement_zone: "rack1" } } }, has_pending_config = 0
I1029 15:07:36.921216 1905471488 consensus_queue.cc:272] T 0db7fd3813f34d64b6a207b61589c96e P 1bc80c76376544caba9a6c3e0ddbb285 [NON_LEADER]: Queue going to NON_LEADER mode. State: All replicated op: 0.0, Majority replicated op: 0.0, Committed index: 0.0, Last applied: 0.0, Last appended: 0.0, Current term: 0, Majority size: -1, State: QUEUE_OPEN, Mode: NON_LEADER
I1029 15:07:36.921223 1905471488 raft_consensus.cc:3417] T 0db7fd3813f34d64b6a207b61589c96e P 1bc80c76376544caba9a6c3e0ddbb285 [term 0 FOLLOWER]: Calling mark dirty synchronously for reason code CONSENSUS_STARTED
I1029 15:07:36.921232 1905471488 tablet_peer.cc:1545] T 0db7fd3813f34d64b6a207b61589c96e P 1bc80c76376544caba9a6c3e0ddbb285 [state=RUNNING]: Changed state from BOOTSTRAPPING to RUNNING
I1029 15:07:36.921471 1910632448 raft_consensus.cc:629] T 0db7fd3813f34d64b6a207b61589c96e P 1bc80c76376544caba9a6c3e0ddbb285 [term 0 FOLLOWER]: Triggering leader pre-election, mode=ELECT_EVEN_IF_LEADER_IS_ALIVE
I1029 15:07:36.921480 1910632448 raft_consensus.cc:3471] T 0db7fd3813f34d64b6a207b61589c96e P 1bc80c76376544caba9a6c3e0ddbb285 [term 0 FOLLOWER]: Snoozing leader timeout detection for 3.137s
I1029 15:07:36.921485 1910632448 raft_consensus.cc:669] T 0db7fd3813f34d64b6a207b61589c96e P 1bc80c76376544caba9a6c3e0ddbb285 [term 0 FOLLOWER]: Starting pre-election with config: opid_index: -1 peers { permanent_uuid: "1bc80c76376544caba9a6c3e0ddbb285" member_type: VOTER last_known_private_addr { host: "127.0.0.1" port: 9100 } last_known_broadcast_addr { host: "127.0.0.1" port: 9100 } cloud_info { placement_cloud: "cloud1" placement_region: "datacenter1" placement_zone: "rack1" } }
I1029 15:07:36.921495 1910632448 leader_election.cc:242] T 0db7fd3813f34d64b6a207b61589c96e P 1bc80c76376544caba9a6c3e0ddbb285 [CANDIDATE]: Term 1 pre-election: Election decided. Result: candidate won.
I1029 15:07:36.921507 1865330688 raft_consensus.cc:3471] T 0db7fd3813f34d64b6a207b61589c96e P 1bc80c76376544caba9a6c3e0ddbb285 [term 0 FOLLOWER]: Snoozing leader timeout detection for 3.135s
I1029 15:07:36.921515 1865330688 raft_consensus.cc:3364] T 0db7fd3813f34d64b6a207b61589c96e P 1bc80c76376544caba9a6c3e0ddbb285 [term 0 FOLLOWER]: Leader pre-election won for term 1
