I1029 15:57:00.284132 1853321216 log.cc:1027] Successfully restored footer_builder_ and log_index_ for segment: /Users/arthurdell/var/data/yb-data/tserver/wals/table-000040000000300080000000000040f4/tablet-4128d40676594ab7a267a46fd575379f/wal-000000001. Reopen the file for write with starting offset: 451
I1029 15:57:00.284159 1855614976 tablet_bootstrap.cc:1346] T 80d52627883c4cd79e395ee283e85428 P 1bc80c76376544caba9a6c3e0ddbb285: Bootstrap optimizer (skip_flushed_entries): will replay all segments starting from the very first one.
I1029 15:57:00.284166 1852747776 transaction_participant.cc:254] T c4270a3bb2e3494288097623061afa8f P 1bc80c76376544caba9a6c3e0ddbb285: Start
I1029 15:57:00.284174 1853321216 log.cc:1369] T 4128d40676594ab7a267a46fd575379f P 1bc80c76376544caba9a6c3e0ddbb285: Setting log wal retention time to 0 seconds
I1029 15:57:00.284193 1900343296 transaction_participant.cc:1319] T c4270a3bb2e3494288097623061afa8f P 1bc80c76376544caba9a6c3e0ddbb285: LoadFinished: starting transaction status resolution
I1029 15:57:00.284198 1853321216 ts_tablet_manager.cc:1618] T 4128d40676594ab7a267a46fd575379f P 1bc80c76376544caba9a6c3e0ddbb285: Time spent bootstrapping tablet: real 0.019s	user 0.001s	sys 0.016s
I1029 15:57:00.284240 1853321216 transaction_participant.cc:254] T 4128d40676594ab7a267a46fd575379f P 1bc80c76376544caba9a6c3e0ddbb285: Start
I1029 15:57:00.284260 1855041536 db_impl.cc:1272] T 65b1b497a36d45d28bb8babb3a462950 P 1bc80c76376544caba9a6c3e0ddbb285 [I]: [JOB 2] Delete /Users/arthurdell/var/data/yb-data/tserver/data/rocksdb/table-000040000000300080000000000040aa/tablet-65b1b497a36d45d28bb8babb3a462950.intents//000003.log type=0 #3 -- OK
I1029 15:57:00.284267 1856188416 tablet_bootstrap_if.cc:96] T 4266a3868e4a4efb80d7c9ad7ec3b51f P 1bc80c76376544caba9a6c3e0ddbb285: Bootstrap replayed 1/1 log segments. Read operations: 2, overwritten operations: 0. Pending: 1 replicates. Last read committed op id: 1.2, last entry metadata: { entry_time: 159554.238s offset: 255 active_segment_sequence_number: 1 }, last read entry op id: 1.2
I1029 15:57:00.284274 1900916736 transaction_participant.cc:1319] T 4128d40676594ab7a267a46fd575379f P 1bc80c76376544caba9a6c3e0ddbb285: LoadFinished: starting transaction status resolution
I1029 15:57:00.284291 1852174336 tablet_bootstrap_if.cc:96] T d80d00e63846472a90e5ffb6cd9530ae P 1bc80c76376544caba9a6c3e0ddbb285: Bootstrap complete.
I1029 15:57:00.284296 1856188416 tablet_bootstrap.cc:1508] T 4266a3868e4a4efb80d7c9ad7ec3b51f P 1bc80c76376544caba9a6c3e0ddbb285: Dumping replay state to log at the end of PlaySegments
I1029 15:57:00.284322 1856188416 tablet_bootstrap.cc:1133] T 4266a3868e4a4efb80d7c9ad7ec3b51f P 1bc80c76376544caba9a6c3e0ddbb285: ReplayState: Previous OpId: 1.2, Committed OpId: 1.2, Pending Replicates: 0, Flushed Regular: 0.0, Flushed Intents: 0.0
I1029 15:57:00.284322 1852174336 log_util.cc:791] Scanning /Users/arthurdell/var/data/yb-data/tserver/wals/table-0000400000003000800000000000412d/tablet-d80d00e63846472a90e5ffb6cd9530ae/wal-000000001 for valid entry headers following offset 448...
I1029 15:57:00.284330 1856188416 tablet_bootstrap.cc:1133] T 4266a3868e4a4efb80d7c9ad7ec3b51f P 1bc80c76376544caba9a6c3e0ddbb285: Log entries applied to RocksDB: 2
I1029 15:57:00.284343 1856188416 tablet_bootstrap.cc:1520] T 4266a3868e4a4efb80d7c9ad7ec3b51f P 1bc80c76376544caba9a6c3e0ddbb285: Number of orphaned replicates: 0, last id: 1.2, committed id: 1.2
W1029 15:57:00.284380 1854468096 log_util.cc:242] Could not read footer for segment: /Users/arthurdell/var/data/yb-data/tserver/wals/table-0000400000003000800000000000407b/tablet-72a9d1f3f42b4264ada6a32da23d5874/wal-000000001: Not found (yb/consensus/log_util.cc:582): Footer not found. Footer magic doesn't match
W1029 15:57:00.284389 1854468096 log_reader.cc:219] T 72a9d1f3f42b4264ada6a32da23d5874 P 1bc80c76376544caba9a6c3e0ddbb285: Log segment /Users/arthurdell/var/data/yb-data/tserver/wals/table-0000400000003000800000000000407b/tablet-72a9d1f3f42b4264ada6a32da23d5874/wal-000000001 was likely left in-progressafter a previous crash. Will try to reuse this segment as writable active segment
I1029 15:57:00.284397 1854468096 log.cc:671] T 72a9d1f3f42b4264ada6a32da23d5874 P 1bc80c76376544caba9a6c3e0ddbb285: Opened existing logs. Last segment is /Users/arthurdell/var/data/yb-data/tserver/wals/table-0000400000003000800000000000407b/tablet-72a9d1f3f42b4264ada6a32da23d5874/wal-000000001
I1029 15:57:00.284401 1854468096 tablet_bootstrap.cc:383] T 72a9d1f3f42b4264ada6a32da23d5874 P 1bc80c76376544caba9a6c3e0ddbb285: Bootstrap optimizer (skip_flushed_entries): op_id_replay_lowest=0.0 (regular_op_id=0.0, intents_op_id=0.0, has_intents_db=1)
I1029 15:57:00.284409 1854468096 tablet_bootstrap.cc:1331] T 72a9d1f3f42b4264ada6a32da23d5874 P 1bc80c76376544caba9a6c3e0ddbb285: Segment /Users/arthurdell/var/data/yb-data/tserver/wals/table-0000400000003000800000000000407b/tablet-72a9d1f3f42b4264ada6a32da23d5874/wal-000000001 cannot be used as the first segment to start replay with according to our OpId and retention criteria. However, this is already the earliest segment so we have to start replay here. We should probably investigate how we got into this situation. op_id=1.1, op_id_replay_lowest=0.0, last_op_id_in_retryable_requests=0.0, first_op_time=158679.004s, const_min_duration_to_retain_logs=0.000s, retryable_requests_retain_interval=660.000s, *retryable_requests_replay_from_this_or_earlier_time=158019.004s, *replay_from_this_or_earlier_time=158679.004s, is_first_op_id_low_enough_for_retryable_requests=0,is_first_op_time_early_enough_for_retryable_requests=0,is_first_op_id_low_enough=0, is_first_op_time_early_enough=1
I1029 15:57:00.284417 1854468096 tablet_bootstrap.cc:1346] T 72a9d1f3f42b4264ada6a32da23d5874 P 1bc80c76376544caba9a6c3e0ddbb285: Bootstrap optimizer (skip_flushed_entries): will replay all segments starting from the very first one.
I1029 15:57:00.284431 1854468096 log_util.cc:791] Scanning /Users/arthurdell/var/data/yb-data/tserver/wals/table-0000400000003000800000000000407b/tablet-72a9d1f3f42b4264ada6a32da23d5874/wal-000000001 for valid entry headers following offset 450...
I1029 15:57:00.284458 1852174336 log_util.cc:835] Found no log entry headers
I1029 15:57:00.284467 1852174336 log_util.cc:696] Ignoring partially flushed segment in write ahead log /Users/arthurdell/var/data/yb-data/tserver/wals/table-0000400000003000800000000000412d/tablet-d80d00e63846472a90e5ffb6cd9530ae/wal-000000001 because there are no log entries following this one. The server probably crashed in the middle of writing an entry to the write-ahead log or downloaded an active log via remote bootstrap. Error detail: Corruption (yb/consensus/log_util.cc:906): Invalid checksum in log entry head header: found=0, computed=2351477386: Failed trying to read batch #5 at offset 448 for log segment /Users/arthurdell/var/data/yb-data/tserver/wals/table-0000400000003000800000000000412d/tablet-d80d00e63846472a90e5ffb6cd9530ae/wal-000000001: Prior batch offsets: 222 248 422 448; Last log entries read: [REPLICATE (1.1)] [REPLICATE (1.2)]
I1029 15:57:00.284530 1852174336 log.cc:1027] Successfully restored footer_builder_ and log_index_ for segment: /Users/arthurdell/var/data/yb-data/tserver/wals/table-0000400000003000800000000000412d/tablet-d80d00e63846472a90e5ffb6cd9530ae/wal-000000001. Reopen the file for write with starting offset: 448
I1029 15:57:00.284536 1852174336 log.cc:1369] T d80d00e63846472a90e5ffb6cd9530ae P 1bc80c76376544caba9a6c3e0ddbb285: Setting log wal retention time to 0 seconds
I1029 15:57:00.284545 1852174336 ts_tablet_manager.cc:1618] T d80d00e63846472a90e5ffb6cd9530ae P 1bc80c76376544caba9a6c3e0ddbb285: Time spent bootstrapping tablet: real 0.020s	user 0.001s	sys 0.017s
I1029 15:57:00.284572 1852174336 transaction_participant.cc:254] T d80d00e63846472a90e5ffb6cd9530ae P 1bc80c76376544caba9a6c3e0ddbb285: Start
I1029 15:57:00.284590 1901490176 transaction_participant.cc:1319] T d80d00e63846472a90e5ffb6cd9530ae P 1bc80c76376544caba9a6c3e0ddbb285: LoadFinished: starting transaction status resolution
I1029 15:57:00.284786 1853894656 tablet.cc:872] T 1f6517f6eec941db874715c15cb5b6a1 P 1bc80c76376544caba9a6c3e0ddbb285: Successfully opened a RocksDB database at /Users/arthurdell/var/data/yb-data/tserver/data/rocksdb/table-000040000000300080000000000040eb/tablet-1f6517f6eec941db874715c15cb5b6a1, obj: 0x111ef3400
I1029 15:57:00.284787 1903210496 transaction_loader.cc:103] T 1f6517f6eec941db874715c15cb5b6a1 P 1bc80c76376544caba9a6c3e0ddbb285: Load transactions start
I1029 15:57:00.284809 1853894656 tablet_bootstrap.cc:658] T 1f6517f6eec941db874715c15cb5b6a1 P 1bc80c76376544caba9a6c3e0ddbb285: Time spent opening tablet: real 0.017s	user 0.001s	sys 0.014s
I1029 15:57:00.284813 1903210496 transaction_loader.cc:167] T 1f6517f6eec941db874715c15cb5b6a1 P 1bc80c76376544caba9a6c3e0ddbb285: LoadTransactions done: loaded 0 transactions
I1029 15:57:00.284886 1854468096 log_util.cc:835] Found no log entry headers
I1029 15:57:00.284896 1854468096 log_util.cc:696] Ignoring partially flushed segment in write ahead log /Users/arthurdell/var/data/yb-data/tserver/wals/table-0000400000003000800000000000407b/tablet-72a9d1f3f42b4264ada6a32da23d5874/wal-000000001 because there are no log entries following this one. The server probably crashed in the middle of writing an entry to the write-ahead log or downloaded an active log via remote bootstrap. Error detail: Corruption (yb/consensus/log_util.cc:906): Invalid checksum in log entry head header: found=0, computed=2351477386: Failed trying to read batch #5 at offset 450 for log segment /Users/arthurdell/var/data/yb-data/tserver/wals/table-0000400000003000800000000000407b/tablet-72a9d1f3f42b4264ada6a32da23d5874/wal-000000001: Prior batch offsets: 224 250 424 450; Last log entries read: [REPLICATE (1.1)] [REPLICATE (1.2)]
I1029 15:57:00.284914 1853894656 tablet_bootstrap.cc:735] T 1f6517f6eec941db874715c15cb5b6a1 P 1bc80c76376544caba9a6c3e0ddbb285: Will attempt to recover log segment /Users/arthurdell/var/data/yb-data/tserver/wals/table-000040000000300080000000000040eb/tablet-1f6517f6eec941db874715c15cb5b6a1/wal-000000001
I1029 15:57:00.284927 1853894656 tablet_bootstrap.cc:1159] T 1f6517f6eec941db874715c15cb5b6a1 P 1bc80c76376544caba9a6c3e0ddbb285: Flushed DocDB OpIds: { regular: 0.0 intents: 0.0 }
I1029 15:57:00.284940 1853894656 tablet_bootstrap.cc:1384] T 1f6517f6eec941db874715c15cb5b6a1 P 1bc80c76376544caba9a6c3e0ddbb285: Max persistent index in RocksDB's SSTables before bootstrap: regular RocksDB: 0.0; intents RocksDB: 0.0
I1029 15:57:00.284963 1853894656 log.cc:1369] T 1f6517f6eec941db874715c15cb5b6a1 P 1bc80c76376544caba9a6c3e0ddbb285: Setting log wal retention time to 0 seconds
I1029 15:57:00.284986 1856188416 tablet_bootstrap_if.cc:96] T 4266a3868e4a4efb80d7c9ad7ec3b51f P 1bc80c76376544caba9a6c3e0ddbb285: Bootstrap complete.
I1029 15:57:00.284998 1852747776 consensus_meta.cc:317] T c4270a3bb2e3494288097623061afa8f P 1bc80c76376544caba9a6c3e0ddbb285: Updating active role from FOLLOWER to FOLLOWER. Consensus state: current_term: 1 leader_uuid: "" config { opid_index: -1 peers { permanent_uuid: "1bc80c76376544caba9a6c3e0ddbb285" member_type: VOTER last_known_private_addr { host: "127.0.0.1" port: 9100 } last_known_broadcast_addr { host: "127.0.0.1" port: 9100 } cloud_info { placement_cloud: "cloud1" placement_region: "datacenter1" placement_zone: "rack1" } } }, has_pending_config = 0
I1029 15:57:00.285005 1856188416 log_util.cc:791] Scanning /Users/arthurdell/var/data/yb-data/tserver/wals/table-0000400000003000800000000000414c/tablet-4266a3868e4a4efb80d7c9ad7ec3b51f/wal-000000001 for valid entry headers following offset 455...
I1029 15:57:00.285012 1852747776 raft_consensus.cc:483] T c4270a3bb2e3494288097623061afa8f P 1bc80c76376544caba9a6c3e0ddbb285 [term 1 FOLLOWER]: Replica starting. Triggering 0 pending operations. Active config: opid_index: -1 peers { permanent_uuid: "1bc80c76376544caba9a6c3e0ddbb285" member_type: VOTER last_known_private_addr { host: "127.0.0.1" port: 9100 } last_known_broadcast_addr { host: "127.0.0.1" port: 9100 } cloud_info { placement_cloud: "cloud1" placement_region: "datacenter1" placement_zone: "rack1" } }
I1029 15:57:00.285028 1852747776 raft_consensus.cc:1120] T c4270a3bb2e3494288097623061afa8f P 1bc80c76376544caba9a6c3e0ddbb285 [term 1 FOLLOWER]: Becoming Follower/Learner. State: Replica: 1bc80c76376544caba9a6c3e0ddbb285, State: 1, Role: FOLLOWER, Watermarks: {Received: 1.2 Committed: 1.2} Leader: 0.0, new leader: , initial_fd_wait: <uninitialized>
I1029 15:57:00.285035 1852747776 consensus_meta.cc:317] T c4270a3bb2e3494288097623061afa8f P 1bc80c76376544caba9a6c3e0ddbb285: Updating active role from FOLLOWER to FOLLOWER. Consensus state: current_term: 1 leader_uuid: "" config { opid_index: -1 peers { permanent_uuid: "1bc80c76376544caba9a6c3e0ddbb285" member_type: VOTER last_known_private_addr { host: "127.0.0.1" port: 9100 } last_known_broadcast_addr { host: "127.0.0.1" port: 9100 } cloud_info { placement_cloud: "cloud1" placement_region: "datacenter1" placement_zone: "rack1" } } }, has_pending_config = 0
I1029 15:57:00.285043 1852747776 consensus_queue.cc:272] T c4270a3bb2e3494288097623061afa8f P 1bc80c76376544caba9a6c3e0ddbb285 [NON_LEADER]: Queue going to NON_LEADER mode. State: All replicated op: 0.0, Majority replicated op: 0.0, Committed index: 0.0, Last applied: 0.0, Last appended: 1.2, Current term: 0, Majority size: -1, State: QUEUE_OPEN, Mode: NON_LEADER
I1029 15:57:00.285053 1852747776 raft_consensus.cc:3417] T c4270a3bb2e3494288097623061afa8f P 1bc80c76376544caba9a6c3e0ddbb285 [term 1 FOLLOWER]: Calling mark dirty synchronously for reason code CONSENSUS_STARTED
I1029 15:57:00.285064 1852747776 tablet_peer.cc:1545] T c4270a3bb2e3494288097623061afa8f P 1bc80c76376544caba9a6c3e0ddbb285 [state=RUNNING]: Changed state from BOOTSTRAPPING to RUNNING
I1029 15:57:00.285131 1856188416 log_util.cc:835] Found no log entry headers
I1029 15:57:00.285147 1856188416 log_util.cc:696] Ignoring partially flushed segment in write ahead log /Users/arthurdell/var/data/yb-data/tserver/wals/table-0000400000003000800000000000414c/tablet-4266a3868e4a4efb80d7c9ad7ec3b51f/wal-000000001 because there are no log entries following this one. The server probably crashed in the middle of writing an entry to the write-ahead log or downloaded an active log via remote bootstrap. Error detail: Corruption (yb/consensus/log_util.cc:906): Invalid checksum in log entry head header: found=0, computed=2351477386: Failed trying to read batch #5 at offset 455 for log segment /Users/arthurdell/var/data/yb-data/tserver/wals/table-0000400000003000800000000000414c/tablet-4266a3868e4a4efb80d7c9ad7ec3b51f/wal-000000001: Prior batch offsets: 229 255 429 455; Last log entries read: [REPLICATE (1.1)] [REPLICATE (1.2)]
I1029 15:57:00.285156 1854468096 tablet_bootstrap_if.cc:96] T 72a9d1f3f42b4264ada6a32da23d5874 P 1bc80c76376544caba9a6c3e0ddbb285: Bootstrap replayed 1/1 log segments. Read operations: 2, overwritten operations: 0. Pending: 1 replicates. Last read committed op id: 1.2, last entry metadata: { entry_time: 158681.171s offset: 250 active_segment_sequence_number: 1 }, last read entry op id: 1.2
I1029 15:57:00.285154 1853321216 consensus_meta.cc:317] T 4128d40676594ab7a267a46fd575379f P 1bc80c76376544caba9a6c3e0ddbb285: Updating active role from FOLLOWER to FOLLOWER. Consensus state: current_term: 1 leader_uuid: "" config { opid_index: -1 peers { permanent_uuid: "1bc80c76376544caba9a6c3e0ddbb285" member_type: VOTER last_known_private_addr { host: "127.0.0.1" port: 9100 } last_known_broadcast_addr { host: "127.0.0.1" port: 9100 } cloud_info { placement_cloud: "cloud1" placement_region: "datacenter1" placement_zone: "rack1" } } }, has_pending_config = 0
I1029 15:57:00.285169 1854468096 tablet_bootstrap.cc:1508] T 72a9d1f3f42b4264ada6a32da23d5874 P 1bc80c76376544caba9a6c3e0ddbb285: Dumping replay state to log at the end of PlaySegments
I1029 15:57:00.285183 1853321216 raft_consensus.cc:483] T 4128d40676594ab7a267a46fd575379f P 1bc80c76376544caba9a6c3e0ddbb285 [term 1 FOLLOWER]: Replica starting. Triggering 0 pending operations. Active config: opid_index: -1 peers { permanent_uuid: "1bc80c76376544caba9a6c3e0ddbb285" member_type: VOTER last_known_private_addr { host: "127.0.0.1" port: 9100 } last_known_broadcast_addr { host: "127.0.0.1" port: 9100 } cloud_info { placement_cloud: "cloud1" placement_region: "datacenter1" placement_zone: "rack1" } }
I1029 15:57:00.285198 1854468096 tablet_bootstrap.cc:1133] T 72a9d1f3f42b4264ada6a32da23d5874 P 1bc80c76376544caba9a6c3e0ddbb285: ReplayState: Previous OpId: 1.2, Committed OpId: 1.2, Pending Replicates: 0, Flushed Regular: 0.0, Flushed Intents: 0.0
I1029 15:57:00.285213 1853321216 raft_consensus.cc:1120] T 4128d40676594ab7a267a46fd575379f P 1bc80c76376544caba9a6c3e0ddbb285 [term 1 FOLLOWER]: Becoming Follower/Learner. State: Replica: 1bc80c76376544caba9a6c3e0ddbb285, State: 1, Role: FOLLOWER, Watermarks: {Received: 1.2 Committed: 1.2} Leader: 0.0, new leader: , initial_fd_wait: <uninitialized>
I1029 15:57:00.285226 1856188416 log.cc:1027] Successfully restored footer_builder_ and log_index_ for segment: /Users/arthurdell/var/data/yb-data/tserver/wals/table-0000400000003000800000000000414c/tablet-4266a3868e4a4efb80d7c9ad7ec3b51f/wal-000000001. Reopen the file for write with starting offset: 455
I1029 15:57:00.285233 1854468096 tablet_bootstrap.cc:1133] T 72a9d1f3f42b4264ada6a32da23d5874 P 1bc80c76376544caba9a6c3e0ddbb285: Log entries applied to RocksDB: 2
I1029 15:57:00.285252 1853321216 consensus_meta.cc:317] T 4128d40676594ab7a267a46fd575379f P 1bc80c76376544caba9a6c3e0ddbb285: Updating active role from FOLLOWER to FOLLOWER. Consensus state: current_term: 1 leader_uuid: "" config { opid_index: -1 peers { permanent_uuid: "1bc80c76376544caba9a6c3e0ddbb285" member_type: VOTER last_known_private_addr { host: "127.0.0.1" port: 9100 } last_known_broadcast_addr { host: "127.0.0.1" port: 9100 } cloud_info { placement_cloud: "cloud1" placement_region: "datacenter1" placement_zone: "rack1" } } }, has_pending_config = 0
I1029 15:57:00.285269 1856188416 log.cc:1369] T 4266a3868e4a4efb80d7c9ad7ec3b51f P 1bc80c76376544caba9a6c3e0ddbb285: Setting log wal retention time to 0 seconds
I1029 15:57:00.285279 1854468096 tablet_bootstrap.cc:1520] T 72a9d1f3f42b4264ada6a32da23d5874 P 1bc80c76376544caba9a6c3e0ddbb285: Number of orphaned replicates: 0, last id: 1.2, committed id: 1.2
I1029 15:57:00.285290 1853321216 consensus_queue.cc:272] T 4128d40676594ab7a267a46fd575379f P 1bc80c76376544caba9a6c3e0ddbb285 [NON_LEADER]: Queue going to NON_LEADER mode. State: All replicated op: 0.0, Majority replicated op: 0.0, Committed index: 0.0, Last applied: 0.0, Last appended: 1.2, Current term: 0, Majority size: -1, State: QUEUE_OPEN, Mode: NON_LEADER
I1029 15:57:00.285310 1856188416 ts_tablet_manager.cc:1618] T 4266a3868e4a4efb80d7c9ad7ec3b51f P 1bc80c76376544caba9a6c3e0ddbb285: Time spent bootstrapping tablet: real 0.021s	user 0.001s	sys 0.017s
I1029 15:57:00.285323 1903783936 transaction_loader.cc:103] T 65b1b497a36d45d28bb8babb3a462950 P 1bc80c76376544caba9a6c3e0ddbb285: Load transactions start
I1029 15:57:00.285339 1853321216 raft_consensus.cc:3417] T 4128d40676594ab7a267a46fd575379f P 1bc80c76376544caba9a6c3e0ddbb285 [term 1 FOLLOWER]: Calling mark dirty synchronously for reason code CONSENSUS_STARTED
I1029 15:57:00.285339 1855041536 tablet.cc:872] T 65b1b497a36d45d28bb8babb3a462950 P 1bc80c76376544caba9a6c3e0ddbb285: Successfully opened a RocksDB database at /Users/arthurdell/var/data/yb-data/tserver/data/rocksdb/table-000040000000300080000000000040aa/tablet-65b1b497a36d45d28bb8babb3a462950, obj: 0x111c10000
I1029 15:57:00.285372 1903783936 transaction_loader.cc:167] T 65b1b497a36d45d28bb8babb3a462950 P 1bc80c76376544caba9a6c3e0ddbb285: LoadTransactions done: loaded 0 transactions
I1029 15:57:00.285387 1853321216 tablet_peer.cc:1545] T 4128d40676594ab7a267a46fd575379f P 1bc80c76376544caba9a6c3e0ddbb285 [state=RUNNING]: Changed state from BOOTSTRAPPING to RUNNING
I1029 15:57:00.285389 1856188416 transaction_participant.cc:254] T 4266a3868e4a4efb80d7c9ad7ec3b51f P 1bc80c76376544caba9a6c3e0ddbb285: Start
I1029 15:57:00.285408 1855041536 tablet_bootstrap.cc:658] T 65b1b497a36d45d28bb8babb3a462950 P 1bc80c76376544caba9a6c3e0ddbb285: Time spent opening tablet: real 0.020s	user 0.001s	sys 0.016s
I1029 15:57:00.285422 1877405696 raft_consensus.cc:629] T c4270a3bb2e3494288097623061afa8f P 1bc80c76376544caba9a6c3e0ddbb285 [term 1 FOLLOWER]: Triggering leader pre-election, mode=ELECT_EVEN_IF_LEADER_IS_ALIVE
I1029 15:57:00.285434 1852174336 consensus_meta.cc:317] T d80d00e63846472a90e5ffb6cd9530ae P 1bc80c76376544caba9a6c3e0ddbb285: Updating active role from FOLLOWER to FOLLOWER. Consensus state: current_term: 1 leader_uuid: "" config { opid_index: -1 peers { permanent_uuid: "1bc80c76376544caba9a6c3e0ddbb285" member_type: VOTER last_known_private_addr { host: "127.0.0.1" port: 9100 } last_known_broadcast_addr { host: "127.0.0.1" port: 9100 } cloud_info { placement_cloud: "cloud1" placement_region: "datacenter1" placement_zone: "rack1" } } }, has_pending_config = 0
I1029 15:57:00.285439 1902063616 transaction_participant.cc:1319] T 4266a3868e4a4efb80d7c9ad7ec3b51f P 1bc80c76376544caba9a6c3e0ddbb285: LoadFinished: starting transaction status resolution
I1029 15:57:00.285466 1877405696 raft_consensus.cc:3471] T c4270a3bb2e3494288097623061afa8f P 1bc80c76376544caba9a6c3e0ddbb285 [term 1 FOLLOWER]: Snoozing leader timeout detection for 3.026s
I1029 15:57:00.285480 1852174336 raft_consensus.cc:483] T d80d00e63846472a90e5ffb6cd9530ae P 1bc80c76376544caba9a6c3e0ddbb285 [term 1 FOLLOWER]: Replica starting. Triggering 0 pending operations. Active config: opid_index: -1 peers { permanent_uuid: "1bc80c76376544caba9a6c3e0ddbb285" member_type: VOTER last_known_private_addr { host: "127.0.0.1" port: 9100 } last_known_broadcast_addr { host: "127.0.0.1" port: 9100 } cloud_info { placement_cloud: "cloud1" placement_region: "datacenter1" placement_zone: "rack1" } }
I1029 15:57:00.285512 1855041536 tablet_bootstrap.cc:735] T 65b1b497a36d45d28bb8babb3a462950 P 1bc80c76376544caba9a6c3e0ddbb285: Will attempt to recover log segment /Users/arthurdell/var/data/yb-data/tserver/wals/table-000040000000300080000000000040aa/tablet-65b1b497a36d45d28bb8babb3a462950/wal-000000001
I1029 15:57:00.285507 1877405696 raft_consensus.cc:669] T c4270a3bb2e3494288097623061afa8f P 1bc80c76376544caba9a6c3e0ddbb285 [term 1 FOLLOWER]: Starting pre-election with config: opid_index: -1 peers { permanent_uuid: "1bc80c76376544caba9a6c3e0ddbb285" member_type: VOTER last_known_private_addr { host: "127.0.0.1" port: 9100 } last_known_broadcast_addr { host: "127.0.0.1" port: 9100 } cloud_info { placement_cloud: "cloud1" placement_region: "datacenter1" placement_zone: "rack1" } }
I1029 15:57:00.285526 1852174336 raft_consensus.cc:1120] T d80d00e63846472a90e5ffb6cd9530ae P 1bc80c76376544caba9a6c3e0ddbb285 [term 1 FOLLOWER]: Becoming Follower/Learner. State: Replica: 1bc80c76376544caba9a6c3e0ddbb285, State: 1, Role: FOLLOWER, Watermarks: {Received: 1.2 Committed: 1.2} Leader: 0.0, new leader: , initial_fd_wait: <uninitialized>
I1029 15:57:00.285535 1855041536 tablet_bootstrap.cc:1159] T 65b1b497a36d45d28bb8babb3a462950 P 1bc80c76376544caba9a6c3e0ddbb285: Flushed DocDB OpIds: { regular: 0.0 intents: 0.0 }
I1029 15:57:00.285547 1877405696 leader_election.cc:242] T c4270a3bb2e3494288097623061afa8f P 1bc80c76376544caba9a6c3e0ddbb285 [CANDIDATE]: Term 2 pre-election: Election decided. Result: candidate won.
I1029 15:57:00.285554 1852174336 consensus_meta.cc:317] T d80d00e63846472a90e5ffb6cd9530ae P 1bc80c76376544caba9a6c3e0ddbb285: Updating active role from FOLLOWER to FOLLOWER. Consensus state: current_term: 1 leader_uuid: "" config { opid_index: -1 peers { permanent_uuid: "1bc80c76376544caba9a6c3e0ddbb285" member_type: VOTER last_known_private_addr { host: "127.0.0.1" port: 9100 } last_known_broadcast_addr { host: "127.0.0.1" port: 9100 } cloud_info { placement_cloud: "cloud1" placement_region: "datacenter1" placement_zone: "rack1" } } }, has_pending_config = 0
I1029 15:57:00.285573 1855041536 tablet_bootstrap.cc:1384] T 65b1b497a36d45d28bb8babb3a462950 P 1bc80c76376544caba9a6c3e0ddbb285: Max persistent index in RocksDB's SSTables before bootstrap: regular RocksDB: 0.0; intents RocksDB: 0.0
I1029 15:57:00.285594 1881419776 raft_consensus.cc:3471] T c4270a3bb2e3494288097623061afa8f P 1bc80c76376544caba9a6c3e0ddbb285 [term 1 FOLLOWER]: Snoozing leader timeout detection for 3.206s
I1029 15:57:00.285596 1852174336 consensus_queue.cc:272] T d80d00e63846472a90e5ffb6cd9530ae P 1bc80c76376544caba9a6c3e0ddbb285 [NON_LEADER]: Queue going to NON_LEADER mode. State: All replicated op: 0.0, Majority replicated op: 0.0, Committed index: 0.0, Last applied: 0.0, Last appended: 1.2, Current term: 0, Majority size: -1, State: QUEUE_OPEN, Mode: NON_LEADER
I1029 15:57:00.285624 1881419776 raft_consensus.cc:3364] T c4270a3bb2e3494288097623061afa8f P 1bc80c76376544caba9a6c3e0ddbb285 [term 1 FOLLOWER]: Leader pre-election won for term 2
I1029 15:57:00.285633 1855041536 log.cc:1369] T 65b1b497a36d45d28bb8babb3a462950 P 1bc80c76376544caba9a6c3e0ddbb285: Setting log wal retention time to 0 seconds
I1029 15:57:00.285636 1852174336 raft_consensus.cc:3417] T d80d00e63846472a90e5ffb6cd9530ae P 1bc80c76376544caba9a6c3e0ddbb285 [term 1 FOLLOWER]: Calling mark dirty synchronously for reason code CONSENSUS_STARTED
I1029 15:57:00.285651 1881419776 raft_consensus.cc:629] T c4270a3bb2e3494288097623061afa8f P 1bc80c76376544caba9a6c3e0ddbb285 [term 1 FOLLOWER]: Triggering leader election, mode=ELECT_EVEN_IF_LEADER_IS_ALIVE
I1029 15:57:00.285678 1852174336 tablet_peer.cc:1545] T d80d00e63846472a90e5ffb6cd9530ae P 1bc80c76376544caba9a6c3e0ddbb285 [state=RUNNING]: Changed state from BOOTSTRAPPING to RUNNING
W1029 15:57:00.285684 1853894656 log_util.cc:242] Could not read footer for segment: /Users/arthurdell/var/data/yb-data/tserver/wals/table-000040000000300080000000000040eb/tablet-1f6517f6eec941db874715c15cb5b6a1/wal-000000001: Not found (yb/consensus/log_util.cc:582): Footer not found. Footer magic doesn't match
I1029 15:57:00.285692 1881419776 raft_consensus.cc:3471] T c4270a3bb2e3494288097623061afa8f P 1bc80c76376544caba9a6c3e0ddbb285 [term 1 FOLLOWER]: Snoozing leader timeout detection for 3.119s
W1029 15:57:00.285732 1853894656 log_reader.cc:219] T 1f6517f6eec941db874715c15cb5b6a1 P 1bc80c76376544caba9a6c3e0ddbb285: Log segment /Users/arthurdell/var/data/yb-data/tserver/wals/table-000040000000300080000000000040eb/tablet-1f6517f6eec941db874715c15cb5b6a1/wal-000000001 was likely left in-progressafter a previous crash. Will try to reuse this segment as writable active segment
I1029 15:57:00.285748 1881419776 raft_consensus.cc:3532] T c4270a3bb2e3494288097623061afa8f P 1bc80c76376544caba9a6c3e0ddbb285 [term 1 FOLLOWER]: Advancing to term 2
I1029 15:57:00.285750 1852747776 db_impl.cc:2602] T c4270a3bb2e3494288097623061afa8f P 1bc80c76376544caba9a6c3e0ddbb285 [R]: SetOptions() on column family [default], inputs: [{level0_stop_writes_trigger, 2147483647}, {level0_slowdown_writes_trigger, 2147483647}]
I1029 15:57:00.285766 1853894656 log.cc:671] T 1f6517f6eec941db874715c15cb5b6a1 P 1bc80c76376544caba9a6c3e0ddbb285: Opened existing logs. Last segment is /Users/arthurdell/var/data/yb-data/tserver/wals/table-000040000000300080000000000040eb/tablet-1f6517f6eec941db874715c15cb5b6a1/wal-000000001
I1029 15:57:00.285781 1852747776 db_impl.cc:2606] T c4270a3bb2e3494288097623061afa8f P 1bc80c76376544caba9a6c3e0ddbb285 [R]: [default] SetOptions succeeded
I1029 15:57:00.285789 1853894656 tablet_bootstrap.cc:383] T 1f6517f6eec941db874715c15cb5b6a1 P 1bc80c76376544caba9a6c3e0ddbb285: Bootstrap optimizer (skip_flushed_entries): op_id_replay_lowest=0.0 (regular_op_id=0.0, intents_op_id=0.0, has_intents_db=1)
I1029 15:57:00.285791 1878552576 raft_consensus.cc:629] T 4128d40676594ab7a267a46fd575379f P 1bc80c76376544caba9a6c3e0ddbb285 [term 1 FOLLOWER]: Triggering leader pre-election, mode=ELECT_EVEN_IF_LEADER_IS_ALIVE
I1029 15:57:00.285827 1878552576 raft_consensus.cc:3471] T 4128d40676594ab7a267a46fd575379f P 1bc80c76376544caba9a6c3e0ddbb285 [term 1 FOLLOWER]: Snoozing leader timeout detection for 3.243s
I1029 15:57:00.285825 1853894656 tablet_bootstrap.cc:1331] T 1f6517f6eec941db874715c15cb5b6a1 P 1bc80c76376544caba9a6c3e0ddbb285: Segment /Users/arthurdell/var/data/yb-data/tserver/wals/table-000040000000300080000000000040eb/tablet-1f6517f6eec941db874715c15cb5b6a1/wal-000000001 cannot be used as the first segment to start replay with according to our OpId and retention criteria. However, this is already the earliest segment so we have to start replay here. We should probably investigate how we got into this situation. op_id=1.1, op_id_replay_lowest=0.0, last_op_id_in_retryable_requests=0.0, first_op_time=159202.001s, const_min_duration_to_retain_logs=0.000s, retryable_requests_retain_interval=660.000s, *retryable_requests_replay_from_this_or_earlier_time=158542.001s, *replay_from_this_or_earlier_time=159202.001s, is_first_op_id_low_enough_for_retryable_requests=0,is_first_op_time_early_enough_for_retryable_requests=0,is_first_op_id_low_enough=0, is_first_op_time_early_enough=1
I1029 15:57:00.285840 1878552576 raft_consensus.cc:669] T 4128d40676594ab7a267a46fd575379f P 1bc80c76376544caba9a6c3e0ddbb285 [term 1 FOLLOWER]: Starting pre-election with config: opid_index: -1 peers { permanent_uuid: "1bc80c76376544caba9a6c3e0ddbb285" member_type: VOTER last_known_private_addr { host: "127.0.0.1" port: 9100 } last_known_broadcast_addr { host: "127.0.0.1" port: 9100 } cloud_info { placement_cloud: "cloud1" placement_region: "datacenter1" placement_zone: "rack1" } }
I1029 15:57:00.285849 1853894656 tablet_bootstrap.cc:1346] T 1f6517f6eec941db874715c15cb5b6a1 P 1bc80c76376544caba9a6c3e0ddbb285: Bootstrap optimizer (skip_flushed_entries): will replay all segments starting from the very first one.
I1029 15:57:00.285863 1878552576 leader_election.cc:242] T 4128d40676594ab7a267a46fd575379f P 1bc80c76376544caba9a6c3e0ddbb285 [CANDIDATE]: Term 2 pre-election: Election decided. Result: candidate won.
I1029 15:57:00.285897 1894035456 raft_consensus.cc:3471] T 4128d40676594ab7a267a46fd575379f P 1bc80c76376544caba9a6c3e0ddbb285 [term 1 FOLLOWER]: Snoozing leader timeout detection for 3.239s
I1029 15:57:00.285907 1894035456 raft_consensus.cc:3364] T 4128d40676594ab7a267a46fd575379f P 1bc80c76376544caba9a6c3e0ddbb285 [term 1 FOLLOWER]: Leader pre-election won for term 2
I1029 15:57:00.285914 1894035456 raft_consensus.cc:629] T 4128d40676594ab7a267a46fd575379f P 1bc80c76376544caba9a6c3e0ddbb285 [term 1 FOLLOWER]: Triggering leader election, mode=ELECT_EVEN_IF_LEADER_IS_ALIVE
I1029 15:57:00.285921 1894035456 raft_consensus.cc:3471] T 4128d40676594ab7a267a46fd575379f P 1bc80c76376544caba9a6c3e0ddbb285 [term 1 FOLLOWER]: Snoozing leader timeout detection for 3.151s
I1029 15:57:00.285930 1894035456 raft_consensus.cc:3532] T 4128d40676594ab7a267a46fd575379f P 1bc80c76376544caba9a6c3e0ddbb285 [term 1 FOLLOWER]: Advancing to term 2
I1029 15:57:00.285935 1854468096 tablet_bootstrap_if.cc:96] T 72a9d1f3f42b4264ada6a32da23d5874 P 1bc80c76376544caba9a6c3e0ddbb285: Bootstrap complete.
I1029 15:57:00.285954 1853894656 log_util.cc:791] Scanning /Users/arthurdell/var/data/yb-data/tserver/wals/table-000040000000300080000000000040eb/tablet-1f6517f6eec941db874715c15cb5b6a1/wal-000000001 for valid entry headers following offset 9038...
I1029 15:57:00.285966 1854468096 log_util.cc:791] Scanning /Users/arthurdell/var/data/yb-data/tserver/wals/table-0000400000003000800000000000407b/tablet-72a9d1f3f42b4264ada6a32da23d5874/wal-000000001 for valid entry headers following offset 450...
I1029 15:57:00.286085 1854468096 log_util.cc:835] Found no log entry headers
I1029 15:57:00.286096 1854468096 log_util.cc:696] Ignoring partially flushed segment in write ahead log /Users/arthurdell/var/data/yb-data/tserver/wals/table-0000400000003000800000000000407b/tablet-72a9d1f3f42b4264ada6a32da23d5874/wal-000000001 because there are no log entries following this one. The server probably crashed in the middle of writing an entry to the write-ahead log or downloaded an active log via remote bootstrap. Error detail: Corruption (yb/consensus/log_util.cc:906): Invalid checksum in log entry head header: found=0, computed=2351477386: Failed trying to read batch #5 at offset 450 for log segment /Users/arthurdell/var/data/yb-data/tserver/wals/table-0000400000003000800000000000407b/tablet-72a9d1f3f42b4264ada6a32da23d5874/wal-000000001: Prior batch offsets: 224 250 424 450; Last log entries read: [REPLICATE (1.1)] [REPLICATE (1.2)]
I1029 15:57:00.286139 1873965056 raft_consensus.cc:629] T d80d00e63846472a90e5ffb6cd9530ae P 1bc80c76376544caba9a6c3e0ddbb285 [term 1 FOLLOWER]: Triggering leader pre-election, mode=ELECT_EVEN_IF_LEADER_IS_ALIVE
I1029 15:57:00.286165 1873965056 raft_consensus.cc:3471] T d80d00e63846472a90e5ffb6cd9530ae P 1bc80c76376544caba9a6c3e0ddbb285 [term 1 FOLLOWER]: Snoozing leader timeout detection for 3.159s
I1029 15:57:00.286172 1873965056 raft_consensus.cc:669] T d80d00e63846472a90e5ffb6cd9530ae P 1bc80c76376544caba9a6c3e0ddbb285 [term 1 FOLLOWER]: Starting pre-election with config: opid_index: -1 peers { permanent_uuid: "1bc80c76376544caba9a6c3e0ddbb285" member_type: VOTER last_known_private_addr { host: "127.0.0.1" port: 9100 } last_known_broadcast_addr { host: "127.0.0.1" port: 9100 } cloud_info { placement_cloud: "cloud1" placement_region: "datacenter1" placement_zone: "rack1" } }
I1029 15:57:00.286185 1873965056 leader_election.cc:242] T d80d00e63846472a90e5ffb6cd9530ae P 1bc80c76376544caba9a6c3e0ddbb285 [CANDIDATE]: Term 2 pre-election: Election decided. Result: candidate won.
I1029 15:57:00.286196 1883713536 raft_consensus.cc:3471] T d80d00e63846472a90e5ffb6cd9530ae P 1bc80c76376544caba9a6c3e0ddbb285 [term 1 FOLLOWER]: Snoozing leader timeout detection for 3.231s
I1029 15:57:00.286213 1883713536 raft_consensus.cc:3364] T d80d00e63846472a90e5ffb6cd9530ae P 1bc80c76376544caba9a6c3e0ddbb285 [term 1 FOLLOWER]: Leader pre-election won for term 2
I1029 15:57:00.286217 1854468096 log.cc:1027] Successfully restored footer_builder_ and log_index_ for segment: /Users/arthurdell/var/data/yb-data/tserver/wals/table-0000400000003000800000000000407b/tablet-72a9d1f3f42b4264ada6a32da23d5874/wal-000000001. Reopen the file for write with starting offset: 450
I1029 15:57:00.286232 1883713536 raft_consensus.cc:629] T d80d00e63846472a90e5ffb6cd9530ae P 1bc80c76376544caba9a6c3e0ddbb285 [term 1 FOLLOWER]: Triggering leader election, mode=ELECT_EVEN_IF_LEADER_IS_ALIVE
I1029 15:57:00.286235 1853321216 db_impl.cc:2602] T 4128d40676594ab7a267a46fd575379f P 1bc80c76376544caba9a6c3e0ddbb285 [R]: SetOptions() on column family [default], inputs: [{level0_stop_writes_trigger, 2147483647}, {level0_slowdown_writes_trigger, 2147483647}]
I1029 15:57:00.286253 1854468096 log.cc:1369] T 72a9d1f3f42b4264ada6a32da23d5874 P 1bc80c76376544caba9a6c3e0ddbb285: Setting log wal retention time to 0 seconds
I1029 15:57:00.286259 1856188416 consensus_meta.cc:317] T 4266a3868e4a4efb80d7c9ad7ec3b51f P 1bc80c76376544caba9a6c3e0ddbb285: Updating active role from FOLLOWER to FOLLOWER. Consensus state: current_term: 1 leader_uuid: "" config { opid_index: -1 peers { permanent_uuid: "1bc80c76376544caba9a6c3e0ddbb285" member_type: VOTER last_known_private_addr { host: "127.0.0.1" port: 9100 } last_known_broadcast_addr { host: "127.0.0.1" port: 9100 } cloud_info { placement_cloud: "cloud1" placement_region: "datacenter1" placement_zone: "rack1" } } }, has_pending_config = 0
I1029 15:57:00.286269 1883713536 raft_consensus.cc:3471] T d80d00e63846472a90e5ffb6cd9530ae P 1bc80c76376544caba9a6c3e0ddbb285 [term 1 FOLLOWER]: Snoozing leader timeout detection for 3.234s
I1029 15:57:00.286290 1853321216 db_impl.cc:2606] T 4128d40676594ab7a267a46fd575379f P 1bc80c76376544caba9a6c3e0ddbb285 [R]: [default] SetOptions succeeded
I1029 15:57:00.286309 1854468096 ts_tablet_manager.cc:1618] T 72a9d1f3f42b4264ada6a32da23d5874 P 1bc80c76376544caba9a6c3e0ddbb285: Time spent bootstrapping tablet: real 0.022s	user 0.001s	sys 0.017s
I1029 15:57:00.286314 1856188416 raft_consensus.cc:483] T 4266a3868e4a4efb80d7c9ad7ec3b51f P 1bc80c76376544caba9a6c3e0ddbb285 [term 1 FOLLOWER]: Replica starting. Triggering 0 pending operations. Active config: opid_index: -1 peers { permanent_uuid: "1bc80c76376544caba9a6c3e0ddbb285" member_type: VOTER last_known_private_addr { host: "127.0.0.1" port: 9100 } last_known_broadcast_addr { host: "127.0.0.1" port: 9100 } cloud_info { placement_cloud: "cloud1" placement_region: "datacenter1" placement_zone: "rack1" } }
I1029 15:57:00.286329 1883713536 raft_consensus.cc:3532] T d80d00e63846472a90e5ffb6cd9530ae P 1bc80c76376544caba9a6c3e0ddbb285 [term 1 FOLLOWER]: Advancing to term 2
I1029 15:57:00.286372 1856188416 raft_consensus.cc:1120] T 4266a3868e4a4efb80d7c9ad7ec3b51f P 1bc80c76376544caba9a6c3e0ddbb285 [term 1 FOLLOWER]: Becoming Follower/Learner. State: Replica: 1bc80c76376544caba9a6c3e0ddbb285, State: 1, Role: FOLLOWER, Watermarks: {Received: 1.2 Committed: 1.2} Leader: 0.0, new leader: , initial_fd_wait: <uninitialized>
W1029 15:57:00.286379 1855041536 log_util.cc:242] Could not read footer for segment: /Users/arthurdell/var/data/yb-data/tserver/wals/table-000040000000300080000000000040aa/tablet-65b1b497a36d45d28bb8babb3a462950/wal-000000001: Not found (yb/consensus/log_util.cc:582): Footer not found. Footer magic doesn't match
I1029 15:57:00.286376 1881419776 consensus_meta.cc:317] T c4270a3bb2e3494288097623061afa8f P 1bc80c76376544caba9a6c3e0ddbb285: Updating active role from FOLLOWER to FOLLOWER. Consensus state: current_term: 2 leader_uuid: "" config { opid_index: -1 peers { permanent_uuid: "1bc80c76376544caba9a6c3e0ddbb285" member_type: VOTER last_known_private_addr { host: "127.0.0.1" port: 9100 } last_known_broadcast_addr { host: "127.0.0.1" port: 9100 } cloud_info { placement_cloud: "cloud1" placement_region: "datacenter1" placement_zone: "rack1" } } }, has_pending_config = 0
I1029 15:57:00.286393 1854468096 transaction_participant.cc:254] T 72a9d1f3f42b4264ada6a32da23d5874 P 1bc80c76376544caba9a6c3e0ddbb285: Start
I1029 15:57:00.286406 1856188416 consensus_meta.cc:317] T 4266a3868e4a4efb80d7c9ad7ec3b51f P 1bc80c76376544caba9a6c3e0ddbb285: Updating active role from FOLLOWER to FOLLOWER. Consensus state: current_term: 1 leader_uuid: "" config { opid_index: -1 peers { permanent_uuid: "1bc80c76376544caba9a6c3e0ddbb285" member_type: VOTER last_known_private_addr { host: "127.0.0.1" port: 9100 } last_known_broadcast_addr { host: "127.0.0.1" port: 9100 } cloud_info { placement_cloud: "cloud1" placement_region: "datacenter1" placement_zone: "rack1" } } }, has_pending_config = 0
I1029 15:57:00.286422 1853894656 log_util.cc:835] Found no log entry headers
W1029 15:57:00.286427 1855041536 log_reader.cc:219] T 65b1b497a36d45d28bb8babb3a462950 P 1bc80c76376544caba9a6c3e0ddbb285: Log segment /Users/arthurdell/var/data/yb-data/tserver/wals/table-000040000000300080000000000040aa/tablet-65b1b497a36d45d28bb8babb3a462950/wal-000000001 was likely left in-progressafter a previous crash. Will try to reuse this segment as writable active segment
I1029 15:57:00.286438 1881419776 raft_consensus.cc:669] T c4270a3bb2e3494288097623061afa8f P 1bc80c76376544caba9a6c3e0ddbb285 [term 2 FOLLOWER]: Starting election with config: opid_index: -1 peers { permanent_uuid: "1bc80c76376544caba9a6c3e0ddbb285" member_type: VOTER last_known_private_addr { host: "127.0.0.1" port: 9100 } last_known_broadcast_addr { host: "127.0.0.1" port: 9100 } cloud_info { placement_cloud: "cloud1" placement_region: "datacenter1" placement_zone: "rack1" } }
I1029 15:57:00.286450 1902637056 transaction_participant.cc:1319] T 72a9d1f3f42b4264ada6a32da23d5874 P 1bc80c76376544caba9a6c3e0ddbb285: LoadFinished: starting transaction status resolution
I1029 15:57:00.286459 1856188416 consensus_queue.cc:272] T 4266a3868e4a4efb80d7c9ad7ec3b51f P 1bc80c76376544caba9a6c3e0ddbb285 [NON_LEADER]: Queue going to NON_LEADER mode. State: All replicated op: 0.0, Majority replicated op: 0.0, Committed index: 0.0, Last applied: 0.0, Last appended: 1.2, Current term: 0, Majority size: -1, State: QUEUE_OPEN, Mode: NON_LEADER
I1029 15:57:00.286466 1853894656 log_util.cc:696] Ignoring partially flushed segment in write ahead log /Users/arthurdell/var/data/yb-data/tserver/wals/table-000040000000300080000000000040eb/tablet-1f6517f6eec941db874715c15cb5b6a1/wal-000000001 because there are no log entries following this one. The server probably crashed in the middle of writing an entry to the write-ahead log or downloaded an active log via remote bootstrap. Error detail: Corruption (yb/consensus/log_util.cc:906): Invalid checksum in log entry head header: found=0, computed=2351477386: Failed trying to read batch #25 at offset 9038 for log segment /Users/arthurdell/var/data/yb-data/tserver/wals/table-000040000000300080000000000040eb/tablet-1f6517f6eec941db874715c15cb5b6a1/wal-000000001: Prior batch offsets: 8120 8146 9012 9038; Last log entries read: [REPLICATE (1.9)] [REPLICATE (1.10)] [REPLICATE (1.11)] [REPLICATE (1.12)]
I1029 15:57:00.286494 1855041536 log.cc:671] T 65b1b497a36d45d28bb8babb3a462950 P 1bc80c76376544caba9a6c3e0ddbb285: Opened existing logs. Last segment is /Users/arthurdell/var/data/yb-data/tserver/wals/table-000040000000300080000000000040aa/tablet-65b1b497a36d45d28bb8babb3a462950/wal-000000001
I1029 15:57:00.286523 1894035456 consensus_meta.cc:317] T 4128d40676594ab7a267a46fd575379f P 1bc80c76376544caba9a6c3e0ddbb285: Updating active role from FOLLOWER to FOLLOWER. Consensus state: current_term: 2 leader_uuid: "" config { opid_index: -1 peers { permanent_uuid: "1bc80c76376544caba9a6c3e0ddbb285" member_type: VOTER last_known_private_addr { host: "127.0.0.1" port: 9100 } last_known_broadcast_addr { host: "127.0.0.1" port: 9100 } cloud_info { placement_cloud: "cloud1" placement_region: "datacenter1" placement_zone: "rack1" } } }, has_pending_config = 0
I1029 15:57:00.286545 1856188416 raft_consensus.cc:3417] T 4266a3868e4a4efb80d7c9ad7ec3b51f P 1bc80c76376544caba9a6c3e0ddbb285 [term 1 FOLLOWER]: Calling mark dirty synchronously for reason code CONSENSUS_STARTED
I1029 15:57:00.286571 1855041536 tablet_bootstrap.cc:383] T 65b1b497a36d45d28bb8babb3a462950 P 1bc80c76376544caba9a6c3e0ddbb285: Bootstrap optimizer (skip_flushed_entries): op_id_replay_lowest=0.0 (regular_op_id=0.0, intents_op_id=0.0, has_intents_db=1)
I1029 15:57:00.286582 1894035456 raft_consensus.cc:669] T 4128d40676594ab7a267a46fd575379f P 1bc80c76376544caba9a6c3e0ddbb285 [term 2 FOLLOWER]: Starting election with config: opid_index: -1 peers { permanent_uuid: "1bc80c76376544caba9a6c3e0ddbb285" member_type: VOTER last_known_private_addr { host: "127.0.0.1" port: 9100 } last_known_broadcast_addr { host: "127.0.0.1" port: 9100 } cloud_info { placement_cloud: "cloud1" placement_region: "datacenter1" placement_zone: "rack1" } }
I1029 15:57:00.286593 1856188416 tablet_peer.cc:1545] T 4266a3868e4a4efb80d7c9ad7ec3b51f P 1bc80c76376544caba9a6c3e0ddbb285 [state=RUNNING]: Changed state from BOOTSTRAPPING to RUNNING
I1029 15:57:00.286607 1855041536 tablet_bootstrap.cc:1331] T 65b1b497a36d45d28bb8babb3a462950 P 1bc80c76376544caba9a6c3e0ddbb285: Segment /Users/arthurdell/var/data/yb-data/tserver/wals/table-000040000000300080000000000040aa/tablet-65b1b497a36d45d28bb8babb3a462950/wal-000000001 cannot be used as the first segment to start replay with according to our OpId and retention criteria. However, this is already the earliest segment so we have to start replay here. We should probably investigate how we got into this situation. op_id=1.1, op_id_replay_lowest=0.0, last_op_id_in_retryable_requests=0.0, first_op_time=158685.748s, const_min_duration_to_retain_logs=0.000s, retryable_requests_retain_interval=660.000s, *retryable_requests_replay_from_this_or_earlier_time=158025.748s, *replay_from_this_or_earlier_time=158685.748s, is_first_op_id_low_enough_for_retryable_requests=0,is_first_op_time_early_enough_for_retryable_requests=0,is_first_op_id_low_enough=0, is_first_op_time_early_enough=1
I1029 15:57:00.286633 1855041536 tablet_bootstrap.cc:1346] T 65b1b497a36d45d28bb8babb3a462950 P 1bc80c76376544caba9a6c3e0ddbb285: Bootstrap optimizer (skip_flushed_entries): will replay all segments starting from the very first one.
I1029 15:57:00.286650 1855041536 log_util.cc:791] Scanning /Users/arthurdell/var/data/yb-data/tserver/wals/table-000040000000300080000000000040aa/tablet-65b1b497a36d45d28bb8babb3a462950/wal-000000001 for valid entry headers following offset 451...
I1029 15:57:00.286867 1871097856 raft_consensus.cc:629] T 4266a3868e4a4efb80d7c9ad7ec3b51f P 1bc80c76376544caba9a6c3e0ddbb285 [term 1 FOLLOWER]: Triggering leader pre-election, mode=ELECT_EVEN_IF_LEADER_IS_ALIVE
I1029 15:57:00.286887 1871097856 raft_consensus.cc:3471] T 4266a3868e4a4efb80d7c9ad7ec3b51f P 1bc80c76376544caba9a6c3e0ddbb285 [term 1 FOLLOWER]: Snoozing leader timeout detection for 3.173s
I1029 15:57:00.286893 1871097856 raft_consensus.cc:669] T 4266a3868e4a4efb80d7c9ad7ec3b51f P 1bc80c76376544caba9a6c3e0ddbb285 [term 1 FOLLOWER]: Starting pre-election with config: opid_index: -1 peers { permanent_uuid: "1bc80c76376544caba9a6c3e0ddbb285" member_type: VOTER last_known_private_addr { host: "127.0.0.1" port: 9100 } last_known_broadcast_addr { host: "127.0.0.1" port: 9100 } cloud_info { placement_cloud: "cloud1" placement_region: "datacenter1" placement_zone: "rack1" } }
I1029 15:57:00.286903 1871097856 leader_election.cc:242] T 4266a3868e4a4efb80d7c9ad7ec3b51f P 1bc80c76376544caba9a6c3e0ddbb285 [CANDIDATE]: Term 2 pre-election: Election decided. Result: candidate won.
I1029 15:57:00.286919 1882566656 raft_consensus.cc:3471] T 4266a3868e4a4efb80d7c9ad7ec3b51f P 1bc80c76376544caba9a6c3e0ddbb285 [term 1 FOLLOWER]: Snoozing leader timeout detection for 3.081s
I1029 15:57:00.286932 1882566656 raft_consensus.cc:3364] T 4266a3868e4a4efb80d7c9ad7ec3b51f P 1bc80c76376544caba9a6c3e0ddbb285 [term 1 FOLLOWER]: Leader pre-election won for term 2
I1029 15:57:00.286937 1882566656 raft_consensus.cc:629] T 4266a3868e4a4efb80d7c9ad7ec3b51f P 1bc80c76376544caba9a6c3e0ddbb285 [term 1 FOLLOWER]: Triggering leader election, mode=ELECT_EVEN_IF_LEADER_IS_ALIVE
I1029 15:57:00.286944 1882566656 raft_consensus.cc:3471] T 4266a3868e4a4efb80d7c9ad7ec3b51f P 1bc80c76376544caba9a6c3e0ddbb285 [term 1 FOLLOWER]: Snoozing leader timeout detection for 3.061s
I1029 15:57:00.286952 1882566656 raft_consensus.cc:3532] T 4266a3868e4a4efb80d7c9ad7ec3b51f P 1bc80c76376544caba9a6c3e0ddbb285 [term 1 FOLLOWER]: Advancing to term 2
I1029 15:57:00.287096 1852174336 db_impl.cc:2602] T d80d00e63846472a90e5ffb6cd9530ae P 1bc80c76376544caba9a6c3e0ddbb285 [R]: SetOptions() on column family [default], inputs: [{level0_stop_writes_trigger, 2147483647}, {level0_slowdown_writes_trigger, 2147483647}]
I1029 15:57:00.287112 1853894656 tablet_bootstrap_if.cc:96] T 1f6517f6eec941db874715c15cb5b6a1 P 1bc80c76376544caba9a6c3e0ddbb285: Bootstrap replayed 1/1 log segments. Read operations: 12, overwritten operations: 0. Pending: 1 replicates. Last read committed op id: 1.12, last entry metadata: { entry_time: 159316.872s offset: 8146 active_segment_sequence_number: 1 }, last read entry op id: 1.12
I1029 15:57:00.287120 1852174336 db_impl.cc:2606] T d80d00e63846472a90e5ffb6cd9530ae P 1bc80c76376544caba9a6c3e0ddbb285 [R]: [default] SetOptions succeeded
I1029 15:57:00.287137 1853894656 tablet_bootstrap.cc:1508] T 1f6517f6eec941db874715c15cb5b6a1 P 1bc80c76376544caba9a6c3e0ddbb285: Dumping replay state to log at the end of PlaySegments
I1029 15:57:00.287160 1853894656 tablet_bootstrap.cc:1133] T 1f6517f6eec941db874715c15cb5b6a1 P 1bc80c76376544caba9a6c3e0ddbb285: ReplayState: Previous OpId: 1.12, Committed OpId: 1.12, Pending Replicates: 0, Flushed Regular: 0.0, Flushed Intents: 0.0
I1029 15:57:00.287168 1852747776 db_impl.cc:2602] T c4270a3bb2e3494288097623061afa8f P 1bc80c76376544caba9a6c3e0ddbb285 [R]: SetOptions() on column family [default], inputs: [{disable_auto_compactions, false}]
I1029 15:57:00.287168 1853894656 tablet_bootstrap.cc:1133] T 1f6517f6eec941db874715c15cb5b6a1 P 1bc80c76376544caba9a6c3e0ddbb285: Log entries applied to RocksDB: 12
I1029 15:57:00.287184 1852747776 db_impl.cc:2606] T c4270a3bb2e3494288097623061afa8f P 1bc80c76376544caba9a6c3e0ddbb285 [R]: [default] SetOptions succeeded
I1029 15:57:00.287200 1853894656 tablet_bootstrap.cc:1520] T 1f6517f6eec941db874715c15cb5b6a1 P 1bc80c76376544caba9a6c3e0ddbb285: Number of orphaned replicates: 0, last id: 1.12, committed id: 1.12
I1029 15:57:00.287341 1883713536 consensus_meta.cc:317] T d80d00e63846472a90e5ffb6cd9530ae P 1bc80c76376544caba9a6c3e0ddbb285: Updating active role from FOLLOWER to FOLLOWER. Consensus state: current_term: 2 leader_uuid: "" config { opid_index: -1 peers { permanent_uuid: "1bc80c76376544caba9a6c3e0ddbb285" member_type: VOTER last_known_private_addr { host: "127.0.0.1" port: 9100 } last_known_broadcast_addr { host: "127.0.0.1" port: 9100 } cloud_info { placement_cloud: "cloud1" placement_region: "datacenter1" placement_zone: "rack1" } } }, has_pending_config = 0
I1029 15:57:00.287357 1883713536 raft_consensus.cc:669] T d80d00e63846472a90e5ffb6cd9530ae P 1bc80c76376544caba9a6c3e0ddbb285 [term 2 FOLLOWER]: Starting election with config: opid_index: -1 peers { permanent_uuid: "1bc80c76376544caba9a6c3e0ddbb285" member_type: VOTER last_known_private_addr { host: "127.0.0.1" port: 9100 } last_known_broadcast_addr { host: "127.0.0.1" port: 9100 } cloud_info { placement_cloud: "cloud1" placement_region: "datacenter1" placement_zone: "rack1" } }
