I1029 15:07:32.125443 1902604288 raft_consensus.cc:3417] T cd040ecc3d0a463eaa61b8c89d2a9357 P 1bc80c76376544caba9a6c3e0ddbb285 [term 0 FOLLOWER]: Calling mark dirty synchronously for reason code CONSENSUS_STARTED
I1029 15:07:32.125489 1902604288 tablet_peer.cc:1545] T cd040ecc3d0a463eaa61b8c89d2a9357 P 1bc80c76376544caba9a6c3e0ddbb285 [state=RUNNING]: Changed state from BOOTSTRAPPING to RUNNING
I1029 15:07:32.125818 1902604288 db_impl.cc:2602] T cd040ecc3d0a463eaa61b8c89d2a9357 P 1bc80c76376544caba9a6c3e0ddbb285 [R]: SetOptions() on column family [default], inputs: [{level0_stop_writes_trigger, 2147483647}, {level0_slowdown_writes_trigger, 2147483647}]
I1029 15:07:32.125823 1902604288 db_impl.cc:2606] T cd040ecc3d0a463eaa61b8c89d2a9357 P 1bc80c76376544caba9a6c3e0ddbb285 [R]: [default] SetOptions succeeded
I1029 15:07:32.126114 1910632448 raft_consensus.cc:629] T cd040ecc3d0a463eaa61b8c89d2a9357 P 1bc80c76376544caba9a6c3e0ddbb285 [term 0 FOLLOWER]: Triggering leader pre-election, mode=ELECT_EVEN_IF_LEADER_IS_ALIVE
I1029 15:07:32.126129 1910632448 raft_consensus.cc:3471] T cd040ecc3d0a463eaa61b8c89d2a9357 P 1bc80c76376544caba9a6c3e0ddbb285 [term 0 FOLLOWER]: Snoozing leader timeout detection for 3.163s
I1029 15:07:32.126133 1902604288 db_impl.cc:2602] T cd040ecc3d0a463eaa61b8c89d2a9357 P 1bc80c76376544caba9a6c3e0ddbb285 [R]: SetOptions() on column family [default], inputs: [{disable_auto_compactions, false}]
I1029 15:07:32.126139 1910632448 raft_consensus.cc:669] T cd040ecc3d0a463eaa61b8c89d2a9357 P 1bc80c76376544caba9a6c3e0ddbb285 [term 0 FOLLOWER]: Starting pre-election with config: opid_index: -1 peers { permanent_uuid: "1bc80c76376544caba9a6c3e0ddbb285" member_type: VOTER last_known_private_addr { host: "127.0.0.1" port: 9100 } last_known_broadcast_addr { host: "127.0.0.1" port: 9100 } cloud_info { placement_cloud: "cloud1" placement_region: "datacenter1" placement_zone: "rack1" } }
I1029 15:07:32.126156 1902604288 db_impl.cc:2606] T cd040ecc3d0a463eaa61b8c89d2a9357 P 1bc80c76376544caba9a6c3e0ddbb285 [R]: [default] SetOptions succeeded
I1029 15:07:32.126166 1910632448 leader_election.cc:242] T cd040ecc3d0a463eaa61b8c89d2a9357 P 1bc80c76376544caba9a6c3e0ddbb285 [CANDIDATE]: Term 1 pre-election: Election decided. Result: candidate won.
I1029 15:07:32.126176 1902604288 tablet_peer.cc:1426] T cd040ecc3d0a463eaa61b8c89d2a9357 P 1bc80c76376544caba9a6c3e0ddbb285 [state=RUNNING]: Registered log gc
I1029 15:07:32.126186 1902604288 ts_tablet_manager.cc:1695] T cd040ecc3d0a463eaa61b8c89d2a9357 P 1bc80c76376544caba9a6c3e0ddbb285: Time spent starting tablet: real 0.001s	user 0.001s	sys 0.001s
I1029 15:07:32.126184 1865330688 raft_consensus.cc:3471] T cd040ecc3d0a463eaa61b8c89d2a9357 P 1bc80c76376544caba9a6c3e0ddbb285 [term 0 FOLLOWER]: Snoozing leader timeout detection for 3.111s
I1029 15:07:32.126196 1902604288 ts_tablet_manager.cc:3075] Deleted transition in progress creating tablet for tablet cd040ecc3d0a463eaa61b8c89d2a9357
I1029 15:07:32.126209 1865330688 raft_consensus.cc:3364] T cd040ecc3d0a463eaa61b8c89d2a9357 P 1bc80c76376544caba9a6c3e0ddbb285 [term 0 FOLLOWER]: Leader pre-election won for term 1
I1029 15:07:32.126225 1865330688 raft_consensus.cc:629] T cd040ecc3d0a463eaa61b8c89d2a9357 P 1bc80c76376544caba9a6c3e0ddbb285 [term 0 FOLLOWER]: Triggering leader election, mode=ELECT_EVEN_IF_LEADER_IS_ALIVE
I1029 15:07:32.126230 1865330688 raft_consensus.cc:3471] T cd040ecc3d0a463eaa61b8c89d2a9357 P 1bc80c76376544caba9a6c3e0ddbb285 [term 0 FOLLOWER]: Snoozing leader timeout detection for 3.191s
I1029 15:07:32.126235 1865330688 raft_consensus.cc:3532] T cd040ecc3d0a463eaa61b8c89d2a9357 P 1bc80c76376544caba9a6c3e0ddbb285 [term 0 FOLLOWER]: Advancing to term 1
I1029 15:07:32.126500 1865330688 consensus_meta.cc:317] T cd040ecc3d0a463eaa61b8c89d2a9357 P 1bc80c76376544caba9a6c3e0ddbb285: Updating active role from FOLLOWER to FOLLOWER. Consensus state: current_term: 1 leader_uuid: "" config { opid_index: -1 peers { permanent_uuid: "1bc80c76376544caba9a6c3e0ddbb285" member_type: VOTER last_known_private_addr { host: "127.0.0.1" port: 9100 } last_known_broadcast_addr { host: "127.0.0.1" port: 9100 } cloud_info { placement_cloud: "cloud1" placement_region: "datacenter1" placement_zone: "rack1" } } }, has_pending_config = 0
I1029 15:07:32.126518 1865330688 raft_consensus.cc:669] T cd040ecc3d0a463eaa61b8c89d2a9357 P 1bc80c76376544caba9a6c3e0ddbb285 [term 1 FOLLOWER]: Starting election with config: opid_index: -1 peers { permanent_uuid: "1bc80c76376544caba9a6c3e0ddbb285" member_type: VOTER last_known_private_addr { host: "127.0.0.1" port: 9100 } last_known_broadcast_addr { host: "127.0.0.1" port: 9100 } cloud_info { placement_cloud: "cloud1" placement_region: "datacenter1" placement_zone: "rack1" } }
I1029 15:07:32.126722 1865330688 leader_election.cc:242] T cd040ecc3d0a463eaa61b8c89d2a9357 P 1bc80c76376544caba9a6c3e0ddbb285 [CANDIDATE]: Term 1 election: Election decided. Result: candidate won.
I1029 15:07:32.126768 1908338688 raft_consensus.cc:3471] T cd040ecc3d0a463eaa61b8c89d2a9357 P 1bc80c76376544caba9a6c3e0ddbb285 [term 1 FOLLOWER]: Snoozing leader timeout detection for 3.133s
I1029 15:07:32.126847 1908338688 raft_consensus.cc:3378] T cd040ecc3d0a463eaa61b8c89d2a9357 P 1bc80c76376544caba9a6c3e0ddbb285 [term 1 FOLLOWER]: Leader election won for term 1
I1029 15:07:32.126852 1908338688 replica_state.cc:1168] T cd040ecc3d0a463eaa61b8c89d2a9357 P 1bc80c76376544caba9a6c3e0ddbb285 [term 1 FOLLOWER]: Reset our lease: 158643.747s
I1029 15:07:32.126857 1908338688 replica_state.cc:1467] T cd040ecc3d0a463eaa61b8c89d2a9357 P 1bc80c76376544caba9a6c3e0ddbb285 [term 1 FOLLOWER]: SetLeaderNoOpCommittedUnlocked(0), committed: 0.0, received: 0.0
I1029 15:07:32.126863 1908338688 consensus_meta.cc:317] T cd040ecc3d0a463eaa61b8c89d2a9357 P 1bc80c76376544caba9a6c3e0ddbb285: Updating active role from FOLLOWER to LEADER. Consensus state: current_term: 1 leader_uuid: "1bc80c76376544caba9a6c3e0ddbb285" config { opid_index: -1 peers { permanent_uuid: "1bc80c76376544caba9a6c3e0ddbb285" member_type: VOTER last_known_private_addr { host: "127.0.0.1" port: 9100 } last_known_broadcast_addr { host: "127.0.0.1" port: 9100 } cloud_info { placement_cloud: "cloud1" placement_region: "datacenter1" placement_zone: "rack1" } } }, has_pending_config = 0
I1029 15:07:32.126874 1908338688 raft_consensus.cc:3417] T cd040ecc3d0a463eaa61b8c89d2a9357 P 1bc80c76376544caba9a6c3e0ddbb285 [term 1 LEADER]: Calling mark dirty synchronously for reason code NEW_LEADER_ELECTED
I1029 15:07:32.126883 1908338688 raft_consensus.cc:1061] T cd040ecc3d0a463eaa61b8c89d2a9357 P 1bc80c76376544caba9a6c3e0ddbb285 [term 1 LEADER]: Becoming Leader. State: Replica: 1bc80c76376544caba9a6c3e0ddbb285, State: 1, Role: LEADER, Watermarks: {Received: 0.0 Committed: 0.0} Leader: 0.0
I1029 15:07:32.126891 1908338688 consensus_queue.cc:254] T cd040ecc3d0a463eaa61b8c89d2a9357 P 1bc80c76376544caba9a6c3e0ddbb285 [LEADER]: Queue going to LEADER mode. State: All replicated op: 0.0, Majority replicated op: 0.0, Committed index: 0.0, Last applied: 0.0, Last appended: 0.0, Current term: 1, Majority size: 1, State: QUEUE_OPEN, Mode: LEADER, active raft config: opid_index: -1 peers { permanent_uuid: "1bc80c76376544caba9a6c3e0ddbb285" member_type: VOTER last_known_private_addr { host: "127.0.0.1" port: 9100 } last_known_broadcast_addr { host: "127.0.0.1" port: 9100 } cloud_info { placement_cloud: "cloud1" placement_region: "datacenter1" placement_zone: "rack1" } }
I1029 15:07:32.126906 1908338688 raft_consensus.cc:1079] Sending NO_OP at op 0.0
I1029 15:07:32.127061 1865330688 replica_state.cc:1467] T cd040ecc3d0a463eaa61b8c89d2a9357 P 1bc80c76376544caba9a6c3e0ddbb285 [term 1 LEADER]: SetLeaderNoOpCommittedUnlocked(1), committed: 0.0, received: 1.1
I1029 15:07:32.127071 1865330688 replica_state.cc:787] T cd040ecc3d0a463eaa61b8c89d2a9357 P 1bc80c76376544caba9a6c3e0ddbb285 [term 1 LEADER]: Advanced the committed_op_id across terms. Last committed operation was: 0.0 New committed index is: 1.1
I1029 15:07:32.154503 1907191808 table_creator.cc:405] Created table system_postgres.sequences_data of type PGSQL_TABLE_TYPE
I1029 15:07:32.154544 1907191808 pg_create_table.cc:365] Table 'system_postgres.sequences_data' created.
I1029 15:07:32.164117 1891708928 pg_create_table.cc:97] PgCreateTable: creating a transactional table: aya_rag_prod.system_nodes/{ database_oid: 16384 object_oid: 16455 }
I1029 15:07:32.164163 1891708928 table_creator.cc:322] Get number of tablet for YSQL user table
I1029 15:07:32.165298 1895149568 tablet_service.cc:1458] Processing CreateTablet for T 053c2504078c40ce9241c8c319049998 P 1bc80c76376544caba9a6c3e0ddbb285 (table=system_nodes [id=00004000000030008000000000004047]), partition=hash_split: [0x0000, 0xFFFF]
I1029 15:07:32.165320 1895149568 ts_tablet_manager.cc:2470] Get and update data/wal directory assignment map for table: 00004000000030008000000000004047 and tablet 053c2504078c40ce9241c8c319049998
I1029 15:07:32.165974 1895149568 ts_tablet_manager.cc:830] T 053c2504078c40ce9241c8c319049998 P 1bc80c76376544caba9a6c3e0ddbb285: Created tablet metadata for table: 00004000000030008000000000004047
I1029 15:07:32.165982 1895149568 consensus_meta.cc:317] T 053c2504078c40ce9241c8c319049998 P 1bc80c76376544caba9a6c3e0ddbb285: Updating active role from UNKNOWN_ROLE to FOLLOWER. Consensus state: current_term: 0 leader_uuid: "" config { opid_index: -1 peers { permanent_uuid: "1bc80c76376544caba9a6c3e0ddbb285" member_type: VOTER last_known_private_addr { host: "127.0.0.1" port: 9100 } last_known_broadcast_addr { host: "127.0.0.1" port: 9100 } cloud_info { placement_cloud: "cloud1" placement_region: "datacenter1" placement_zone: "rack1" } } }, has_pending_config = 0
I1029 15:07:32.166205 1895149568 ts_tablet_manager.cc:1939] P 1bc80c76376544caba9a6c3e0ddbb285: Registered tablet 053c2504078c40ce9241c8c319049998
I1029 15:07:32.166219 1902604288 ts_tablet_manager.cc:1570] T 053c2504078c40ce9241c8c319049998 P 1bc80c76376544caba9a6c3e0ddbb285: Bootstrapping tablet
I1029 15:07:32.166285 1902604288 consensus_meta.cc:317] T 053c2504078c40ce9241c8c319049998 P 1bc80c76376544caba9a6c3e0ddbb285: Updating active role from UNKNOWN_ROLE to FOLLOWER. Consensus state: current_term: 0 leader_uuid: "" config { opid_index: -1 peers { permanent_uuid: "1bc80c76376544caba9a6c3e0ddbb285" member_type: VOTER last_known_private_addr { host: "127.0.0.1" port: 9100 } last_known_broadcast_addr { host: "127.0.0.1" port: 9100 } cloud_info { placement_cloud: "cloud1" placement_region: "datacenter1" placement_zone: "rack1" } } }, has_pending_config = 0
I1029 15:07:32.166311 1902604288 retryable_requests.cc:251] Wal dir is not created, skip initializing RetryableRequestsManager for 053c2504078c40ce9241c8c319049998
I1029 15:07:32.166318 1902604288 tablet_peer.cc:1545] T 053c2504078c40ce9241c8c319049998 P 1bc80c76376544caba9a6c3e0ddbb285 [state=BOOTSTRAPPING]: Changed state from NOT_STARTED to BOOTSTRAPPING
I1029 15:07:32.166327 1902604288 tablet_bootstrap_if.cc:96] T 053c2504078c40ce9241c8c319049998 P 1bc80c76376544caba9a6c3e0ddbb285: Bootstrap starting.
I1029 15:07:32.166342 1902604288 tablet.cc:486] T 053c2504078c40ce9241c8c319049998 P 1bc80c76376544caba9a6c3e0ddbb285: Schema version for system_nodes is 0
I1029 15:07:32.166421 1902604288 transaction_participant.cc:164] T 053c2504078c40ce9241c8c319049998 P 1bc80c76376544caba9a6c3e0ddbb285: Create
I1029 15:07:32.166451 1902604288 docdb_rocksdb_util.cc:616] T 053c2504078c40ce9241c8c319049998 P 1bc80c76376544caba9a6c3e0ddbb285 [R]: Write buffer size: 134217728
I1029 15:07:32.166469 1902604288 tablet.cc:613] T 053c2504078c40ce9241c8c319049998 P 1bc80c76376544caba9a6c3e0ddbb285: Creating RocksDB database in dir /Users/arthurdell/var/data/yb-data/tserver/data/rocksdb/table-00004000000030008000000000004047/tablet-053c2504078c40ce9241c8c319049998
I1029 15:07:32.166673 1902604288 tablet.cc:805] Opening RocksDB at: /Users/arthurdell/var/data/yb-data/tserver/data/rocksdb/table-00004000000030008000000000004047/tablet-053c2504078c40ce9241c8c319049998
I1029 15:07:32.166778 1902604288 db_impl.cc:934] T 053c2504078c40ce9241c8c319049998 P 1bc80c76376544caba9a6c3e0ddbb285 [R]: Creating manifest 1 
I1029 15:07:32.167315 1902604288 version_set.cc:2918] T 053c2504078c40ce9241c8c319049998 P 1bc80c76376544caba9a6c3e0ddbb285 [R]: Recovered from manifest file:/Users/arthurdell/var/data/yb-data/tserver/data/rocksdb/table-00004000000030008000000000004047/tablet-053c2504078c40ce9241c8c319049998/MANIFEST-000001 succeeded,manifest_file_number is 1, next_file_number is 3, last_sequence is 1125899906842624, log_number is 0,prev_log_number is 0,max_column_family is 0, flushed_values is <NULL>
I1029 15:07:32.167322 1902604288 version_set.cc:2926] T 053c2504078c40ce9241c8c319049998 P 1bc80c76376544caba9a6c3e0ddbb285 [R]: Column family [default] (ID 0), log number is 0
I1029 15:07:32.167750 1902604288 tablet.cc:820] T 053c2504078c40ce9241c8c319049998 P 1bc80c76376544caba9a6c3e0ddbb285: Opening intents DB at: /Users/arthurdell/var/data/yb-data/tserver/data/rocksdb/table-00004000000030008000000000004047/tablet-053c2504078c40ce9241c8c319049998.intents
I1029 15:07:32.167856 1902604288 db_impl.cc:934] T 053c2504078c40ce9241c8c319049998 P 1bc80c76376544caba9a6c3e0ddbb285 [I]: Creating manifest 1 
I1029 15:07:32.168325 1902604288 version_set.cc:2918] T 053c2504078c40ce9241c8c319049998 P 1bc80c76376544caba9a6c3e0ddbb285 [I]: Recovered from manifest file:/Users/arthurdell/var/data/yb-data/tserver/data/rocksdb/table-00004000000030008000000000004047/tablet-053c2504078c40ce9241c8c319049998.intents/MANIFEST-000001 succeeded,manifest_file_number is 1, next_file_number is 3, last_sequence is 1125899906842624, log_number is 0,prev_log_number is 0,max_column_family is 0, flushed_values is <NULL>
I1029 15:07:32.168342 1902604288 version_set.cc:2926] T 053c2504078c40ce9241c8c319049998 P 1bc80c76376544caba9a6c3e0ddbb285 [I]: Column family [default] (ID 0), log number is 0
I1029 15:07:32.168778 1902604288 tablet.cc:872] T 053c2504078c40ce9241c8c319049998 P 1bc80c76376544caba9a6c3e0ddbb285: Successfully opened a RocksDB database at /Users/arthurdell/var/data/yb-data/tserver/data/rocksdb/table-00004000000030008000000000004047/tablet-053c2504078c40ce9241c8c319049998, obj: 0x111487200
I1029 15:07:32.168785 1911205888 transaction_loader.cc:103] T 053c2504078c40ce9241c8c319049998 P 1bc80c76376544caba9a6c3e0ddbb285: Load transactions start
I1029 15:07:32.168794 1902604288 tablet_bootstrap.cc:658] T 053c2504078c40ce9241c8c319049998 P 1bc80c76376544caba9a6c3e0ddbb285: Time spent opening tablet: real 0.002s	user 0.000s	sys 0.002s
I1029 15:07:32.168805 1911205888 transaction_loader.cc:167] T 053c2504078c40ce9241c8c319049998 P 1bc80c76376544caba9a6c3e0ddbb285: LoadTransactions done: loaded 0 transactions
I1029 15:07:32.168938 1902604288 tablet_bootstrap.cc:578] T 053c2504078c40ce9241c8c319049998 P 1bc80c76376544caba9a6c3e0ddbb285: No blocks or log segments found. Creating new log.
I1029 15:07:32.168956 1902604288 log.cc:1369] T 053c2504078c40ce9241c8c319049998 P 1bc80c76376544caba9a6c3e0ddbb285: Setting log wal retention time to 0 seconds
I1029 15:07:32.169202 1902604288 tablet_bootstrap_if.cc:96] T 053c2504078c40ce9241c8c319049998 P 1bc80c76376544caba9a6c3e0ddbb285: No bootstrap required, opened a new log
I1029 15:07:32.169209 1902604288 log.cc:1369] T 053c2504078c40ce9241c8c319049998 P 1bc80c76376544caba9a6c3e0ddbb285: Setting log wal retention time to 0 seconds
I1029 15:07:32.169216 1902604288 ts_tablet_manager.cc:1618] T 053c2504078c40ce9241c8c319049998 P 1bc80c76376544caba9a6c3e0ddbb285: Time spent bootstrapping tablet: real 0.003s	user 0.001s	sys 0.002s
I1029 15:07:32.169247 1902604288 transaction_participant.cc:254] T 053c2504078c40ce9241c8c319049998 P 1bc80c76376544caba9a6c3e0ddbb285: Start
I1029 15:07:32.169256 1911205888 transaction_participant.cc:1319] T 053c2504078c40ce9241c8c319049998 P 1bc80c76376544caba9a6c3e0ddbb285: LoadFinished: starting transaction status resolution
I1029 15:07:32.169796 1902604288 consensus_meta.cc:317] T 053c2504078c40ce9241c8c319049998 P 1bc80c76376544caba9a6c3e0ddbb285: Updating active role from FOLLOWER to FOLLOWER. Consensus state: current_term: 0 leader_uuid: "" config { opid_index: -1 peers { permanent_uuid: "1bc80c76376544caba9a6c3e0ddbb285" member_type: VOTER last_known_private_addr { host: "127.0.0.1" port: 9100 } last_known_broadcast_addr { host: "127.0.0.1" port: 9100 } cloud_info { placement_cloud: "cloud1" placement_region: "datacenter1" placement_zone: "rack1" } } }, has_pending_config = 0
I1029 15:07:32.169811 1902604288 raft_consensus.cc:483] T 053c2504078c40ce9241c8c319049998 P 1bc80c76376544caba9a6c3e0ddbb285 [term 0 FOLLOWER]: Replica starting. Triggering 0 pending operations. Active config: opid_index: -1 peers { permanent_uuid: "1bc80c76376544caba9a6c3e0ddbb285" member_type: VOTER last_known_private_addr { host: "127.0.0.1" port: 9100 } last_known_broadcast_addr { host: "127.0.0.1" port: 9100 } cloud_info { placement_cloud: "cloud1" placement_region: "datacenter1" placement_zone: "rack1" } }
I1029 15:07:32.169819 1902604288 raft_consensus.cc:512] T 053c2504078c40ce9241c8c319049998 P 1bc80c76376544caba9a6c3e0ddbb285 [term 0 FOLLOWER]: Consensus starting up: Expiring fail detector timer to make a prompt election more likely
I1029 15:07:32.169824 1902604288 raft_consensus.cc:1120] T 053c2504078c40ce9241c8c319049998 P 1bc80c76376544caba9a6c3e0ddbb285 [term 0 FOLLOWER]: Becoming Follower/Learner. State: Replica: 1bc80c76376544caba9a6c3e0ddbb285, State: 1, Role: FOLLOWER, Watermarks: {Received: 0.0 Committed: 0.0} Leader: 0.0, new leader: , initial_fd_wait: <uninitialized>
I1029 15:07:32.169831 1902604288 consensus_meta.cc:317] T 053c2504078c40ce9241c8c319049998 P 1bc80c76376544caba9a6c3e0ddbb285: Updating active role from FOLLOWER to FOLLOWER. Consensus state: current_term: 0 leader_uuid: "" config { opid_index: -1 peers { permanent_uuid: "1bc80c76376544caba9a6c3e0ddbb285" member_type: VOTER last_known_private_addr { host: "127.0.0.1" port: 9100 } last_known_broadcast_addr { host: "127.0.0.1" port: 9100 } cloud_info { placement_cloud: "cloud1" placement_region: "datacenter1" placement_zone: "rack1" } } }, has_pending_config = 0
I1029 15:07:32.169840 1902604288 consensus_queue.cc:272] T 053c2504078c40ce9241c8c319049998 P 1bc80c76376544caba9a6c3e0ddbb285 [NON_LEADER]: Queue going to NON_LEADER mode. State: All replicated op: 0.0, Majority replicated op: 0.0, Committed index: 0.0, Last applied: 0.0, Last appended: 0.0, Current term: 0, Majority size: -1, State: QUEUE_OPEN, Mode: NON_LEADER
I1029 15:07:32.169850 1902604288 raft_consensus.cc:3417] T 053c2504078c40ce9241c8c319049998 P 1bc80c76376544caba9a6c3e0ddbb285 [term 0 FOLLOWER]: Calling mark dirty synchronously for reason code CONSENSUS_STARTED
I1029 15:07:32.169857 1902604288 tablet_peer.cc:1545] T 053c2504078c40ce9241c8c319049998 P 1bc80c76376544caba9a6c3e0ddbb285 [state=RUNNING]: Changed state from BOOTSTRAPPING to RUNNING
I1029 15:07:32.170182 1902604288 db_impl.cc:2602] T 053c2504078c40ce9241c8c319049998 P 1bc80c76376544caba9a6c3e0ddbb285 [R]: SetOptions() on column family [default], inputs: [{level0_stop_writes_trigger, 2147483647}, {level0_slowdown_writes_trigger, 2147483647}]
I1029 15:07:32.170186 1902604288 db_impl.cc:2606] T 053c2504078c40ce9241c8c319049998 P 1bc80c76376544caba9a6c3e0ddbb285 [R]: [default] SetOptions succeeded
I1029 15:07:32.170290 1909485568 raft_consensus.cc:629] T 053c2504078c40ce9241c8c319049998 P 1bc80c76376544caba9a6c3e0ddbb285 [term 0 FOLLOWER]: Triggering leader pre-election, mode=ELECT_EVEN_IF_LEADER_IS_ALIVE
I1029 15:07:32.170296 1909485568 raft_consensus.cc:3471] T 053c2504078c40ce9241c8c319049998 P 1bc80c76376544caba9a6c3e0ddbb285 [term 0 FOLLOWER]: Snoozing leader timeout detection for 3.220s
I1029 15:07:32.170301 1909485568 raft_consensus.cc:669] T 053c2504078c40ce9241c8c319049998 P 1bc80c76376544caba9a6c3e0ddbb285 [term 0 FOLLOWER]: Starting pre-election with config: opid_index: -1 peers { permanent_uuid: "1bc80c76376544caba9a6c3e0ddbb285" member_type: VOTER last_known_private_addr { host: "127.0.0.1" port: 9100 } last_known_broadcast_addr { host: "127.0.0.1" port: 9100 } cloud_info { placement_cloud: "cloud1" placement_region: "datacenter1" placement_zone: "rack1" } }
I1029 15:07:32.170310 1909485568 leader_election.cc:242] T 053c2504078c40ce9241c8c319049998 P 1bc80c76376544caba9a6c3e0ddbb285 [CANDIDATE]: Term 1 pre-election: Election decided. Result: candidate won.
I1029 15:07:32.170322 1908338688 raft_consensus.cc:3471] T 053c2504078c40ce9241c8c319049998 P 1bc80c76376544caba9a6c3e0ddbb285 [term 0 FOLLOWER]: Snoozing leader timeout detection for 3.293s
I1029 15:07:32.170333 1908338688 raft_consensus.cc:3364] T 053c2504078c40ce9241c8c319049998 P 1bc80c76376544caba9a6c3e0ddbb285 [term 0 FOLLOWER]: Leader pre-election won for term 1
I1029 15:07:32.170342 1908338688 raft_consensus.cc:629] T 053c2504078c40ce9241c8c319049998 P 1bc80c76376544caba9a6c3e0ddbb285 [term 0 FOLLOWER]: Triggering leader election, mode=ELECT_EVEN_IF_LEADER_IS_ALIVE
I1029 15:07:32.170353 1908338688 raft_consensus.cc:3471] T 053c2504078c40ce9241c8c319049998 P 1bc80c76376544caba9a6c3e0ddbb285 [term 0 FOLLOWER]: Snoozing leader timeout detection for 3.014s
I1029 15:07:32.170357 1908338688 raft_consensus.cc:3532] T 053c2504078c40ce9241c8c319049998 P 1bc80c76376544caba9a6c3e0ddbb285 [term 0 FOLLOWER]: Advancing to term 1
I1029 15:07:32.170513 1902604288 db_impl.cc:2602] T 053c2504078c40ce9241c8c319049998 P 1bc80c76376544caba9a6c3e0ddbb285 [R]: SetOptions() on column family [default], inputs: [{disable_auto_compactions, false}]
I1029 15:07:32.170518 1902604288 db_impl.cc:2606] T 053c2504078c40ce9241c8c319049998 P 1bc80c76376544caba9a6c3e0ddbb285 [R]: [default] SetOptions succeeded
I1029 15:07:32.170614 1908338688 consensus_meta.cc:317] T 053c2504078c40ce9241c8c319049998 P 1bc80c76376544caba9a6c3e0ddbb285: Updating active role from FOLLOWER to FOLLOWER. Consensus state: current_term: 1 leader_uuid: "" config { opid_index: -1 peers { permanent_uuid: "1bc80c76376544caba9a6c3e0ddbb285" member_type: VOTER last_known_private_addr { host: "127.0.0.1" port: 9100 } last_known_broadcast_addr { host: "127.0.0.1" port: 9100 } cloud_info { placement_cloud: "cloud1" placement_region: "datacenter1" placement_zone: "rack1" } } }, has_pending_config = 0
I1029 15:07:32.170625 1908338688 raft_consensus.cc:669] T 053c2504078c40ce9241c8c319049998 P 1bc80c76376544caba9a6c3e0ddbb285 [term 1 FOLLOWER]: Starting election with config: opid_index: -1 peers { permanent_uuid: "1bc80c76376544caba9a6c3e0ddbb285" member_type: VOTER last_known_private_addr { host: "127.0.0.1" port: 9100 } last_known_broadcast_addr { host: "127.0.0.1" port: 9100 } cloud_info { placement_cloud: "cloud1" placement_region: "datacenter1" placement_zone: "rack1" } }
I1029 15:07:32.170822 1902604288 db_impl.cc:2602] T 053c2504078c40ce9241c8c319049998 P 1bc80c76376544caba9a6c3e0ddbb285 [I]: SetOptions() on column family [default], inputs: [{level0_stop_writes_trigger, 2147483647}, {level0_slowdown_writes_trigger, 2147483647}]
I1029 15:07:32.170827 1902604288 db_impl.cc:2606] T 053c2504078c40ce9241c8c319049998 P 1bc80c76376544caba9a6c3e0ddbb285 [I]: [default] SetOptions succeeded
I1029 15:07:32.170847 1908338688 leader_election.cc:242] T 053c2504078c40ce9241c8c319049998 P 1bc80c76376544caba9a6c3e0ddbb285 [CANDIDATE]: Term 1 election: Election decided. Result: candidate won.
I1029 15:07:32.170855 1908338688 raft_consensus.cc:3471] T 053c2504078c40ce9241c8c319049998 P 1bc80c76376544caba9a6c3e0ddbb285 [term 1 FOLLOWER]: Snoozing leader timeout detection for 3.201s
I1029 15:07:32.170861 1908338688 raft_consensus.cc:3378] T 053c2504078c40ce9241c8c319049998 P 1bc80c76376544caba9a6c3e0ddbb285 [term 1 FOLLOWER]: Leader election won for term 1
I1029 15:07:32.170864 1908338688 replica_state.cc:1168] T 053c2504078c40ce9241c8c319049998 P 1bc80c76376544caba9a6c3e0ddbb285 [term 1 FOLLOWER]: Reset our lease: 158643.792s
I1029 15:07:32.170867 1908338688 replica_state.cc:1467] T 053c2504078c40ce9241c8c319049998 P 1bc80c76376544caba9a6c3e0ddbb285 [term 1 FOLLOWER]: SetLeaderNoOpCommittedUnlocked(0), committed: 0.0, received: 0.0
I1029 15:07:32.170873 1908338688 consensus_meta.cc:317] T 053c2504078c40ce9241c8c319049998 P 1bc80c76376544caba9a6c3e0ddbb285: Updating active role from FOLLOWER to LEADER. Consensus state: current_term: 1 leader_uuid: "1bc80c76376544caba9a6c3e0ddbb285" config { opid_index: -1 peers { permanent_uuid: "1bc80c76376544caba9a6c3e0ddbb285" member_type: VOTER last_known_private_addr { host: "127.0.0.1" port: 9100 } last_known_broadcast_addr { host: "127.0.0.1" port: 9100 } cloud_info { placement_cloud: "cloud1" placement_region: "datacenter1" placement_zone: "rack1" } } }, has_pending_config = 0
I1029 15:07:32.170882 1908338688 raft_consensus.cc:3417] T 053c2504078c40ce9241c8c319049998 P 1bc80c76376544caba9a6c3e0ddbb285 [term 1 LEADER]: Calling mark dirty synchronously for reason code NEW_LEADER_ELECTED
I1029 15:07:32.170888 1908338688 raft_consensus.cc:1061] T 053c2504078c40ce9241c8c319049998 P 1bc80c76376544caba9a6c3e0ddbb285 [term 1 LEADER]: Becoming Leader. State: Replica: 1bc80c76376544caba9a6c3e0ddbb285, State: 1, Role: LEADER, Watermarks: {Received: 0.0 Committed: 0.0} Leader: 0.0
I1029 15:07:32.170897 1908338688 consensus_queue.cc:254] T 053c2504078c40ce9241c8c319049998 P 1bc80c76376544caba9a6c3e0ddbb285 [LEADER]: Queue going to LEADER mode. State: All replicated op: 0.0, Majority replicated op: 0.0, Committed index: 0.0, Last applied: 0.0, Last appended: 0.0, Current term: 1, Majority size: 1, State: QUEUE_OPEN, Mode: LEADER, active raft config: opid_index: -1 peers { permanent_uuid: "1bc80c76376544caba9a6c3e0ddbb285" member_type: VOTER last_known_private_addr { host: "127.0.0.1" port: 9100 } last_known_broadcast_addr { host: "127.0.0.1" port: 9100 } cloud_info { placement_cloud: "cloud1" placement_region: "datacenter1" placement_zone: "rack1" } }
I1029 15:07:32.170905 1908338688 raft_consensus.cc:1079] Sending NO_OP at op 0.0
I1029 15:07:32.171087 1865330688 replica_state.cc:1467] T 053c2504078c40ce9241c8c319049998 P 1bc80c76376544caba9a6c3e0ddbb285 [term 1 LEADER]: SetLeaderNoOpCommittedUnlocked(1), committed: 0.0, received: 1.1
I1029 15:07:32.171095 1865330688 replica_state.cc:787] T 053c2504078c40ce9241c8c319049998 P 1bc80c76376544caba9a6c3e0ddbb285 [term 1 LEADER]: Advanced the committed_op_id across terms. Last committed operation was: 0.0 New committed index is: 1.1
I1029 15:07:32.171170 1902604288 db_impl.cc:2602] T 053c2504078c40ce9241c8c319049998 P 1bc80c76376544caba9a6c3e0ddbb285 [I]: SetOptions() on column family [default], inputs: [{disable_auto_compactions, false}]
I1029 15:07:32.171175 1902604288 db_impl.cc:2606] T 053c2504078c40ce9241c8c319049998 P 1bc80c76376544caba9a6c3e0ddbb285 [I]: [default] SetOptions succeeded
I1029 15:07:32.171182 1902604288 tablet_peer.cc:1426] T 053c2504078c40ce9241c8c319049998 P 1bc80c76376544caba9a6c3e0ddbb285 [state=RUNNING]: Registered log gc
I1029 15:07:32.171190 1902604288 ts_tablet_manager.cc:1695] T 053c2504078c40ce9241c8c319049998 P 1bc80c76376544caba9a6c3e0ddbb285: Time spent starting tablet: real 0.002s	user 0.001s	sys 0.001s
I1029 15:07:32.171197 1902604288 ts_tablet_manager.cc:3075] Deleted transition in progress creating tablet for tablet 053c2504078c40ce9241c8c319049998
I1029 15:07:32.236400 1891708928 table_creator.cc:405] Created table aya_rag_prod.system_nodes of type PGSQL_TABLE_TYPE
I1029 15:07:32.284031 1895723008 pg_create_table.cc:97] PgCreateTable: creating a transactional index: aya_rag_prod.system_nodes_node_name_key/{ database_oid: 16384 object_oid: 16465 }
I1029 15:07:32.284057 1895723008 table_creator.cc:322] Get number of tablet for YSQL user table
I1029 15:07:32.284809 1865330688 tablet.cc:2138] T 053c2504078c40ce9241c8c319049998 P 1bc80c76376544caba9a6c3e0ddbb285: Alter schema from Schema [
	0:id[int32 NOT NULL HASH],
	1:node_name[string NULLABLE VALUE],
	2:node_role[string NULLABLE VALUE],
	3:model_name[string NULLABLE VALUE],
	4:model_identifier[string NULLABLE VALUE],
	5:model_number[string NULLABLE VALUE],
	6:serial_number[string NULLABLE VALUE],
	7:hardware_uuid[binary NULLABLE VALUE],
	8:cpu_model[string NULLABLE VALUE],
	9:cpu_architecture[string NULLABLE VALUE],
	10:cpu_cores_total[int32 NULLABLE VALUE],
	11:cpu_cores_performance[int32 NULLABLE VALUE],
	12:cpu_cores_efficiency[int32 NULLABLE VALUE],
	13:cpu_l1_cache_kb[int32 NULLABLE VALUE],
	14:cpu_l2_cache_mb[int32 NULLABLE VALUE],
	15:gpu_model[string NULLABLE VALUE],
	16:gpu_cores[int32 NULLABLE VALUE],
	17:gpu_metal_version[string NULLABLE VALUE],
	18:gpu_compute_tflops[decimal NULLABLE VALUE],
	19:ram_gb[int32 NULLABLE VALUE],
	20:ram_type[string NULLABLE VALUE],
	21:ram_manufacturer[string NULLABLE VALUE],
	22:ram_bandwidth_gbps[int32 NULLABLE VALUE],
	23:storage_internal_tb[int32 NULLABLE VALUE],
	24:storage_internal_type[string NULLABLE VALUE],
	25:storage_internal_device[string NULLABLE VALUE],
	26:storage_external_tb[int32 NULLABLE VALUE],
	27:storage_external_device[string NULLABLE VALUE],
	28:os_name[string NULLABLE VALUE],
	29:os_version[string NULLABLE VALUE],
	30:os_build[string NULLABLE VALUE],
	31:kernel_version[string NULLABLE VALUE],
	32:status[string NULLABLE VALUE],
	33:last_verified[int64 NULLABLE VALUE],
	34:metadata[binary NULLABLE VALUE],
	35:created_at[int64 NULLABLE VALUE],
	36:updated_at[int64 NULLABLE VALUE]
]
properties: contain_counters: false is_transactional: true consistency_level: STRONG use_mangled_column_name: false is_ysql_catalog_table: false retain_delete_markers: false partitioning_version: 1 version 0 to Schema [
	0:id[int32 NOT NULL HASH],
	1:node_name[string NULLABLE VALUE],
	2:node_role[string NULLABLE VALUE],
	3:model_name[string NULLABLE VALUE],
	4:model_identifier[string NULLABLE VALUE],
	5:model_number[string NULLABLE VALUE],
	6:serial_number[string NULLABLE VALUE],
	7:hardware_uuid[binary NULLABLE VALUE],
	8:cpu_model[string NULLABLE VALUE],
	9:cpu_architecture[string NULLABLE VALUE],
	10:cpu_cores_total[int32 NULLABLE VALUE],
	11:cpu_cores_performance[int32 NULLABLE VALUE],
	12:cpu_cores_efficiency[int32 NULLABLE VALUE],
	13:cpu_l1_cache_kb[int32 NULLABLE VALUE],
	14:cpu_l2_cache_mb[int32 NULLABLE VALUE],
	15:gpu_model[string NULLABLE VALUE],
	16:gpu_cores[int32 NULLABLE VALUE],
	17:gpu_metal_version[string NULLABLE VALUE],
	18:gpu_compute_tflops[decimal NULLABLE VALUE],
	19:ram_gb[int32 NULLABLE VALUE],
	20:ram_type[string NULLABLE VALUE],
	21:ram_manufacturer[string NULLABLE VALUE],
	22:ram_bandwidth_gbps[int32 NULLABLE VALUE],
	23:storage_internal_tb[int32 NULLABLE VALUE],
	24:storage_internal_type[string NULLABLE VALUE],
	25:storage_internal_device[string NULLABLE VALUE],
	26:storage_external_tb[int32 NULLABLE VALUE],
	27:storage_external_device[string NULLABLE VALUE],
	28:os_name[string NULLABLE VALUE],
	29:os_version[string NULLABLE VALUE],
	30:os_build[string NULLABLE VALUE],
	31:kernel_version[string NULLABLE VALUE],
	32:status[string NULLABLE VALUE],
	33:last_verified[int64 NULLABLE VALUE],
	34:metadata[binary NULLABLE VALUE],
	35:created_at[int64 NULLABLE VALUE],
	36:updated_at[int64 NULLABLE VALUE]
]
properties: contain_counters: false is_transactional: true consistency_level: STRONG use_mangled_column_name: false is_ysql_catalog_table: false retain_delete_markers: false partitioning_version: 1 version 1
I1029 15:07:32.284866 1865330688 doc_read_context.cc:48] T 053c2504078c40ce9241c8c319049998 P 1bc80c76376544caba9a6c3e0ddbb285: DocReadContext, copy and add: [0, 1], added: 1
I1029 15:07:32.284963 1907765248 tablet_service.cc:1458] Processing CreateTablet for T defaf0fede1741ef9ee2c3be439e1da2 P 1bc80c76376544caba9a6c3e0ddbb285 (table=system_nodes_node_name_key [id=00004000000030008000000000004051]), partition=hash_split: [0x0000, 0xFFFF]
I1029 15:07:32.285004 1907765248 ts_tablet_manager.cc:2470] Get and update data/wal directory assignment map for table: 00004000000030008000000000004051 and tablet defaf0fede1741ef9ee2c3be439e1da2
I1029 15:07:32.285638 1907765248 ts_tablet_manager.cc:830] T defaf0fede1741ef9ee2c3be439e1da2 P 1bc80c76376544caba9a6c3e0ddbb285: Created tablet metadata for table: 00004000000030008000000000004051
I1029 15:07:32.285651 1907765248 consensus_meta.cc:317] T defaf0fede1741ef9ee2c3be439e1da2 P 1bc80c76376544caba9a6c3e0ddbb285: Updating active role from UNKNOWN_ROLE to FOLLOWER. Consensus state: current_term: 0 leader_uuid: "" config { opid_index: -1 peers { permanent_uuid: "1bc80c76376544caba9a6c3e0ddbb285" member_type: VOTER last_known_private_addr { host: "127.0.0.1" port: 9100 } last_known_broadcast_addr { host: "127.0.0.1" port: 9100 } cloud_info { placement_cloud: "cloud1" placement_region: "datacenter1" placement_zone: "rack1" } } }, has_pending_config = 0
I1029 15:07:32.285871 1907765248 ts_tablet_manager.cc:1939] P 1bc80c76376544caba9a6c3e0ddbb285: Registered tablet defaf0fede1741ef9ee2c3be439e1da2
I1029 15:07:32.285887 1902604288 ts_tablet_manager.cc:1570] T defaf0fede1741ef9ee2c3be439e1da2 P 1bc80c76376544caba9a6c3e0ddbb285: Bootstrapping tablet
I1029 15:07:32.285945 1902604288 consensus_meta.cc:317] T defaf0fede1741ef9ee2c3be439e1da2 P 1bc80c76376544caba9a6c3e0ddbb285: Updating active role from UNKNOWN_ROLE to FOLLOWER. Consensus state: current_term: 0 leader_uuid: "" config { opid_index: -1 peers { permanent_uuid: "1bc80c76376544caba9a6c3e0ddbb285" member_type: VOTER last_known_private_addr { host: "127.0.0.1" port: 9100 } last_known_broadcast_addr { host: "127.0.0.1" port: 9100 } cloud_info { placement_cloud: "cloud1" placement_region: "datacenter1" placement_zone: "rack1" } } }, has_pending_config = 0
I1029 15:07:32.285971 1902604288 retryable_requests.cc:251] Wal dir is not created, skip initializing RetryableRequestsManager for defaf0fede1741ef9ee2c3be439e1da2
I1029 15:07:32.285980 1902604288 tablet_peer.cc:1545] T defaf0fede1741ef9ee2c3be439e1da2 P 1bc80c76376544caba9a6c3e0ddbb285 [state=BOOTSTRAPPING]: Changed state from NOT_STARTED to BOOTSTRAPPING
I1029 15:07:32.285987 1902604288 tablet_bootstrap_if.cc:96] T defaf0fede1741ef9ee2c3be439e1da2 P 1bc80c76376544caba9a6c3e0ddbb285: Bootstrap starting.
I1029 15:07:32.286001 1902604288 tablet.cc:486] T defaf0fede1741ef9ee2c3be439e1da2 P 1bc80c76376544caba9a6c3e0ddbb285: Schema version for system_nodes_node_name_key is 0
I1029 15:07:32.286055 1902604288 transaction_participant.cc:164] T defaf0fede1741ef9ee2c3be439e1da2 P 1bc80c76376544caba9a6c3e0ddbb285: Create
I1029 15:07:32.286078 1902604288 docdb_rocksdb_util.cc:616] T defaf0fede1741ef9ee2c3be439e1da2 P 1bc80c76376544caba9a6c3e0ddbb285 [R]: Write buffer size: 134217728
I1029 15:07:32.286092 1902604288 tablet.cc:613] T defaf0fede1741ef9ee2c3be439e1da2 P 1bc80c76376544caba9a6c3e0ddbb285: Creating RocksDB database in dir /Users/arthurdell/var/data/yb-data/tserver/data/rocksdb/table-00004000000030008000000000004051/tablet-defaf0fede1741ef9ee2c3be439e1da2
I1029 15:07:32.286288 1902604288 tablet.cc:805] Opening RocksDB at: /Users/arthurdell/var/data/yb-data/tserver/data/rocksdb/table-00004000000030008000000000004051/tablet-defaf0fede1741ef9ee2c3be439e1da2
I1029 15:07:32.286379 1902604288 db_impl.cc:934] T defaf0fede1741ef9ee2c3be439e1da2 P 1bc80c76376544caba9a6c3e0ddbb285 [R]: Creating manifest 1 
I1029 15:07:32.286881 1902604288 version_set.cc:2918] T defaf0fede1741ef9ee2c3be439e1da2 P 1bc80c76376544caba9a6c3e0ddbb285 [R]: Recovered from manifest file:/Users/arthurdell/var/data/yb-data/tserver/data/rocksdb/table-00004000000030008000000000004051/tablet-defaf0fede1741ef9ee2c3be439e1da2/MANIFEST-000001 succeeded,manifest_file_number is 1, next_file_number is 3, last_sequence is 1125899906842624, log_number is 0,prev_log_number is 0,max_column_family is 0, flushed_values is <NULL>
I1029 15:07:32.286888 1902604288 version_set.cc:2926] T defaf0fede1741ef9ee2c3be439e1da2 P 1bc80c76376544caba9a6c3e0ddbb285 [R]: Column family [default] (ID 0), log number is 0
I1029 15:07:32.287320 1902604288 tablet.cc:820] T defaf0fede1741ef9ee2c3be439e1da2 P 1bc80c76376544caba9a6c3e0ddbb285: Opening intents DB at: /Users/arthurdell/var/data/yb-data/tserver/data/rocksdb/table-00004000000030008000000000004051/tablet-defaf0fede1741ef9ee2c3be439e1da2.intents
I1029 15:07:32.287395 1902604288 db_impl.cc:934] T defaf0fede1741ef9ee2c3be439e1da2 P 1bc80c76376544caba9a6c3e0ddbb285 [I]: Creating manifest 1 
I1029 15:07:32.287828 1902604288 version_set.cc:2918] T defaf0fede1741ef9ee2c3be439e1da2 P 1bc80c76376544caba9a6c3e0ddbb285 [I]: Recovered from manifest file:/Users/arthurdell/var/data/yb-data/tserver/data/rocksdb/table-00004000000030008000000000004051/tablet-defaf0fede1741ef9ee2c3be439e1da2.intents/MANIFEST-000001 succeeded,manifest_file_number is 1, next_file_number is 3, last_sequence is 1125899906842624, log_number is 0,prev_log_number is 0,max_column_family is 0, flushed_values is <NULL>
I1029 15:07:32.287833 1902604288 version_set.cc:2926] T defaf0fede1741ef9ee2c3be439e1da2 P 1bc80c76376544caba9a6c3e0ddbb285 [I]: Column family [default] (ID 0), log number is 0
I1029 15:07:32.288246 1902604288 tablet.cc:872] T defaf0fede1741ef9ee2c3be439e1da2 P 1bc80c76376544caba9a6c3e0ddbb285: Successfully opened a RocksDB database at /Users/arthurdell/var/data/yb-data/tserver/data/rocksdb/table-00004000000030008000000000004051/tablet-defaf0fede1741ef9ee2c3be439e1da2, obj: 0x110b66a00
I1029 15:07:32.288254 1912352768 transaction_loader.cc:103] T defaf0fede1741ef9ee2c3be439e1da2 P 1bc80c76376544caba9a6c3e0ddbb285: Load transactions start
I1029 15:07:32.288255 1902604288 tablet_bootstrap.cc:658] T defaf0fede1741ef9ee2c3be439e1da2 P 1bc80c76376544caba9a6c3e0ddbb285: Time spent opening tablet: real 0.002s	user 0.000s	sys 0.002s
I1029 15:07:32.288266 1912352768 transaction_loader.cc:167] T defaf0fede1741ef9ee2c3be439e1da2 P 1bc80c76376544caba9a6c3e0ddbb285: LoadTransactions done: loaded 0 transactions
I1029 15:07:32.288367 1902604288 tablet_bootstrap.cc:578] T defaf0fede1741ef9ee2c3be439e1da2 P 1bc80c76376544caba9a6c3e0ddbb285: No blocks or log segments found. Creating new log.
I1029 15:07:32.288380 1902604288 log.cc:1369] T defaf0fede1741ef9ee2c3be439e1da2 P 1bc80c76376544caba9a6c3e0ddbb285: Setting log wal retention time to 0 seconds
I1029 15:07:32.288924 1902604288 tablet_bootstrap_if.cc:96] T defaf0fede1741ef9ee2c3be439e1da2 P 1bc80c76376544caba9a6c3e0ddbb285: No bootstrap required, opened a new log
I1029 15:07:32.288931 1902604288 log.cc:1369] T defaf0fede1741ef9ee2c3be439e1da2 P 1bc80c76376544caba9a6c3e0ddbb285: Setting log wal retention time to 0 seconds
I1029 15:07:32.288938 1902604288 ts_tablet_manager.cc:1618] T defaf0fede1741ef9ee2c3be439e1da2 P 1bc80c76376544caba9a6c3e0ddbb285: Time spent bootstrapping tablet: real 0.003s	user 0.001s	sys 0.002s
I1029 15:07:32.288969 1902604288 transaction_participant.cc:254] T defaf0fede1741ef9ee2c3be439e1da2 P 1bc80c76376544caba9a6c3e0ddbb285: Start
I1029 15:07:32.288976 1912352768 transaction_participant.cc:1319] T defaf0fede1741ef9ee2c3be439e1da2 P 1bc80c76376544caba9a6c3e0ddbb285: LoadFinished: starting transaction status resolution
I1029 15:07:32.289420 1902604288 consensus_meta.cc:317] T defaf0fede1741ef9ee2c3be439e1da2 P 1bc80c76376544caba9a6c3e0ddbb285: Updating active role from FOLLOWER to FOLLOWER. Consensus state: current_term: 0 leader_uuid: "" config { opid_index: -1 peers { permanent_uuid: "1bc80c76376544caba9a6c3e0ddbb285" member_type: VOTER last_known_private_addr { host: "127.0.0.1" port: 9100 } last_known_broadcast_addr { host: "127.0.0.1" port: 9100 } cloud_info { placement_cloud: "cloud1" placement_region: "datacenter1" placement_zone: "rack1" } } }, has_pending_config = 0
I1029 15:07:32.289430 1902604288 raft_consensus.cc:483] T defaf0fede1741ef9ee2c3be439e1da2 P 1bc80c76376544caba9a6c3e0ddbb285 [term 0 FOLLOWER]: Replica starting. Triggering 0 pending operations. Active config: opid_index: -1 peers { permanent_uuid: "1bc80c76376544caba9a6c3e0ddbb285" member_type: VOTER last_known_private_addr { host: "127.0.0.1" port: 9100 } last_known_broadcast_addr { host: "127.0.0.1" port: 9100 } cloud_info { placement_cloud: "cloud1" placement_region: "datacenter1" placement_zone: "rack1" } }
I1029 15:07:32.289438 1902604288 raft_consensus.cc:512] T defaf0fede1741ef9ee2c3be439e1da2 P 1bc80c76376544caba9a6c3e0ddbb285 [term 0 FOLLOWER]: Consensus starting up: Expiring fail detector timer to make a prompt election more likely
I1029 15:07:32.289441 1902604288 raft_consensus.cc:1120] T defaf0fede1741ef9ee2c3be439e1da2 P 1bc80c76376544caba9a6c3e0ddbb285 [term 0 FOLLOWER]: Becoming Follower/Learner. State: Replica: 1bc80c76376544caba9a6c3e0ddbb285, State: 1, Role: FOLLOWER, Watermarks: {Received: 0.0 Committed: 0.0} Leader: 0.0, new leader: , initial_fd_wait: <uninitialized>
I1029 15:07:32.289448 1902604288 consensus_meta.cc:317] T defaf0fede1741ef9ee2c3be439e1da2 P 1bc80c76376544caba9a6c3e0ddbb285: Updating active role from FOLLOWER to FOLLOWER. Consensus state: current_term: 0 leader_uuid: "" config { opid_index: -1 peers { permanent_uuid: "1bc80c76376544caba9a6c3e0ddbb285" member_type: VOTER last_known_private_addr { host: "127.0.0.1" port: 9100 } last_known_broadcast_addr { host: "127.0.0.1" port: 9100 } cloud_info { placement_cloud: "cloud1" placement_region: "datacenter1" placement_zone: "rack1" } } }, has_pending_config = 0
I1029 15:07:32.289456 1902604288 consensus_queue.cc:272] T defaf0fede1741ef9ee2c3be439e1da2 P 1bc80c76376544caba9a6c3e0ddbb285 [NON_LEADER]: Queue going to NON_LEADER mode. State: All replicated op: 0.0, Majority replicated op: 0.0, Committed index: 0.0, Last applied: 0.0, Last appended: 0.0, Current term: 0, Majority size: -1, State: QUEUE_OPEN, Mode: NON_LEADER
I1029 15:07:32.289466 1902604288 raft_consensus.cc:3417] T defaf0fede1741ef9ee2c3be439e1da2 P 1bc80c76376544caba9a6c3e0ddbb285 [term 0 FOLLOWER]: Calling mark dirty synchronously for reason code CONSENSUS_STARTED
I1029 15:07:32.289474 1902604288 tablet_peer.cc:1545] T defaf0fede1741ef9ee2c3be439e1da2 P 1bc80c76376544caba9a6c3e0ddbb285 [state=RUNNING]: Changed state from BOOTSTRAPPING to RUNNING
I1029 15:07:32.289659 1910059008 raft_consensus.cc:629] T defaf0fede1741ef9ee2c3be439e1da2 P 1bc80c76376544caba9a6c3e0ddbb285 [term 0 FOLLOWER]: Triggering leader pre-election, mode=ELECT_EVEN_IF_LEADER_IS_ALIVE
I1029 15:07:32.289666 1910059008 raft_consensus.cc:3471] T defaf0fede1741ef9ee2c3be439e1da2 P 1bc80c76376544caba9a6c3e0ddbb285 [term 0 FOLLOWER]: Snoozing leader timeout detection for 3.016s
I1029 15:07:32.289671 1910059008 raft_consensus.cc:669] T defaf0fede1741ef9ee2c3be439e1da2 P 1bc80c76376544caba9a6c3e0ddbb285 [term 0 FOLLOWER]: Starting pre-election with config: opid_index: -1 peers { permanent_uuid: "1bc80c76376544caba9a6c3e0ddbb285" member_type: VOTER last_known_private_addr { host: "127.0.0.1" port: 9100 } last_known_broadcast_addr { host: "127.0.0.1" port: 9100 } cloud_info { placement_cloud: "cloud1" placement_region: "datacenter1" placement_zone: "rack1" } }
I1029 15:07:32.289685 1910059008 leader_election.cc:242] T defaf0fede1741ef9ee2c3be439e1da2 P 1bc80c76376544caba9a6c3e0ddbb285 [CANDIDATE]: Term 1 pre-election: Election decided. Result: candidate won.
I1029 15:07:32.289692 1908338688 raft_consensus.cc:3471] T defaf0fede1741ef9ee2c3be439e1da2 P 1bc80c76376544caba9a6c3e0ddbb285 [term 0 FOLLOWER]: Snoozing leader timeout detection for 3.129s
I1029 15:07:32.289703 1908338688 raft_consensus.cc:3364] T defaf0fede1741ef9ee2c3be439e1da2 P 1bc80c76376544caba9a6c3e0ddbb285 [term 0 FOLLOWER]: Leader pre-election won for term 1
I1029 15:07:32.289708 1908338688 raft_consensus.cc:629] T defaf0fede1741ef9ee2c3be439e1da2 P 1bc80c76376544caba9a6c3e0ddbb285 [term 0 FOLLOWER]: Triggering leader election, mode=ELECT_EVEN_IF_LEADER_IS_ALIVE
I1029 15:07:32.289712 1908338688 raft_consensus.cc:3471] T defaf0fede1741ef9ee2c3be439e1da2 P 1bc80c76376544caba9a6c3e0ddbb285 [term 0 FOLLOWER]: Snoozing leader timeout detection for 3.202s
I1029 15:07:32.289716 1908338688 raft_consensus.cc:3532] T defaf0fede1741ef9ee2c3be439e1da2 P 1bc80c76376544caba9a6c3e0ddbb285 [term 0 FOLLOWER]: Advancing to term 1
I1029 15:07:32.289759 1902604288 db_impl.cc:2602] T defaf0fede1741ef9ee2c3be439e1da2 P 1bc80c76376544caba9a6c3e0ddbb285 [R]: SetOptions() on column family [default], inputs: [{level0_stop_writes_trigger, 2147483647}, {level0_slowdown_writes_trigger, 2147483647}]
I1029 15:07:32.289767 1902604288 db_impl.cc:2606] T defaf0fede1741ef9ee2c3be439e1da2 P 1bc80c76376544caba9a6c3e0ddbb285 [R]: [default] SetOptions succeeded
I1029 15:07:32.289956 1908338688 consensus_meta.cc:317] T defaf0fede1741ef9ee2c3be439e1da2 P 1bc80c76376544caba9a6c3e0ddbb285: Updating active role from FOLLOWER to FOLLOWER. Consensus state: current_term: 1 leader_uuid: "" config { opid_index: -1 peers { permanent_uuid: "1bc80c76376544caba9a6c3e0ddbb285" member_type: VOTER last_known_private_addr { host: "127.0.0.1" port: 9100 } last_known_broadcast_addr { host: "127.0.0.1" port: 9100 } cloud_info { placement_cloud: "cloud1" placement_region: "datacenter1" placement_zone: "rack1" } } }, has_pending_config = 0
I1029 15:07:32.289971 1908338688 raft_consensus.cc:669] T defaf0fede1741ef9ee2c3be439e1da2 P 1bc80c76376544caba9a6c3e0ddbb285 [term 1 FOLLOWER]: Starting election with config: opid_index: -1 peers { permanent_uuid: "1bc80c76376544caba9a6c3e0ddbb285" member_type: VOTER last_known_private_addr { host: "127.0.0.1" port: 9100 } last_known_broadcast_addr { host: "127.0.0.1" port: 9100 } cloud_info { placement_cloud: "cloud1" placement_region: "datacenter1" placement_zone: "rack1" } }
I1029 15:07:32.290089 1902604288 db_impl.cc:2602] T defaf0fede1741ef9ee2c3be439e1da2 P 1bc80c76376544caba9a6c3e0ddbb285 [R]: SetOptions() on column family [default], inputs: [{disable_auto_compactions, false}]
I1029 15:07:32.290093 1902604288 db_impl.cc:2606] T defaf0fede1741ef9ee2c3be439e1da2 P 1bc80c76376544caba9a6c3e0ddbb285 [R]: [default] SetOptions succeeded
I1029 15:07:32.290191 1908338688 leader_election.cc:242] T defaf0fede1741ef9ee2c3be439e1da2 P 1bc80c76376544caba9a6c3e0ddbb285 [CANDIDATE]: Term 1 election: Election decided. Result: candidate won.
I1029 15:07:32.290202 1908338688 raft_consensus.cc:3471] T defaf0fede1741ef9ee2c3be439e1da2 P 1bc80c76376544caba9a6c3e0ddbb285 [term 1 FOLLOWER]: Snoozing leader timeout detection for 3.047s
I1029 15:07:32.290207 1908338688 raft_consensus.cc:3378] T defaf0fede1741ef9ee2c3be439e1da2 P 1bc80c76376544caba9a6c3e0ddbb285 [term 1 FOLLOWER]: Leader election won for term 1
I1029 15:07:32.290211 1908338688 replica_state.cc:1168] T defaf0fede1741ef9ee2c3be439e1da2 P 1bc80c76376544caba9a6c3e0ddbb285 [term 1 FOLLOWER]: Reset our lease: 158643.911s
I1029 15:07:32.290215 1908338688 replica_state.cc:1467] T defaf0fede1741ef9ee2c3be439e1da2 P 1bc80c76376544caba9a6c3e0ddbb285 [term 1 FOLLOWER]: SetLeaderNoOpCommittedUnlocked(0), committed: 0.0, received: 0.0
I1029 15:07:32.290220 1908338688 consensus_meta.cc:317] T defaf0fede1741ef9ee2c3be439e1da2 P 1bc80c76376544caba9a6c3e0ddbb285: Updating active role from FOLLOWER to LEADER. Consensus state: current_term: 1 leader_uuid: "1bc80c76376544caba9a6c3e0ddbb285" config { opid_index: -1 peers { permanent_uuid: "1bc80c76376544caba9a6c3e0ddbb285" member_type: VOTER last_known_private_addr { host: "127.0.0.1" port: 9100 } last_known_broadcast_addr { host: "127.0.0.1" port: 9100 } cloud_info { placement_cloud: "cloud1" placement_region: "datacenter1" placement_zone: "rack1" } } }, has_pending_config = 0
I1029 15:07:32.290227 1908338688 raft_consensus.cc:3417] T defaf0fede1741ef9ee2c3be439e1da2 P 1bc80c76376544caba9a6c3e0ddbb285 [term 1 LEADER]: Calling mark dirty synchronously for reason code NEW_LEADER_ELECTED
I1029 15:07:32.290232 1908338688 raft_consensus.cc:1061] T defaf0fede1741ef9ee2c3be439e1da2 P 1bc80c76376544caba9a6c3e0ddbb285 [term 1 LEADER]: Becoming Leader. State: Replica: 1bc80c76376544caba9a6c3e0ddbb285, State: 1, Role: LEADER, Watermarks: {Received: 0.0 Committed: 0.0} Leader: 0.0
I1029 15:07:32.290241 1908338688 consensus_queue.cc:254] T defaf0fede1741ef9ee2c3be439e1da2 P 1bc80c76376544caba9a6c3e0ddbb285 [LEADER]: Queue going to LEADER mode. State: All replicated op: 0.0, Majority replicated op: 0.0, Committed index: 0.0, Last applied: 0.0, Last appended: 0.0, Current term: 1, Majority size: 1, State: QUEUE_OPEN, Mode: LEADER, active raft config: opid_index: -1 peers { permanent_uuid: "1bc80c76376544caba9a6c3e0ddbb285" member_type: VOTER last_known_private_addr { host: "127.0.0.1" port: 9100 } last_known_broadcast_addr { host: "127.0.0.1" port: 9100 } cloud_info { placement_cloud: "cloud1" placement_region: "datacenter1" placement_zone: "rack1" } }
I1029 15:07:32.290249 1908338688 raft_consensus.cc:1079] Sending NO_OP at op 0.0
I1029 15:07:32.290375 1902604288 db_impl.cc:2602] T defaf0fede1741ef9ee2c3be439e1da2 P 1bc80c76376544caba9a6c3e0ddbb285 [I]: SetOptions() on column family [default], inputs: [{level0_stop_writes_trigger, 2147483647}, {level0_slowdown_writes_trigger, 2147483647}]
I1029 15:07:32.290380 1902604288 db_impl.cc:2606] T defaf0fede1741ef9ee2c3be439e1da2 P 1bc80c76376544caba9a6c3e0ddbb285 [I]: [default] SetOptions succeeded
I1029 15:07:32.290426 1865330688 replica_state.cc:1467] T defaf0fede1741ef9ee2c3be439e1da2 P 1bc80c76376544caba9a6c3e0ddbb285 [term 1 LEADER]: SetLeaderNoOpCommittedUnlocked(1), committed: 0.0, received: 1.1
I1029 15:07:32.290433 1865330688 replica_state.cc:787] T defaf0fede1741ef9ee2c3be439e1da2 P 1bc80c76376544caba9a6c3e0ddbb285 [term 1 LEADER]: Advanced the committed_op_id across terms. Last committed operation was: 0.0 New committed index is: 1.1
I1029 15:07:32.290668 1902604288 db_impl.cc:2602] T defaf0fede1741ef9ee2c3be439e1da2 P 1bc80c76376544caba9a6c3e0ddbb285 [I]: SetOptions() on column family [default], inputs: [{disable_auto_compactions, false}]
