I1029 15:57:00.280927 1883713536 consensus_meta.cc:317] T 6abc1aa1722e4aceb752d9e26f577cb1 P 1bc80c76376544caba9a6c3e0ddbb285: Updating active role from FOLLOWER to LEADER. Consensus state: current_term: 2 leader_uuid: "1bc80c76376544caba9a6c3e0ddbb285" config { opid_index: -1 peers { permanent_uuid: "1bc80c76376544caba9a6c3e0ddbb285" member_type: VOTER last_known_private_addr { host: "127.0.0.1" port: 9100 } last_known_broadcast_addr { host: "127.0.0.1" port: 9100 } cloud_info { placement_cloud: "cloud1" placement_region: "datacenter1" placement_zone: "rack1" } } }, has_pending_config = 0
I1029 15:57:00.280943 1892888576 raft_consensus.cc:1079] Sending NO_OP at op 1.100
I1029 15:57:00.280956 1855614976 tablet_bootstrap.cc:1384] T 80d52627883c4cd79e395ee283e85428 P 1bc80c76376544caba9a6c3e0ddbb285: Max persistent index in RocksDB's SSTables before bootstrap: regular RocksDB: 0.0; intents RocksDB: -1.-1
I1029 15:57:00.280970 1883713536 raft_consensus.cc:3417] T 6abc1aa1722e4aceb752d9e26f577cb1 P 1bc80c76376544caba9a6c3e0ddbb285 [term 2 LEADER]: Calling mark dirty synchronously for reason code NEW_LEADER_ELECTED
I1029 15:57:00.281014 1852747776 db_impl.cc:1272] T c4270a3bb2e3494288097623061afa8f P 1bc80c76376544caba9a6c3e0ddbb285 [I]: [JOB 2] Delete /Users/arthurdell/var/data/yb-data/tserver/data/rocksdb/table-000040000000300080000000000040bf/tablet-c4270a3bb2e3494288097623061afa8f.intents//MANIFEST-000001 type=4 #1 -- OK
I1029 15:57:00.281015 1883713536 raft_consensus.cc:1061] T 6abc1aa1722e4aceb752d9e26f577cb1 P 1bc80c76376544caba9a6c3e0ddbb285 [term 2 LEADER]: Becoming Leader. State: Replica: 1bc80c76376544caba9a6c3e0ddbb285, State: 1, Role: LEADER, Watermarks: {Received: 1.140 Committed: 1.140} Leader: 0.0
I1029 15:57:00.281049 1852174336 event_logger.cc:66] T d80d00e63846472a90e5ffb6cd9530ae P 1bc80c76376544caba9a6c3e0ddbb285 [I]: EVENT_LOG_v1 {"time_micros": 1761739020281049, "job": 1, "event": "recovery_finished"}
I1029 15:57:00.281056 1855614976 log.cc:1369] T 80d52627883c4cd79e395ee283e85428 P 1bc80c76376544caba9a6c3e0ddbb285: Setting log wal retention time to 0 seconds
I1029 15:57:00.281052 1883713536 consensus_queue.cc:254] T 6abc1aa1722e4aceb752d9e26f577cb1 P 1bc80c76376544caba9a6c3e0ddbb285 [LEADER]: Queue going to LEADER mode. State: All replicated op: 0.0, Majority replicated op: 1.140, Committed index: 1.140, Last applied: 1.140, Last appended: 1.140, Current term: 2, Majority size: 1, State: QUEUE_OPEN, Mode: LEADER, active raft config: opid_index: -1 peers { permanent_uuid: "1bc80c76376544caba9a6c3e0ddbb285" member_type: VOTER last_known_private_addr { host: "127.0.0.1" port: 9100 } last_known_broadcast_addr { host: "127.0.0.1" port: 9100 } cloud_info { placement_cloud: "cloud1" placement_region: "datacenter1" placement_zone: "rack1" } }
I1029 15:57:00.281095 1883713536 raft_consensus.cc:1079] Sending NO_OP at op 1.140
I1029 15:57:00.281102 1852747776 db_impl.cc:1272] T c4270a3bb2e3494288097623061afa8f P 1bc80c76376544caba9a6c3e0ddbb285 [I]: [JOB 2] Delete /Users/arthurdell/var/data/yb-data/tserver/data/rocksdb/table-000040000000300080000000000040bf/tablet-c4270a3bb2e3494288097623061afa8f.intents//000003.log type=0 #3 -- OK
I1029 15:57:00.281128 1853321216 db_impl.cc:1272] T 4128d40676594ab7a267a46fd575379f P 1bc80c76376544caba9a6c3e0ddbb285 [I]: [JOB 2] Delete /Users/arthurdell/var/data/yb-data/tserver/data/rocksdb/table-000040000000300080000000000040f4/tablet-4128d40676594ab7a267a46fd575379f.intents//MANIFEST-000001 type=4 #1 -- OK
I1029 15:57:00.281134 1853894656 db_impl.cc:1272] T 1f6517f6eec941db874715c15cb5b6a1 P 1bc80c76376544caba9a6c3e0ddbb285 [R]: [JOB 2] Delete /Users/arthurdell/var/data/yb-data/tserver/data/rocksdb/table-000040000000300080000000000040eb/tablet-1f6517f6eec941db874715c15cb5b6a1//MANIFEST-000001 type=4 #1 -- OK
I1029 15:57:00.281140 1881419776 replica_state.cc:1467] T 652a3818a8544a939083541e6a86d171 P 1bc80c76376544caba9a6c3e0ddbb285 [term 2 LEADER]: SetLeaderNoOpCommittedUnlocked(1), committed: 1.100, received: 2.101
I1029 15:57:00.281176 1881419776 replica_state.cc:787] T 652a3818a8544a939083541e6a86d171 P 1bc80c76376544caba9a6c3e0ddbb285 [term 2 LEADER]: Advanced the committed_op_id across terms. Last committed operation was: 1.100 New committed index is: 2.101
I1029 15:57:00.281196 1853321216 db_impl.cc:1272] T 4128d40676594ab7a267a46fd575379f P 1bc80c76376544caba9a6c3e0ddbb285 [I]: [JOB 2] Delete /Users/arthurdell/var/data/yb-data/tserver/data/rocksdb/table-000040000000300080000000000040f4/tablet-4128d40676594ab7a267a46fd575379f.intents//000003.log type=0 #3 -- OK
I1029 15:57:00.281230 1853894656 db_impl.cc:1272] T 1f6517f6eec941db874715c15cb5b6a1 P 1bc80c76376544caba9a6c3e0ddbb285 [R]: [JOB 2] Delete /Users/arthurdell/var/data/yb-data/tserver/data/rocksdb/table-000040000000300080000000000040eb/tablet-1f6517f6eec941db874715c15cb5b6a1//000003.log type=0 #3 -- OK
I1029 15:57:00.281333 1856188416 version_set.cc:2918] T 4266a3868e4a4efb80d7c9ad7ec3b51f P 1bc80c76376544caba9a6c3e0ddbb285 [I]: Recovered from manifest file:/Users/arthurdell/var/data/yb-data/tserver/data/rocksdb/table-0000400000003000800000000000414c/tablet-4266a3868e4a4efb80d7c9ad7ec3b51f.intents/MANIFEST-000001 succeeded,manifest_file_number is 1, next_file_number is 3, last_sequence is 1125899906842624, log_number is 0,prev_log_number is 0,max_column_family is 0, flushed_values is <NULL>
I1029 15:57:00.281343 1856188416 version_set.cc:2926] T 4266a3868e4a4efb80d7c9ad7ec3b51f P 1bc80c76376544caba9a6c3e0ddbb285 [I]: Column family [default] (ID 0), log number is 0
I1029 15:57:00.281360 1852174336 db_impl.cc:1272] T d80d00e63846472a90e5ffb6cd9530ae P 1bc80c76376544caba9a6c3e0ddbb285 [I]: [JOB 2] Delete /Users/arthurdell/var/data/yb-data/tserver/data/rocksdb/table-0000400000003000800000000000412d/tablet-d80d00e63846472a90e5ffb6cd9530ae.intents//MANIFEST-000001 type=4 #1 -- OK
I1029 15:57:00.281383 1856188416 event_logger.cc:66] T 4266a3868e4a4efb80d7c9ad7ec3b51f P 1bc80c76376544caba9a6c3e0ddbb285 [I]: EVENT_LOG_v1 {"time_micros": 1761739020281382, "job": 1, "event": "recovery_started", "log_files": [3]}
I1029 15:57:00.281409 1852174336 db_impl.cc:1272] T d80d00e63846472a90e5ffb6cd9530ae P 1bc80c76376544caba9a6c3e0ddbb285 [I]: [JOB 2] Delete /Users/arthurdell/var/data/yb-data/tserver/data/rocksdb/table-0000400000003000800000000000412d/tablet-d80d00e63846472a90e5ffb6cd9530ae.intents//000003.log type=0 #3 -- OK
I1029 15:57:00.281430 1856188416 db_impl.cc:1617] T 4266a3868e4a4efb80d7c9ad7ec3b51f P 1bc80c76376544caba9a6c3e0ddbb285 [I]: Recovering log #3 mode 0 skip-recovery 0
I1029 15:57:00.281443 1856188416 version_set.cc:2359] T 4266a3868e4a4efb80d7c9ad7ec3b51f P 1bc80c76376544caba9a6c3e0ddbb285 [I]: Creating manifest 5
I1029 15:57:00.281654 1854468096 tablet.cc:820] T 72a9d1f3f42b4264ada6a32da23d5874 P 1bc80c76376544caba9a6c3e0ddbb285: Opening intents DB at: /Users/arthurdell/var/data/yb-data/tserver/data/rocksdb/table-0000400000003000800000000000407b/tablet-72a9d1f3f42b4264ada6a32da23d5874.intents
I1029 15:57:00.281692 1880846336 replica_state.cc:1467] T 6abc1aa1722e4aceb752d9e26f577cb1 P 1bc80c76376544caba9a6c3e0ddbb285 [term 2 LEADER]: SetLeaderNoOpCommittedUnlocked(1), committed: 1.140, received: 2.141
I1029 15:57:00.281704 1880846336 replica_state.cc:787] T 6abc1aa1722e4aceb752d9e26f577cb1 P 1bc80c76376544caba9a6c3e0ddbb285 [term 2 LEADER]: Advanced the committed_op_id across terms. Last committed operation was: 1.140 New committed index is: 2.141
I1029 15:57:00.281999 1852747776 tablet.cc:872] T c4270a3bb2e3494288097623061afa8f P 1bc80c76376544caba9a6c3e0ddbb285: Successfully opened a RocksDB database at /Users/arthurdell/var/data/yb-data/tserver/data/rocksdb/table-000040000000300080000000000040bf/tablet-c4270a3bb2e3494288097623061afa8f, obj: 0x109084800
I1029 15:57:00.282001 1900343296 transaction_loader.cc:103] T c4270a3bb2e3494288097623061afa8f P 1bc80c76376544caba9a6c3e0ddbb285: Load transactions start
I1029 15:57:00.282016 1852747776 tablet_bootstrap.cc:658] T c4270a3bb2e3494288097623061afa8f P 1bc80c76376544caba9a6c3e0ddbb285: Time spent opening tablet: real 0.017s	user 0.001s	sys 0.016s
I1029 15:57:00.282035 1900343296 transaction_loader.cc:167] T c4270a3bb2e3494288097623061afa8f P 1bc80c76376544caba9a6c3e0ddbb285: LoadTransactions done: loaded 0 transactions
I1029 15:57:00.282081 1852747776 tablet_bootstrap.cc:735] T c4270a3bb2e3494288097623061afa8f P 1bc80c76376544caba9a6c3e0ddbb285: Will attempt to recover log segment /Users/arthurdell/var/data/yb-data/tserver/wals/table-000040000000300080000000000040bf/tablet-c4270a3bb2e3494288097623061afa8f/wal-000000001
I1029 15:57:00.282089 1852747776 tablet_bootstrap.cc:1159] T c4270a3bb2e3494288097623061afa8f P 1bc80c76376544caba9a6c3e0ddbb285: Flushed DocDB OpIds: { regular: 0.0 intents: 0.0 }
I1029 15:57:00.282096 1852747776 tablet_bootstrap.cc:1384] T c4270a3bb2e3494288097623061afa8f P 1bc80c76376544caba9a6c3e0ddbb285: Max persistent index in RocksDB's SSTables before bootstrap: regular RocksDB: 0.0; intents RocksDB: 0.0
I1029 15:57:00.282109 1853894656 tablet.cc:820] T 1f6517f6eec941db874715c15cb5b6a1 P 1bc80c76376544caba9a6c3e0ddbb285: Opening intents DB at: /Users/arthurdell/var/data/yb-data/tserver/data/rocksdb/table-000040000000300080000000000040eb/tablet-1f6517f6eec941db874715c15cb5b6a1.intents
I1029 15:57:00.282112 1852747776 log.cc:1369] T c4270a3bb2e3494288097623061afa8f P 1bc80c76376544caba9a6c3e0ddbb285: Setting log wal retention time to 0 seconds
I1029 15:57:00.282142 1854468096 version_set.cc:2918] T 72a9d1f3f42b4264ada6a32da23d5874 P 1bc80c76376544caba9a6c3e0ddbb285 [I]: Recovered from manifest file:/Users/arthurdell/var/data/yb-data/tserver/data/rocksdb/table-0000400000003000800000000000407b/tablet-72a9d1f3f42b4264ada6a32da23d5874.intents/MANIFEST-000001 succeeded,manifest_file_number is 1, next_file_number is 3, last_sequence is 1125899906842624, log_number is 0,prev_log_number is 0,max_column_family is 0, flushed_values is <NULL>
I1029 15:57:00.282150 1854468096 version_set.cc:2926] T 72a9d1f3f42b4264ada6a32da23d5874 P 1bc80c76376544caba9a6c3e0ddbb285 [I]: Column family [default] (ID 0), log number is 0
I1029 15:57:00.282155 1856188416 event_logger.cc:66] T 4266a3868e4a4efb80d7c9ad7ec3b51f P 1bc80c76376544caba9a6c3e0ddbb285 [I]: EVENT_LOG_v1 {"time_micros": 1761739020282155, "job": 1, "event": "recovery_finished"}
I1029 15:57:00.282191 1854468096 event_logger.cc:66] T 72a9d1f3f42b4264ada6a32da23d5874 P 1bc80c76376544caba9a6c3e0ddbb285 [I]: EVENT_LOG_v1 {"time_micros": 1761739020282190, "job": 1, "event": "recovery_started", "log_files": [3]}
I1029 15:57:00.282193 1853321216 tablet.cc:872] T 4128d40676594ab7a267a46fd575379f P 1bc80c76376544caba9a6c3e0ddbb285: Successfully opened a RocksDB database at /Users/arthurdell/var/data/yb-data/tserver/data/rocksdb/table-000040000000300080000000000040f4/tablet-4128d40676594ab7a267a46fd575379f, obj: 0x1113ee800
I1029 15:57:00.282197 1900916736 transaction_loader.cc:103] T 4128d40676594ab7a267a46fd575379f P 1bc80c76376544caba9a6c3e0ddbb285: Load transactions start
I1029 15:57:00.282222 1853321216 tablet_bootstrap.cc:658] T 4128d40676594ab7a267a46fd575379f P 1bc80c76376544caba9a6c3e0ddbb285: Time spent opening tablet: real 0.017s	user 0.001s	sys 0.015s
I1029 15:57:00.282233 1900916736 transaction_loader.cc:167] T 4128d40676594ab7a267a46fd575379f P 1bc80c76376544caba9a6c3e0ddbb285: LoadTransactions done: loaded 0 transactions
I1029 15:57:00.282240 1854468096 db_impl.cc:1617] T 72a9d1f3f42b4264ada6a32da23d5874 P 1bc80c76376544caba9a6c3e0ddbb285 [I]: Recovering log #3 mode 0 skip-recovery 0
I1029 15:57:00.282248 1901490176 transaction_loader.cc:103] T d80d00e63846472a90e5ffb6cd9530ae P 1bc80c76376544caba9a6c3e0ddbb285: Load transactions start
I1029 15:57:00.282262 1852174336 tablet.cc:872] T d80d00e63846472a90e5ffb6cd9530ae P 1bc80c76376544caba9a6c3e0ddbb285: Successfully opened a RocksDB database at /Users/arthurdell/var/data/yb-data/tserver/data/rocksdb/table-0000400000003000800000000000412d/tablet-d80d00e63846472a90e5ffb6cd9530ae, obj: 0x1113ed400
I1029 15:57:00.282277 1854468096 version_set.cc:2359] T 72a9d1f3f42b4264ada6a32da23d5874 P 1bc80c76376544caba9a6c3e0ddbb285 [I]: Creating manifest 5
I1029 15:57:00.282285 1853321216 tablet_bootstrap.cc:735] T 4128d40676594ab7a267a46fd575379f P 1bc80c76376544caba9a6c3e0ddbb285: Will attempt to recover log segment /Users/arthurdell/var/data/yb-data/tserver/wals/table-000040000000300080000000000040f4/tablet-4128d40676594ab7a267a46fd575379f/wal-000000001
I1029 15:57:00.282289 1901490176 transaction_loader.cc:167] T d80d00e63846472a90e5ffb6cd9530ae P 1bc80c76376544caba9a6c3e0ddbb285: LoadTransactions done: loaded 0 transactions
I1029 15:57:00.282305 1852174336 tablet_bootstrap.cc:658] T d80d00e63846472a90e5ffb6cd9530ae P 1bc80c76376544caba9a6c3e0ddbb285: Time spent opening tablet: real 0.018s	user 0.001s	sys 0.015s
I1029 15:57:00.282320 1853321216 tablet_bootstrap.cc:1159] T 4128d40676594ab7a267a46fd575379f P 1bc80c76376544caba9a6c3e0ddbb285: Flushed DocDB OpIds: { regular: 0.0 intents: 0.0 }
I1029 15:57:00.282341 1853321216 tablet_bootstrap.cc:1384] T 4128d40676594ab7a267a46fd575379f P 1bc80c76376544caba9a6c3e0ddbb285: Max persistent index in RocksDB's SSTables before bootstrap: regular RocksDB: 0.0; intents RocksDB: 0.0
I1029 15:57:00.282358 1853321216 log.cc:1369] T 4128d40676594ab7a267a46fd575379f P 1bc80c76376544caba9a6c3e0ddbb285: Setting log wal retention time to 0 seconds
I1029 15:57:00.282361 1856188416 db_impl.cc:1272] T 4266a3868e4a4efb80d7c9ad7ec3b51f P 1bc80c76376544caba9a6c3e0ddbb285 [I]: [JOB 2] Delete /Users/arthurdell/var/data/yb-data/tserver/data/rocksdb/table-0000400000003000800000000000414c/tablet-4266a3868e4a4efb80d7c9ad7ec3b51f.intents//MANIFEST-000001 type=4 #1 -- OK
I1029 15:57:00.282382 1852174336 tablet_bootstrap.cc:735] T d80d00e63846472a90e5ffb6cd9530ae P 1bc80c76376544caba9a6c3e0ddbb285: Will attempt to recover log segment /Users/arthurdell/var/data/yb-data/tserver/wals/table-0000400000003000800000000000412d/tablet-d80d00e63846472a90e5ffb6cd9530ae/wal-000000001
I1029 15:57:00.282387 1852174336 tablet_bootstrap.cc:1159] T d80d00e63846472a90e5ffb6cd9530ae P 1bc80c76376544caba9a6c3e0ddbb285: Flushed DocDB OpIds: { regular: 0.0 intents: 0.0 }
I1029 15:57:00.282402 1856188416 db_impl.cc:1272] T 4266a3868e4a4efb80d7c9ad7ec3b51f P 1bc80c76376544caba9a6c3e0ddbb285 [I]: [JOB 2] Delete /Users/arthurdell/var/data/yb-data/tserver/data/rocksdb/table-0000400000003000800000000000414c/tablet-4266a3868e4a4efb80d7c9ad7ec3b51f.intents//000003.log type=0 #3 -- OK
I1029 15:57:00.282393 1852174336 tablet_bootstrap.cc:1384] T d80d00e63846472a90e5ffb6cd9530ae P 1bc80c76376544caba9a6c3e0ddbb285: Max persistent index in RocksDB's SSTables before bootstrap: regular RocksDB: 0.0; intents RocksDB: 0.0
I1029 15:57:00.282428 1852174336 log.cc:1369] T d80d00e63846472a90e5ffb6cd9530ae P 1bc80c76376544caba9a6c3e0ddbb285: Setting log wal retention time to 0 seconds
I1029 15:57:00.282546 1853894656 version_set.cc:2918] T 1f6517f6eec941db874715c15cb5b6a1 P 1bc80c76376544caba9a6c3e0ddbb285 [I]: Recovered from manifest file:/Users/arthurdell/var/data/yb-data/tserver/data/rocksdb/table-000040000000300080000000000040eb/tablet-1f6517f6eec941db874715c15cb5b6a1.intents/MANIFEST-000001 succeeded,manifest_file_number is 1, next_file_number is 3, last_sequence is 1125899906842624, log_number is 0,prev_log_number is 0,max_column_family is 0, flushed_values is <NULL>
I1029 15:57:00.282552 1853894656 version_set.cc:2926] T 1f6517f6eec941db874715c15cb5b6a1 P 1bc80c76376544caba9a6c3e0ddbb285 [I]: Column family [default] (ID 0), log number is 0
I1029 15:57:00.282593 1853894656 event_logger.cc:66] T 1f6517f6eec941db874715c15cb5b6a1 P 1bc80c76376544caba9a6c3e0ddbb285 [I]: EVENT_LOG_v1 {"time_micros": 1761739020282592, "job": 1, "event": "recovery_started", "log_files": [3]}
W1029 15:57:00.282603 1852747776 log_util.cc:242] Could not read footer for segment: /Users/arthurdell/var/data/yb-data/tserver/wals/table-000040000000300080000000000040bf/tablet-c4270a3bb2e3494288097623061afa8f/wal-000000001: Not found (yb/consensus/log_util.cc:582): Footer not found. Footer magic doesn't match
W1029 15:57:00.282615 1852747776 log_reader.cc:219] T c4270a3bb2e3494288097623061afa8f P 1bc80c76376544caba9a6c3e0ddbb285: Log segment /Users/arthurdell/var/data/yb-data/tserver/wals/table-000040000000300080000000000040bf/tablet-c4270a3bb2e3494288097623061afa8f/wal-000000001 was likely left in-progressafter a previous crash. Will try to reuse this segment as writable active segment
I1029 15:57:00.282624 1852747776 log.cc:671] T c4270a3bb2e3494288097623061afa8f P 1bc80c76376544caba9a6c3e0ddbb285: Opened existing logs. Last segment is /Users/arthurdell/var/data/yb-data/tserver/wals/table-000040000000300080000000000040bf/tablet-c4270a3bb2e3494288097623061afa8f/wal-000000001
I1029 15:57:00.282642 1853894656 db_impl.cc:1617] T 1f6517f6eec941db874715c15cb5b6a1 P 1bc80c76376544caba9a6c3e0ddbb285 [I]: Recovering log #3 mode 0 skip-recovery 0
I1029 15:57:00.282644 1852747776 tablet_bootstrap.cc:383] T c4270a3bb2e3494288097623061afa8f P 1bc80c76376544caba9a6c3e0ddbb285: Bootstrap optimizer (skip_flushed_entries): op_id_replay_lowest=0.0 (regular_op_id=0.0, intents_op_id=0.0, has_intents_db=1)
I1029 15:57:00.282651 1853894656 version_set.cc:2359] T 1f6517f6eec941db874715c15cb5b6a1 P 1bc80c76376544caba9a6c3e0ddbb285 [I]: Creating manifest 5
I1029 15:57:00.282662 1852747776 tablet_bootstrap.cc:1331] T c4270a3bb2e3494288097623061afa8f P 1bc80c76376544caba9a6c3e0ddbb285: Segment /Users/arthurdell/var/data/yb-data/tserver/wals/table-000040000000300080000000000040bf/tablet-c4270a3bb2e3494288097623061afa8f/wal-000000001 cannot be used as the first segment to start replay with according to our OpId and retention criteria. However, this is already the earliest segment so we have to start replay here. We should probably investigate how we got into this situation. op_id=1.1, op_id_replay_lowest=0.0, last_op_id_in_retryable_requests=0.0, first_op_time=158692.608s, const_min_duration_to_retain_logs=0.000s, retryable_requests_retain_interval=660.000s, *retryable_requests_replay_from_this_or_earlier_time=158032.608s, *replay_from_this_or_earlier_time=158692.608s, is_first_op_id_low_enough_for_retryable_requests=0,is_first_op_time_early_enough_for_retryable_requests=0,is_first_op_id_low_enough=0, is_first_op_time_early_enough=1
I1029 15:57:00.282683 1852747776 tablet_bootstrap.cc:1346] T c4270a3bb2e3494288097623061afa8f P 1bc80c76376544caba9a6c3e0ddbb285: Bootstrap optimizer (skip_flushed_entries): will replay all segments starting from the very first one.
I1029 15:57:00.282709 1855041536 tablet.cc:820] T 65b1b497a36d45d28bb8babb3a462950 P 1bc80c76376544caba9a6c3e0ddbb285: Opening intents DB at: /Users/arthurdell/var/data/yb-data/tserver/data/rocksdb/table-000040000000300080000000000040aa/tablet-65b1b497a36d45d28bb8babb3a462950.intents
I1029 15:57:00.282721 1852747776 log_util.cc:791] Scanning /Users/arthurdell/var/data/yb-data/tserver/wals/table-000040000000300080000000000040bf/tablet-c4270a3bb2e3494288097623061afa8f/wal-000000001 for valid entry headers following offset 443...
W1029 15:57:00.282785 1855614976 log_util.cc:242] Could not read footer for segment: /Users/arthurdell/var/data/yb-data/tserver/wals/table-a9da473dd7c34896b986723cbc277b9d/tablet-80d52627883c4cd79e395ee283e85428/wal-000000004: Not found (yb/consensus/log_util.cc:582): Footer not found. Footer magic doesn't match
W1029 15:57:00.282786 1853321216 log_util.cc:242] Could not read footer for segment: /Users/arthurdell/var/data/yb-data/tserver/wals/table-000040000000300080000000000040f4/tablet-4128d40676594ab7a267a46fd575379f/wal-000000001: Not found (yb/consensus/log_util.cc:582): Footer not found. Footer magic doesn't match
W1029 15:57:00.282821 1853321216 log_reader.cc:219] T 4128d40676594ab7a267a46fd575379f P 1bc80c76376544caba9a6c3e0ddbb285: Log segment /Users/arthurdell/var/data/yb-data/tserver/wals/table-000040000000300080000000000040f4/tablet-4128d40676594ab7a267a46fd575379f/wal-000000001 was likely left in-progressafter a previous crash. Will try to reuse this segment as writable active segment
I1029 15:57:00.282835 1853321216 log.cc:671] T 4128d40676594ab7a267a46fd575379f P 1bc80c76376544caba9a6c3e0ddbb285: Opened existing logs. Last segment is /Users/arthurdell/var/data/yb-data/tserver/wals/table-000040000000300080000000000040f4/tablet-4128d40676594ab7a267a46fd575379f/wal-000000001
I1029 15:57:00.282843 1853321216 tablet_bootstrap.cc:383] T 4128d40676594ab7a267a46fd575379f P 1bc80c76376544caba9a6c3e0ddbb285: Bootstrap optimizer (skip_flushed_entries): op_id_replay_lowest=0.0 (regular_op_id=0.0, intents_op_id=0.0, has_intents_db=1)
I1029 15:57:00.282856 1853321216 tablet_bootstrap.cc:1331] T 4128d40676594ab7a267a46fd575379f P 1bc80c76376544caba9a6c3e0ddbb285: Segment /Users/arthurdell/var/data/yb-data/tserver/wals/table-000040000000300080000000000040f4/tablet-4128d40676594ab7a267a46fd575379f/wal-000000001 cannot be used as the first segment to start replay with according to our OpId and retention criteria. However, this is already the earliest segment so we have to start replay here. We should probably investigate how we got into this situation. op_id=1.1, op_id_replay_lowest=0.0, last_op_id_in_retryable_requests=0.0, first_op_time=159197.803s, const_min_duration_to_retain_logs=0.000s, retryable_requests_retain_interval=660.000s, *retryable_requests_replay_from_this_or_earlier_time=158537.803s, *replay_from_this_or_earlier_time=159197.803s, is_first_op_id_low_enough_for_retryable_requests=0,is_first_op_time_early_enough_for_retryable_requests=0,is_first_op_id_low_enough=0, is_first_op_time_early_enough=1
I1029 15:57:00.282866 1853321216 tablet_bootstrap.cc:1346] T 4128d40676594ab7a267a46fd575379f P 1bc80c76376544caba9a6c3e0ddbb285: Bootstrap optimizer (skip_flushed_entries): will replay all segments starting from the very first one.
I1029 15:57:00.282873 1854468096 event_logger.cc:66] T 72a9d1f3f42b4264ada6a32da23d5874 P 1bc80c76376544caba9a6c3e0ddbb285 [I]: EVENT_LOG_v1 {"time_micros": 1761739020282873, "job": 1, "event": "recovery_finished"}
I1029 15:57:00.282881 1853321216 log_util.cc:791] Scanning /Users/arthurdell/var/data/yb-data/tserver/wals/table-000040000000300080000000000040f4/tablet-4128d40676594ab7a267a46fd575379f/wal-000000001 for valid entry headers following offset 451...
W1029 15:57:00.283012 1852174336 log_util.cc:242] Could not read footer for segment: /Users/arthurdell/var/data/yb-data/tserver/wals/table-0000400000003000800000000000412d/tablet-d80d00e63846472a90e5ffb6cd9530ae/wal-000000001: Not found (yb/consensus/log_util.cc:582): Footer not found. Footer magic doesn't match
W1029 15:57:00.283053 1852174336 log_reader.cc:219] T d80d00e63846472a90e5ffb6cd9530ae P 1bc80c76376544caba9a6c3e0ddbb285: Log segment /Users/arthurdell/var/data/yb-data/tserver/wals/table-0000400000003000800000000000412d/tablet-d80d00e63846472a90e5ffb6cd9530ae/wal-000000001 was likely left in-progressafter a previous crash. Will try to reuse this segment as writable active segment
I1029 15:57:00.283056 1854468096 db_impl.cc:1272] T 72a9d1f3f42b4264ada6a32da23d5874 P 1bc80c76376544caba9a6c3e0ddbb285 [I]: [JOB 2] Delete /Users/arthurdell/var/data/yb-data/tserver/data/rocksdb/table-0000400000003000800000000000407b/tablet-72a9d1f3f42b4264ada6a32da23d5874.intents//MANIFEST-000001 type=4 #1 -- OK
I1029 15:57:00.283061 1852174336 log.cc:671] T d80d00e63846472a90e5ffb6cd9530ae P 1bc80c76376544caba9a6c3e0ddbb285: Opened existing logs. Last segment is /Users/arthurdell/var/data/yb-data/tserver/wals/table-0000400000003000800000000000412d/tablet-d80d00e63846472a90e5ffb6cd9530ae/wal-000000001
I1029 15:57:00.283075 1852174336 tablet_bootstrap.cc:383] T d80d00e63846472a90e5ffb6cd9530ae P 1bc80c76376544caba9a6c3e0ddbb285: Bootstrap optimizer (skip_flushed_entries): op_id_replay_lowest=0.0 (regular_op_id=0.0, intents_op_id=0.0, has_intents_db=1)
I1029 15:57:00.283085 1853894656 event_logger.cc:66] T 1f6517f6eec941db874715c15cb5b6a1 P 1bc80c76376544caba9a6c3e0ddbb285 [I]: EVENT_LOG_v1 {"time_micros": 1761739020283085, "job": 1, "event": "recovery_finished"}
I1029 15:57:00.283083 1852174336 tablet_bootstrap.cc:1331] T d80d00e63846472a90e5ffb6cd9530ae P 1bc80c76376544caba9a6c3e0ddbb285: Segment /Users/arthurdell/var/data/yb-data/tserver/wals/table-0000400000003000800000000000412d/tablet-d80d00e63846472a90e5ffb6cd9530ae/wal-000000001 cannot be used as the first segment to start replay with according to our OpId and retention criteria. However, this is already the earliest segment so we have to start replay here. We should probably investigate how we got into this situation. op_id=1.1, op_id_replay_lowest=0.0, last_op_id_in_retryable_requests=0.0, first_op_time=159289.120s, const_min_duration_to_retain_logs=0.000s, retryable_requests_retain_interval=660.000s, *retryable_requests_replay_from_this_or_earlier_time=158629.120s, *replay_from_this_or_earlier_time=159289.120s, is_first_op_id_low_enough_for_retryable_requests=0,is_first_op_time_early_enough_for_retryable_requests=0,is_first_op_id_low_enough=0, is_first_op_time_early_enough=1
I1029 15:57:00.283102 1854468096 db_impl.cc:1272] T 72a9d1f3f42b4264ada6a32da23d5874 P 1bc80c76376544caba9a6c3e0ddbb285 [I]: [JOB 2] Delete /Users/arthurdell/var/data/yb-data/tserver/data/rocksdb/table-0000400000003000800000000000407b/tablet-72a9d1f3f42b4264ada6a32da23d5874.intents//000003.log type=0 #3 -- OK
I1029 15:57:00.283100 1852174336 tablet_bootstrap.cc:1346] T d80d00e63846472a90e5ffb6cd9530ae P 1bc80c76376544caba9a6c3e0ddbb285: Bootstrap optimizer (skip_flushed_entries): will replay all segments starting from the very first one.
I1029 15:57:00.283103 1856188416 tablet.cc:872] T 4266a3868e4a4efb80d7c9ad7ec3b51f P 1bc80c76376544caba9a6c3e0ddbb285: Successfully opened a RocksDB database at /Users/arthurdell/var/data/yb-data/tserver/data/rocksdb/table-0000400000003000800000000000414c/tablet-4266a3868e4a4efb80d7c9ad7ec3b51f, obj: 0x111e72000
I1029 15:57:00.283108 1902063616 transaction_loader.cc:103] T 4266a3868e4a4efb80d7c9ad7ec3b51f P 1bc80c76376544caba9a6c3e0ddbb285: Load transactions start
I1029 15:57:00.283128 1852174336 log_util.cc:791] Scanning /Users/arthurdell/var/data/yb-data/tserver/wals/table-0000400000003000800000000000412d/tablet-d80d00e63846472a90e5ffb6cd9530ae/wal-000000001 for valid entry headers following offset 448...
I1029 15:57:00.283128 1856188416 tablet_bootstrap.cc:658] T 4266a3868e4a4efb80d7c9ad7ec3b51f P 1bc80c76376544caba9a6c3e0ddbb285: Time spent opening tablet: real 0.017s	user 0.001s	sys 0.015s
I1029 15:57:00.283134 1902063616 transaction_loader.cc:167] T 4266a3868e4a4efb80d7c9ad7ec3b51f P 1bc80c76376544caba9a6c3e0ddbb285: LoadTransactions done: loaded 0 transactions
I1029 15:57:00.283174 1856188416 tablet_bootstrap.cc:735] T 4266a3868e4a4efb80d7c9ad7ec3b51f P 1bc80c76376544caba9a6c3e0ddbb285: Will attempt to recover log segment /Users/arthurdell/var/data/yb-data/tserver/wals/table-0000400000003000800000000000414c/tablet-4266a3868e4a4efb80d7c9ad7ec3b51f/wal-000000001
I1029 15:57:00.283179 1856188416 tablet_bootstrap.cc:1159] T 4266a3868e4a4efb80d7c9ad7ec3b51f P 1bc80c76376544caba9a6c3e0ddbb285: Flushed DocDB OpIds: { regular: 0.0 intents: 0.0 }
I1029 15:57:00.283185 1852747776 log_util.cc:835] Found no log entry headers
W1029 15:57:00.283192 1855614976 log_reader.cc:219] T 80d52627883c4cd79e395ee283e85428 P 1bc80c76376544caba9a6c3e0ddbb285: Log segment /Users/arthurdell/var/data/yb-data/tserver/wals/table-a9da473dd7c34896b986723cbc277b9d/tablet-80d52627883c4cd79e395ee283e85428/wal-000000004 was likely left in-progressafter a previous crash. Will try to reuse this segment as writable active segment
I1029 15:57:00.283185 1856188416 tablet_bootstrap.cc:1384] T 4266a3868e4a4efb80d7c9ad7ec3b51f P 1bc80c76376544caba9a6c3e0ddbb285: Max persistent index in RocksDB's SSTables before bootstrap: regular RocksDB: 0.0; intents RocksDB: 0.0
I1029 15:57:00.283198 1852747776 log_util.cc:696] Ignoring partially flushed segment in write ahead log /Users/arthurdell/var/data/yb-data/tserver/wals/table-000040000000300080000000000040bf/tablet-c4270a3bb2e3494288097623061afa8f/wal-000000001 because there are no log entries following this one. The server probably crashed in the middle of writing an entry to the write-ahead log or downloaded an active log via remote bootstrap. Error detail: Corruption (yb/consensus/log_util.cc:906): Invalid checksum in log entry head header: found=0, computed=2351477386: Failed trying to read batch #5 at offset 443 for log segment /Users/arthurdell/var/data/yb-data/tserver/wals/table-000040000000300080000000000040bf/tablet-c4270a3bb2e3494288097623061afa8f/wal-000000001: Prior batch offsets: 217 243 417 443; Last log entries read: [REPLICATE (1.1)] [REPLICATE (1.2)]
I1029 15:57:00.283206 1855041536 version_set.cc:2918] T 65b1b497a36d45d28bb8babb3a462950 P 1bc80c76376544caba9a6c3e0ddbb285 [I]: Recovered from manifest file:/Users/arthurdell/var/data/yb-data/tserver/data/rocksdb/table-000040000000300080000000000040aa/tablet-65b1b497a36d45d28bb8babb3a462950.intents/MANIFEST-000001 succeeded,manifest_file_number is 1, next_file_number is 3, last_sequence is 1125899906842624, log_number is 0,prev_log_number is 0,max_column_family is 0, flushed_values is <NULL>
I1029 15:57:00.283211 1855614976 log.cc:671] T 80d52627883c4cd79e395ee283e85428 P 1bc80c76376544caba9a6c3e0ddbb285: Opened existing logs. Last segment is /Users/arthurdell/var/data/yb-data/tserver/wals/table-a9da473dd7c34896b986723cbc277b9d/tablet-80d52627883c4cd79e395ee283e85428/wal-000000004
I1029 15:57:00.283229 1856188416 log.cc:1369] T 4266a3868e4a4efb80d7c9ad7ec3b51f P 1bc80c76376544caba9a6c3e0ddbb285: Setting log wal retention time to 0 seconds
I1029 15:57:00.283234 1855041536 version_set.cc:2926] T 65b1b497a36d45d28bb8babb3a462950 P 1bc80c76376544caba9a6c3e0ddbb285 [I]: Column family [default] (ID 0), log number is 0
I1029 15:57:00.283241 1855614976 tablet_bootstrap.cc:383] T 80d52627883c4cd79e395ee283e85428 P 1bc80c76376544caba9a6c3e0ddbb285: Bootstrap optimizer (skip_flushed_entries): op_id_replay_lowest=0.0 (regular_op_id=0.0, intents_op_id=-1.-1, has_intents_db=0)
I1029 15:57:00.283284 1855041536 event_logger.cc:66] T 65b1b497a36d45d28bb8babb3a462950 P 1bc80c76376544caba9a6c3e0ddbb285 [I]: EVENT_LOG_v1 {"time_micros": 1761739020283283, "job": 1, "event": "recovery_started", "log_files": [3]}
I1029 15:57:00.283321 1852747776 tablet_bootstrap_if.cc:96] T c4270a3bb2e3494288097623061afa8f P 1bc80c76376544caba9a6c3e0ddbb285: Bootstrap replayed 1/1 log segments. Read operations: 2, overwritten operations: 0. Pending: 1 replicates. Last read committed op id: 1.2, last entry metadata: { entry_time: 158694.815s offset: 243 active_segment_sequence_number: 1 }, last read entry op id: 1.2
I1029 15:57:00.283329 1855041536 db_impl.cc:1617] T 65b1b497a36d45d28bb8babb3a462950 P 1bc80c76376544caba9a6c3e0ddbb285 [I]: Recovering log #3 mode 0 skip-recovery 0
I1029 15:57:00.283329 1852747776 tablet_bootstrap.cc:1508] T c4270a3bb2e3494288097623061afa8f P 1bc80c76376544caba9a6c3e0ddbb285: Dumping replay state to log at the end of PlaySegments
I1029 15:57:00.283341 1855041536 version_set.cc:2359] T 65b1b497a36d45d28bb8babb3a462950 P 1bc80c76376544caba9a6c3e0ddbb285 [I]: Creating manifest 5
I1029 15:57:00.283342 1853321216 log_util.cc:835] Found no log entry headers
I1029 15:57:00.283350 1852747776 tablet_bootstrap.cc:1133] T c4270a3bb2e3494288097623061afa8f P 1bc80c76376544caba9a6c3e0ddbb285: ReplayState: Previous OpId: 1.2, Committed OpId: 1.2, Pending Replicates: 0, Flushed Regular: 0.0, Flushed Intents: 0.0
I1029 15:57:00.283366 1853321216 log_util.cc:696] Ignoring partially flushed segment in write ahead log /Users/arthurdell/var/data/yb-data/tserver/wals/table-000040000000300080000000000040f4/tablet-4128d40676594ab7a267a46fd575379f/wal-000000001 because there are no log entries following this one. The server probably crashed in the middle of writing an entry to the write-ahead log or downloaded an active log via remote bootstrap. Error detail: Corruption (yb/consensus/log_util.cc:906): Invalid checksum in log entry head header: found=0, computed=2351477386: Failed trying to read batch #5 at offset 451 for log segment /Users/arthurdell/var/data/yb-data/tserver/wals/table-000040000000300080000000000040f4/tablet-4128d40676594ab7a267a46fd575379f/wal-000000001: Prior batch offsets: 225 251 425 451; Last log entries read: [REPLICATE (1.1)] [REPLICATE (1.2)]
I1029 15:57:00.283372 1852747776 tablet_bootstrap.cc:1133] T c4270a3bb2e3494288097623061afa8f P 1bc80c76376544caba9a6c3e0ddbb285: Log entries applied to RocksDB: 2
I1029 15:57:00.283383 1852747776 tablet_bootstrap.cc:1520] T c4270a3bb2e3494288097623061afa8f P 1bc80c76376544caba9a6c3e0ddbb285: Number of orphaned replicates: 0, last id: 1.2, committed id: 1.2
I1029 15:57:00.283509 1853321216 tablet_bootstrap_if.cc:96] T 4128d40676594ab7a267a46fd575379f P 1bc80c76376544caba9a6c3e0ddbb285: Bootstrap replayed 1/1 log segments. Read operations: 2, overwritten operations: 0. Pending: 1 replicates. Last read committed op id: 1.2, last entry metadata: { entry_time: 159218.968s offset: 251 active_segment_sequence_number: 1 }, last read entry op id: 1.2
I1029 15:57:00.283516 1853321216 tablet_bootstrap.cc:1508] T 4128d40676594ab7a267a46fd575379f P 1bc80c76376544caba9a6c3e0ddbb285: Dumping replay state to log at the end of PlaySegments
I1029 15:57:00.283524 1853321216 tablet_bootstrap.cc:1133] T 4128d40676594ab7a267a46fd575379f P 1bc80c76376544caba9a6c3e0ddbb285: ReplayState: Previous OpId: 1.2, Committed OpId: 1.2, Pending Replicates: 0, Flushed Regular: 0.0, Flushed Intents: 0.0
I1029 15:57:00.283527 1853321216 tablet_bootstrap.cc:1133] T 4128d40676594ab7a267a46fd575379f P 1bc80c76376544caba9a6c3e0ddbb285: Log entries applied to RocksDB: 2
I1029 15:57:00.283531 1853321216 tablet_bootstrap.cc:1520] T 4128d40676594ab7a267a46fd575379f P 1bc80c76376544caba9a6c3e0ddbb285: Number of orphaned replicates: 0, last id: 1.2, committed id: 1.2
I1029 15:57:00.283562 1855614976 tablet_bootstrap.cc:1331] T 80d52627883c4cd79e395ee283e85428 P 1bc80c76376544caba9a6c3e0ddbb285: Segment /Users/arthurdell/var/data/yb-data/tserver/wals/table-a9da473dd7c34896b986723cbc277b9d/tablet-80d52627883c4cd79e395ee283e85428/wal-000000004 cannot be used as the first segment to start replay with according to our OpId and retention criteria. Continuing to earlier segments.op_id=1.402, op_id_replay_lowest=0.0, last_op_id_in_retryable_requests=0.0, first_op_time=160760.837s, const_min_duration_to_retain_logs=0.000s, retryable_requests_retain_interval=660.000s, *retryable_requests_replay_from_this_or_earlier_time=160100.837s, *replay_from_this_or_earlier_time=160760.837s, is_first_op_id_low_enough_for_retryable_requests=0,is_first_op_time_early_enough_for_retryable_requests=0,is_first_op_id_low_enough=0, is_first_op_time_early_enough=1
I1029 15:57:00.283600 1852174336 log_util.cc:835] Found no log entry headers
I1029 15:57:00.283605 1852174336 log_util.cc:696] Ignoring partially flushed segment in write ahead log /Users/arthurdell/var/data/yb-data/tserver/wals/table-0000400000003000800000000000412d/tablet-d80d00e63846472a90e5ffb6cd9530ae/wal-000000001 because there are no log entries following this one. The server probably crashed in the middle of writing an entry to the write-ahead log or downloaded an active log via remote bootstrap. Error detail: Corruption (yb/consensus/log_util.cc:906): Invalid checksum in log entry head header: found=0, computed=2351477386: Failed trying to read batch #5 at offset 448 for log segment /Users/arthurdell/var/data/yb-data/tserver/wals/table-0000400000003000800000000000412d/tablet-d80d00e63846472a90e5ffb6cd9530ae/wal-000000001: Prior batch offsets: 222 248 422 448; Last log entries read: [REPLICATE (1.1)] [REPLICATE (1.2)]
W1029 15:57:00.283613 1856188416 log_util.cc:242] Could not read footer for segment: /Users/arthurdell/var/data/yb-data/tserver/wals/table-0000400000003000800000000000414c/tablet-4266a3868e4a4efb80d7c9ad7ec3b51f/wal-000000001: Not found (yb/consensus/log_util.cc:582): Footer not found. Footer magic doesn't match
W1029 15:57:00.283627 1856188416 log_reader.cc:219] T 4266a3868e4a4efb80d7c9ad7ec3b51f P 1bc80c76376544caba9a6c3e0ddbb285: Log segment /Users/arthurdell/var/data/yb-data/tserver/wals/table-0000400000003000800000000000414c/tablet-4266a3868e4a4efb80d7c9ad7ec3b51f/wal-000000001 was likely left in-progressafter a previous crash. Will try to reuse this segment as writable active segment
I1029 15:57:00.283636 1856188416 log.cc:671] T 4266a3868e4a4efb80d7c9ad7ec3b51f P 1bc80c76376544caba9a6c3e0ddbb285: Opened existing logs. Last segment is /Users/arthurdell/var/data/yb-data/tserver/wals/table-0000400000003000800000000000414c/tablet-4266a3868e4a4efb80d7c9ad7ec3b51f/wal-000000001
I1029 15:57:00.283643 1856188416 tablet_bootstrap.cc:383] T 4266a3868e4a4efb80d7c9ad7ec3b51f P 1bc80c76376544caba9a6c3e0ddbb285: Bootstrap optimizer (skip_flushed_entries): op_id_replay_lowest=0.0 (regular_op_id=0.0, intents_op_id=0.0, has_intents_db=1)
I1029 15:57:00.283649 1856188416 tablet_bootstrap.cc:1331] T 4266a3868e4a4efb80d7c9ad7ec3b51f P 1bc80c76376544caba9a6c3e0ddbb285: Segment /Users/arthurdell/var/data/yb-data/tserver/wals/table-0000400000003000800000000000414c/tablet-4266a3868e4a4efb80d7c9ad7ec3b51f/wal-000000001 cannot be used as the first segment to start replay with according to our OpId and retention criteria. However, this is already the earliest segment so we have to start replay here. We should probably investigate how we got into this situation. op_id=1.1, op_id_replay_lowest=0.0, last_op_id_in_retryable_requests=0.0, first_op_time=159552.072s, const_min_duration_to_retain_logs=0.000s, retryable_requests_retain_interval=660.000s, *retryable_requests_replay_from_this_or_earlier_time=158892.072s, *replay_from_this_or_earlier_time=159552.072s, is_first_op_id_low_enough_for_retryable_requests=0,is_first_op_time_early_enough_for_retryable_requests=0,is_first_op_id_low_enough=0, is_first_op_time_early_enough=1
I1029 15:57:00.283659 1856188416 tablet_bootstrap.cc:1346] T 4266a3868e4a4efb80d7c9ad7ec3b51f P 1bc80c76376544caba9a6c3e0ddbb285: Bootstrap optimizer (skip_flushed_entries): will replay all segments starting from the very first one.
I1029 15:57:00.283674 1856188416 log_util.cc:791] Scanning /Users/arthurdell/var/data/yb-data/tserver/wals/table-0000400000003000800000000000414c/tablet-4266a3868e4a4efb80d7c9ad7ec3b51f/wal-000000001 for valid entry headers following offset 455...
I1029 15:57:00.283684 1902637056 transaction_loader.cc:103] T 72a9d1f3f42b4264ada6a32da23d5874 P 1bc80c76376544caba9a6c3e0ddbb285: Load transactions start
I1029 15:57:00.283690 1854468096 tablet.cc:872] T 72a9d1f3f42b4264ada6a32da23d5874 P 1bc80c76376544caba9a6c3e0ddbb285: Successfully opened a RocksDB database at /Users/arthurdell/var/data/yb-data/tserver/data/rocksdb/table-0000400000003000800000000000407b/tablet-72a9d1f3f42b4264ada6a32da23d5874, obj: 0x111ef2000
I1029 15:57:00.283706 1902637056 transaction_loader.cc:167] T 72a9d1f3f42b4264ada6a32da23d5874 P 1bc80c76376544caba9a6c3e0ddbb285: LoadTransactions done: loaded 0 transactions
I1029 15:57:00.283715 1852174336 tablet_bootstrap_if.cc:96] T d80d00e63846472a90e5ffb6cd9530ae P 1bc80c76376544caba9a6c3e0ddbb285: Bootstrap replayed 1/1 log segments. Read operations: 2, overwritten operations: 0. Pending: 1 replicates. Last read committed op id: 1.2, last entry metadata: { entry_time: 159291.289s offset: 248 active_segment_sequence_number: 1 }, last read entry op id: 1.2
I1029 15:57:00.283718 1854468096 tablet_bootstrap.cc:658] T 72a9d1f3f42b4264ada6a32da23d5874 P 1bc80c76376544caba9a6c3e0ddbb285: Time spent opening tablet: real 0.018s	user 0.001s	sys 0.015s
I1029 15:57:00.283743 1853894656 db_impl.cc:1272] T 1f6517f6eec941db874715c15cb5b6a1 P 1bc80c76376544caba9a6c3e0ddbb285 [I]: [JOB 2] Delete /Users/arthurdell/var/data/yb-data/tserver/data/rocksdb/table-000040000000300080000000000040eb/tablet-1f6517f6eec941db874715c15cb5b6a1.intents//MANIFEST-000001 type=4 #1 -- OK
I1029 15:57:00.283751 1852174336 tablet_bootstrap.cc:1508] T d80d00e63846472a90e5ffb6cd9530ae P 1bc80c76376544caba9a6c3e0ddbb285: Dumping replay state to log at the end of PlaySegments
I1029 15:57:00.283783 1852174336 tablet_bootstrap.cc:1133] T d80d00e63846472a90e5ffb6cd9530ae P 1bc80c76376544caba9a6c3e0ddbb285: ReplayState: Previous OpId: 1.2, Committed OpId: 1.2, Pending Replicates: 0, Flushed Regular: 0.0, Flushed Intents: 0.0
I1029 15:57:00.283793 1852174336 tablet_bootstrap.cc:1133] T d80d00e63846472a90e5ffb6cd9530ae P 1bc80c76376544caba9a6c3e0ddbb285: Log entries applied to RocksDB: 2
I1029 15:57:00.283802 1852174336 tablet_bootstrap.cc:1520] T d80d00e63846472a90e5ffb6cd9530ae P 1bc80c76376544caba9a6c3e0ddbb285: Number of orphaned replicates: 0, last id: 1.2, committed id: 1.2
I1029 15:57:00.283807 1854468096 tablet_bootstrap.cc:735] T 72a9d1f3f42b4264ada6a32da23d5874 P 1bc80c76376544caba9a6c3e0ddbb285: Will attempt to recover log segment /Users/arthurdell/var/data/yb-data/tserver/wals/table-0000400000003000800000000000407b/tablet-72a9d1f3f42b4264ada6a32da23d5874/wal-000000001
I1029 15:57:00.283814 1852747776 tablet_bootstrap_if.cc:96] T c4270a3bb2e3494288097623061afa8f P 1bc80c76376544caba9a6c3e0ddbb285: Bootstrap complete.
I1029 15:57:00.283823 1854468096 tablet_bootstrap.cc:1159] T 72a9d1f3f42b4264ada6a32da23d5874 P 1bc80c76376544caba9a6c3e0ddbb285: Flushed DocDB OpIds: { regular: 0.0 intents: 0.0 }
I1029 15:57:00.283833 1853894656 db_impl.cc:1272] T 1f6517f6eec941db874715c15cb5b6a1 P 1bc80c76376544caba9a6c3e0ddbb285 [I]: [JOB 2] Delete /Users/arthurdell/var/data/yb-data/tserver/data/rocksdb/table-000040000000300080000000000040eb/tablet-1f6517f6eec941db874715c15cb5b6a1.intents//000003.log type=0 #3 -- OK
I1029 15:57:00.283836 1854468096 tablet_bootstrap.cc:1384] T 72a9d1f3f42b4264ada6a32da23d5874 P 1bc80c76376544caba9a6c3e0ddbb285: Max persistent index in RocksDB's SSTables before bootstrap: regular RocksDB: 0.0; intents RocksDB: 0.0
I1029 15:57:00.283838 1852747776 log_util.cc:791] Scanning /Users/arthurdell/var/data/yb-data/tserver/wals/table-000040000000300080000000000040bf/tablet-c4270a3bb2e3494288097623061afa8f/wal-000000001 for valid entry headers following offset 443...
I1029 15:57:00.283838 1855614976 tablet_bootstrap.cc:1331] T 80d52627883c4cd79e395ee283e85428 P 1bc80c76376544caba9a6c3e0ddbb285: Segment /Users/arthurdell/var/data/yb-data/tserver/wals/table-a9da473dd7c34896b986723cbc277b9d/tablet-80d52627883c4cd79e395ee283e85428/wal-000000003 cannot be used as the first segment to start replay with according to our OpId and retention criteria. Continuing to earlier segments.op_id=1.294, op_id_replay_lowest=0.0, last_op_id_in_retryable_requests=0.0, first_op_time=159567.312s, const_min_duration_to_retain_logs=0.000s, retryable_requests_retain_interval=660.000s, *retryable_requests_replay_from_this_or_earlier_time=160100.837s, *replay_from_this_or_earlier_time=160760.837s, is_first_op_id_low_enough_for_retryable_requests=0,is_first_op_time_early_enough_for_retryable_requests=1,is_first_op_id_low_enough=0, is_first_op_time_early_enough=1
I1029 15:57:00.283843 1855041536 event_logger.cc:66] T 65b1b497a36d45d28bb8babb3a462950 P 1bc80c76376544caba9a6c3e0ddbb285 [I]: EVENT_LOG_v1 {"time_micros": 1761739020283843, "job": 1, "event": "recovery_finished"}
I1029 15:57:00.283859 1854468096 log.cc:1369] T 72a9d1f3f42b4264ada6a32da23d5874 P 1bc80c76376544caba9a6c3e0ddbb285: Setting log wal retention time to 0 seconds
I1029 15:57:00.283879 1853321216 tablet_bootstrap_if.cc:96] T 4128d40676594ab7a267a46fd575379f P 1bc80c76376544caba9a6c3e0ddbb285: Bootstrap complete.
I1029 15:57:00.283903 1853321216 log_util.cc:791] Scanning /Users/arthurdell/var/data/yb-data/tserver/wals/table-000040000000300080000000000040f4/tablet-4128d40676594ab7a267a46fd575379f/wal-000000001 for valid entry headers following offset 451...
I1029 15:57:00.283960 1852747776 log_util.cc:835] Found no log entry headers
I1029 15:57:00.283972 1852747776 log_util.cc:696] Ignoring partially flushed segment in write ahead log /Users/arthurdell/var/data/yb-data/tserver/wals/table-000040000000300080000000000040bf/tablet-c4270a3bb2e3494288097623061afa8f/wal-000000001 because there are no log entries following this one. The server probably crashed in the middle of writing an entry to the write-ahead log or downloaded an active log via remote bootstrap. Error detail: Corruption (yb/consensus/log_util.cc:906): Invalid checksum in log entry head header: found=0, computed=2351477386: Failed trying to read batch #5 at offset 443 for log segment /Users/arthurdell/var/data/yb-data/tserver/wals/table-000040000000300080000000000040bf/tablet-c4270a3bb2e3494288097623061afa8f/wal-000000001: Prior batch offsets: 217 243 417 443; Last log entries read: [REPLICATE (1.1)] [REPLICATE (1.2)]
I1029 15:57:00.284017 1853321216 log_util.cc:835] Found no log entry headers
I1029 15:57:00.284029 1852747776 log.cc:1027] Successfully restored footer_builder_ and log_index_ for segment: /Users/arthurdell/var/data/yb-data/tserver/wals/table-000040000000300080000000000040bf/tablet-c4270a3bb2e3494288097623061afa8f/wal-000000001. Reopen the file for write with starting offset: 443
I1029 15:57:00.284029 1853321216 log_util.cc:696] Ignoring partially flushed segment in write ahead log /Users/arthurdell/var/data/yb-data/tserver/wals/table-000040000000300080000000000040f4/tablet-4128d40676594ab7a267a46fd575379f/wal-000000001 because there are no log entries following this one. The server probably crashed in the middle of writing an entry to the write-ahead log or downloaded an active log via remote bootstrap. Error detail: Corruption (yb/consensus/log_util.cc:906): Invalid checksum in log entry head header: found=0, computed=2351477386: Failed trying to read batch #5 at offset 451 for log segment /Users/arthurdell/var/data/yb-data/tserver/wals/table-000040000000300080000000000040f4/tablet-4128d40676594ab7a267a46fd575379f/wal-000000001: Prior batch offsets: 225 251 425 451; Last log entries read: [REPLICATE (1.1)] [REPLICATE (1.2)]
I1029 15:57:00.284044 1856188416 log_util.cc:835] Found no log entry headers
I1029 15:57:00.284045 1852747776 log.cc:1369] T c4270a3bb2e3494288097623061afa8f P 1bc80c76376544caba9a6c3e0ddbb285: Setting log wal retention time to 0 seconds
I1029 15:57:00.284055 1855614976 tablet_bootstrap.cc:1331] T 80d52627883c4cd79e395ee283e85428 P 1bc80c76376544caba9a6c3e0ddbb285: Segment /Users/arthurdell/var/data/yb-data/tserver/wals/table-a9da473dd7c34896b986723cbc277b9d/tablet-80d52627883c4cd79e395ee283e85428/wal-000000002 cannot be used as the first segment to start replay with according to our OpId and retention criteria. Continuing to earlier segments.op_id=1.221, op_id_replay_lowest=0.0, last_op_id_in_retryable_requests=0.0, first_op_time=158762.182s, const_min_duration_to_retain_logs=0.000s, retryable_requests_retain_interval=660.000s, *retryable_requests_replay_from_this_or_earlier_time=160100.837s, *replay_from_this_or_earlier_time=160760.837s, is_first_op_id_low_enough_for_retryable_requests=0,is_first_op_time_early_enough_for_retryable_requests=1,is_first_op_id_low_enough=0, is_first_op_time_early_enough=1
I1029 15:57:00.284082 1856188416 log_util.cc:696] Ignoring partially flushed segment in write ahead log /Users/arthurdell/var/data/yb-data/tserver/wals/table-0000400000003000800000000000414c/tablet-4266a3868e4a4efb80d7c9ad7ec3b51f/wal-000000001 because there are no log entries following this one. The server probably crashed in the middle of writing an entry to the write-ahead log or downloaded an active log via remote bootstrap. Error detail: Corruption (yb/consensus/log_util.cc:906): Invalid checksum in log entry head header: found=0, computed=2351477386: Failed trying to read batch #5 at offset 455 for log segment /Users/arthurdell/var/data/yb-data/tserver/wals/table-0000400000003000800000000000414c/tablet-4266a3868e4a4efb80d7c9ad7ec3b51f/wal-000000001: Prior batch offsets: 229 255 429 455; Last log entries read: [REPLICATE (1.1)] [REPLICATE (1.2)]
I1029 15:57:00.284106 1852747776 ts_tablet_manager.cc:1618] T c4270a3bb2e3494288097623061afa8f P 1bc80c76376544caba9a6c3e0ddbb285: Time spent bootstrapping tablet: real 0.020s	user 0.001s	sys 0.017s
I1029 15:57:00.284109 1855041536 db_impl.cc:1272] T 65b1b497a36d45d28bb8babb3a462950 P 1bc80c76376544caba9a6c3e0ddbb285 [I]: [JOB 2] Delete /Users/arthurdell/var/data/yb-data/tserver/data/rocksdb/table-000040000000300080000000000040aa/tablet-65b1b497a36d45d28bb8babb3a462950.intents//MANIFEST-000001 type=4 #1 -- OK
I1029 15:57:00.284118 1855614976 tablet_bootstrap.cc:1331] T 80d52627883c4cd79e395ee283e85428 P 1bc80c76376544caba9a6c3e0ddbb285: Segment /Users/arthurdell/var/data/yb-data/tserver/wals/table-a9da473dd7c34896b986723cbc277b9d/tablet-80d52627883c4cd79e395ee283e85428/wal-000000001 cannot be used as the first segment to start replay with according to our OpId and retention criteria. However, this is already the earliest segment so we have to start replay here. We should probably investigate how we got into this situation. op_id=1.1, op_id_replay_lowest=0.0, last_op_id_in_retryable_requests=0.0, first_op_time=156338.606s, const_min_duration_to_retain_logs=0.000s, retryable_requests_retain_interval=660.000s, *retryable_requests_replay_from_this_or_earlier_time=160100.837s, *replay_from_this_or_earlier_time=160760.837s, is_first_op_id_low_enough_for_retryable_requests=0,is_first_op_time_early_enough_for_retryable_requests=1,is_first_op_id_low_enough=0, is_first_op_time_early_enough=1
