I1029 15:57:00.258184 1852747776 tablet_bootstrap.cc:1520] T ebb919980f364488a6052bade1564edf P 1bc80c76376544caba9a6c3e0ddbb285: Number of orphaned replicates: 0, last id: 1.83, committed id: 1.83
I1029 15:57:00.258188 1852174336 tablet_bootstrap_if.cc:96] T 64cd91b90cde41a6aede1bede0fcb301 P 1bc80c76376544caba9a6c3e0ddbb285: Bootstrap replayed 1/1 log segments. Read operations: 108, overwritten operations: 0. Pending: 1 replicates. Last read committed op id: 1.108, last entry metadata: { entry_time: 159553.092s offset: 14191 active_segment_sequence_number: 1 }, last read entry op id: 1.108
I1029 15:57:00.258196 1852174336 tablet_bootstrap.cc:1508] T 64cd91b90cde41a6aede1bede0fcb301 P 1bc80c76376544caba9a6c3e0ddbb285: Dumping replay state to log at the end of PlaySegments
I1029 15:57:00.258201 1852174336 tablet_bootstrap.cc:1133] T 64cd91b90cde41a6aede1bede0fcb301 P 1bc80c76376544caba9a6c3e0ddbb285: ReplayState: Previous OpId: 1.108, Committed OpId: 1.108, Pending Replicates: 0, Flushed Regular: -1.-1, Flushed Intents: -1.-1
I1029 15:57:00.258205 1852174336 tablet_bootstrap.cc:1133] T 64cd91b90cde41a6aede1bede0fcb301 P 1bc80c76376544caba9a6c3e0ddbb285: Log entries applied to RocksDB: 108
I1029 15:57:00.258209 1852174336 tablet_bootstrap.cc:1520] T 64cd91b90cde41a6aede1bede0fcb301 P 1bc80c76376544caba9a6c3e0ddbb285: Number of orphaned replicates: 0, last id: 1.108, committed id: 1.108
I1029 15:57:00.258272 1854468096 log_util.cc:835] Found no log entry headers
I1029 15:57:00.258277 1854468096 log_util.cc:696] Ignoring partially flushed segment in write ahead log /Users/arthurdell/var/data/yb-data/tserver/wals/table-96bc3d01051346e89ae5c516fe91f192/tablet-3375a24592064072822b84a987f30fde/wal-000000001 because there are no log entries following this one. The server probably crashed in the middle of writing an entry to the write-ahead log or downloaded an active log via remote bootstrap. Error detail: Corruption (yb/consensus/log_util.cc:906): Invalid checksum in log entry head header: found=0, computed=2351477386: Failed trying to read batch #229 at offset 15087 for log segment /Users/arthurdell/var/data/yb-data/tserver/wals/table-96bc3d01051346e89ae5c516fe91f192/tablet-3375a24592064072822b84a987f30fde/wal-000000001: Prior batch offsets: 14956 14982 15061 15087; Last log entries read: [REPLICATE (1.111)] [REPLICATE (1.112)] [REPLICATE (1.113)] [REPLICATE (1.114)]
I1029 15:57:00.258404 1855041536 log_util.cc:835] Found no log entry headers
I1029 15:57:00.258409 1855041536 log_util.cc:696] Ignoring partially flushed segment in write ahead log /Users/arthurdell/var/data/yb-data/tserver/wals/table-96bc3d01051346e89ae5c516fe91f192/tablet-a5b34273c13646cf805dff99419e4a48/wal-000000001 because there are no log entries following this one. The server probably crashed in the middle of writing an entry to the write-ahead log or downloaded an active log via remote bootstrap. Error detail: Corruption (yb/consensus/log_util.cc:906): Invalid checksum in log entry head header: found=0, computed=2351477386: Failed trying to read batch #219 at offset 14760 for log segment /Users/arthurdell/var/data/yb-data/tserver/wals/table-96bc3d01051346e89ae5c516fe91f192/tablet-a5b34273c13646cf805dff99419e4a48/wal-000000001: Prior batch offsets: 14629 14655 14734 14760; Last log entries read: [REPLICATE (1.107)] [REPLICATE (1.108)] [REPLICATE (1.109)] [REPLICATE (1.110)]
I1029 15:57:00.258435 1854468096 tablet_bootstrap_if.cc:96] T 3375a24592064072822b84a987f30fde P 1bc80c76376544caba9a6c3e0ddbb285: Bootstrap replayed 1/1 log segments. Read operations: 114, overwritten operations: 0. Pending: 1 replicates. Last read committed op id: 1.114, last entry metadata: { entry_time: 159554.205s offset: 14982 active_segment_sequence_number: 1 }, last read entry op id: 1.114
I1029 15:57:00.258442 1854468096 tablet_bootstrap.cc:1508] T 3375a24592064072822b84a987f30fde P 1bc80c76376544caba9a6c3e0ddbb285: Dumping replay state to log at the end of PlaySegments
I1029 15:57:00.258448 1854468096 tablet_bootstrap.cc:1133] T 3375a24592064072822b84a987f30fde P 1bc80c76376544caba9a6c3e0ddbb285: ReplayState: Previous OpId: 1.114, Committed OpId: 1.114, Pending Replicates: 0, Flushed Regular: -1.-1, Flushed Intents: -1.-1
I1029 15:57:00.258453 1854468096 tablet_bootstrap.cc:1133] T 3375a24592064072822b84a987f30fde P 1bc80c76376544caba9a6c3e0ddbb285: Log entries applied to RocksDB: 114
I1029 15:57:00.258458 1854468096 tablet_bootstrap.cc:1520] T 3375a24592064072822b84a987f30fde P 1bc80c76376544caba9a6c3e0ddbb285: Number of orphaned replicates: 0, last id: 1.114, committed id: 1.114
I1029 15:57:00.258512 1852747776 tablet_bootstrap_if.cc:96] T ebb919980f364488a6052bade1564edf P 1bc80c76376544caba9a6c3e0ddbb285: Bootstrap complete.
I1029 15:57:00.258522 1852174336 tablet_bootstrap_if.cc:96] T 64cd91b90cde41a6aede1bede0fcb301 P 1bc80c76376544caba9a6c3e0ddbb285: Bootstrap complete.
I1029 15:57:00.258584 1856188416 log_util.cc:791] Scanning /Users/arthurdell/var/data/yb-data/tserver/wals/table-96bc3d01051346e89ae5c516fe91f192/tablet-6abc1aa1722e4aceb752d9e26f577cb1/wal-000000001 for valid entry headers following offset 18915...
I1029 15:57:00.258599 1853321216 log_util.cc:835] Found no log entry headers
I1029 15:57:00.258601 1855041536 tablet_bootstrap_if.cc:96] T a5b34273c13646cf805dff99419e4a48 P 1bc80c76376544caba9a6c3e0ddbb285: Bootstrap replayed 1/1 log segments. Read operations: 110, overwritten operations: 0. Pending: 1 replicates. Last read committed op id: 1.110, last entry metadata: { entry_time: 160830.752s offset: 14655 active_segment_sequence_number: 1 }, last read entry op id: 1.110
I1029 15:57:00.258615 1853321216 log_util.cc:696] Ignoring partially flushed segment in write ahead log /Users/arthurdell/var/data/yb-data/tserver/wals/table-96bc3d01051346e89ae5c516fe91f192/tablet-b7d13238b2aa4da0858654e93a484a78/wal-000000001 because there are no log entries following this one. The server probably crashed in the middle of writing an entry to the write-ahead log or downloaded an active log via remote bootstrap. Error detail: Corruption (yb/consensus/log_util.cc:906): Invalid checksum in log entry head header: found=0, computed=2351477386: Failed trying to read batch #111 at offset 7219 for log segment /Users/arthurdell/var/data/yb-data/tserver/wals/table-96bc3d01051346e89ae5c516fe91f192/tablet-b7d13238b2aa4da0858654e93a484a78/wal-000000001: Prior batch offsets: 7088 7114 7193 7219; Last log entries read: [REPLICATE (1.52)] [REPLICATE (1.53)] [REPLICATE (1.54)] [REPLICATE (1.55)]
I1029 15:57:00.258621 1855614976 log_util.cc:835] Found no log entry headers
I1029 15:57:00.258632 1855041536 tablet_bootstrap.cc:1508] T a5b34273c13646cf805dff99419e4a48 P 1bc80c76376544caba9a6c3e0ddbb285: Dumping replay state to log at the end of PlaySegments
I1029 15:57:00.258646 1855614976 log_util.cc:696] Ignoring partially flushed segment in write ahead log /Users/arthurdell/var/data/yb-data/tserver/wals/table-96bc3d01051346e89ae5c516fe91f192/tablet-652a3818a8544a939083541e6a86d171/wal-000000001 because there are no log entries following this one. The server probably crashed in the middle of writing an entry to the write-ahead log or downloaded an active log via remote bootstrap. Error detail: Corruption (yb/consensus/log_util.cc:906): Invalid checksum in log entry head header: found=0, computed=2351477386: Failed trying to read batch #201 at offset 13150 for log segment /Users/arthurdell/var/data/yb-data/tserver/wals/table-96bc3d01051346e89ae5c516fe91f192/tablet-652a3818a8544a939083541e6a86d171/wal-000000001: Prior batch offsets: 13019 13045 13124 13150; Last log entries read: [REPLICATE (1.97)] [REPLICATE (1.98)] [REPLICATE (1.99)] [REPLICATE (1.100)]
I1029 15:57:00.258657 1855041536 tablet_bootstrap.cc:1133] T a5b34273c13646cf805dff99419e4a48 P 1bc80c76376544caba9a6c3e0ddbb285: ReplayState: Previous OpId: 1.110, Committed OpId: 1.110, Pending Replicates: 0, Flushed Regular: -1.-1, Flushed Intents: -1.-1
I1029 15:57:00.258675 1855041536 tablet_bootstrap.cc:1133] T a5b34273c13646cf805dff99419e4a48 P 1bc80c76376544caba9a6c3e0ddbb285: Log entries applied to RocksDB: 110
I1029 15:57:00.258682 1855041536 tablet_bootstrap.cc:1520] T a5b34273c13646cf805dff99419e4a48 P 1bc80c76376544caba9a6c3e0ddbb285: Number of orphaned replicates: 0, last id: 1.110, committed id: 1.110
I1029 15:57:00.258733 1854468096 tablet_bootstrap_if.cc:96] T 3375a24592064072822b84a987f30fde P 1bc80c76376544caba9a6c3e0ddbb285: Bootstrap complete.
I1029 15:57:00.258818 1853321216 tablet_bootstrap_if.cc:96] T b7d13238b2aa4da0858654e93a484a78 P 1bc80c76376544caba9a6c3e0ddbb285: Bootstrap replayed 1/1 log segments. Read operations: 55, overwritten operations: 0. Pending: 1 replicates. Last read committed op id: 1.55, last entry metadata: { entry_time: 159554.209s offset: 7114 active_segment_sequence_number: 1 }, last read entry op id: 1.55
I1029 15:57:00.258834 1853321216 tablet_bootstrap.cc:1508] T b7d13238b2aa4da0858654e93a484a78 P 1bc80c76376544caba9a6c3e0ddbb285: Dumping replay state to log at the end of PlaySegments
I1029 15:57:00.258843 1855614976 tablet_bootstrap_if.cc:96] T 652a3818a8544a939083541e6a86d171 P 1bc80c76376544caba9a6c3e0ddbb285: Bootstrap replayed 1/1 log segments. Read operations: 100, overwritten operations: 0. Pending: 1 replicates. Last read committed op id: 1.100, last entry metadata: { entry_time: 159318.302s offset: 13045 active_segment_sequence_number: 1 }, last read entry op id: 1.100
I1029 15:57:00.258850 1853321216 tablet_bootstrap.cc:1133] T b7d13238b2aa4da0858654e93a484a78 P 1bc80c76376544caba9a6c3e0ddbb285: ReplayState: Previous OpId: 1.55, Committed OpId: 1.55, Pending Replicates: 0, Flushed Regular: -1.-1, Flushed Intents: -1.-1
I1029 15:57:00.258868 1855614976 tablet_bootstrap.cc:1508] T 652a3818a8544a939083541e6a86d171 P 1bc80c76376544caba9a6c3e0ddbb285: Dumping replay state to log at the end of PlaySegments
I1029 15:57:00.258881 1853321216 tablet_bootstrap.cc:1133] T b7d13238b2aa4da0858654e93a484a78 P 1bc80c76376544caba9a6c3e0ddbb285: Log entries applied to RocksDB: 55
I1029 15:57:00.258898 1855614976 tablet_bootstrap.cc:1133] T 652a3818a8544a939083541e6a86d171 P 1bc80c76376544caba9a6c3e0ddbb285: ReplayState: Previous OpId: 1.100, Committed OpId: 1.100, Pending Replicates: 0, Flushed Regular: -1.-1, Flushed Intents: -1.-1
I1029 15:57:00.258912 1853321216 tablet_bootstrap.cc:1520] T b7d13238b2aa4da0858654e93a484a78 P 1bc80c76376544caba9a6c3e0ddbb285: Number of orphaned replicates: 0, last id: 1.55, committed id: 1.55
I1029 15:57:00.258929 1855614976 tablet_bootstrap.cc:1133] T 652a3818a8544a939083541e6a86d171 P 1bc80c76376544caba9a6c3e0ddbb285: Log entries applied to RocksDB: 100
I1029 15:57:00.258960 1855614976 tablet_bootstrap.cc:1520] T 652a3818a8544a939083541e6a86d171 P 1bc80c76376544caba9a6c3e0ddbb285: Number of orphaned replicates: 0, last id: 1.100, committed id: 1.100
I1029 15:57:00.258968 1855041536 tablet_bootstrap_if.cc:96] T a5b34273c13646cf805dff99419e4a48 P 1bc80c76376544caba9a6c3e0ddbb285: Bootstrap complete.
I1029 15:57:00.258976 1856188416 log_util.cc:835] Found no log entry headers
I1029 15:57:00.259013 1856188416 log_util.cc:696] Ignoring partially flushed segment in write ahead log /Users/arthurdell/var/data/yb-data/tserver/wals/table-96bc3d01051346e89ae5c516fe91f192/tablet-6abc1aa1722e4aceb752d9e26f577cb1/wal-000000001 because there are no log entries following this one. The server probably crashed in the middle of writing an entry to the write-ahead log or downloaded an active log via remote bootstrap. Error detail: Corruption (yb/consensus/log_util.cc:906): Invalid checksum in log entry head header: found=0, computed=2351477386: Failed trying to read batch #281 at offset 18915 for log segment /Users/arthurdell/var/data/yb-data/tserver/wals/table-96bc3d01051346e89ae5c516fe91f192/tablet-6abc1aa1722e4aceb752d9e26f577cb1/wal-000000001: Prior batch offsets: 18779 18806 18888 18915; Last log entries read: [REPLICATE (1.137)] [REPLICATE (1.138)] [REPLICATE (1.139)] [REPLICATE (1.140)]
I1029 15:57:00.259231 1856188416 tablet_bootstrap_if.cc:96] T 6abc1aa1722e4aceb752d9e26f577cb1 P 1bc80c76376544caba9a6c3e0ddbb285: Bootstrap replayed 1/1 log segments. Read operations: 140, overwritten operations: 0. Pending: 1 replicates. Last read committed op id: 1.140, last entry metadata: { entry_time: 160811.496s offset: 18806 active_segment_sequence_number: 1 }, last read entry op id: 1.140
I1029 15:57:00.259246 1856188416 tablet_bootstrap.cc:1508] T 6abc1aa1722e4aceb752d9e26f577cb1 P 1bc80c76376544caba9a6c3e0ddbb285: Dumping replay state to log at the end of PlaySegments
I1029 15:57:00.259263 1856188416 tablet_bootstrap.cc:1133] T 6abc1aa1722e4aceb752d9e26f577cb1 P 1bc80c76376544caba9a6c3e0ddbb285: ReplayState: Previous OpId: 1.140, Committed OpId: 1.140, Pending Replicates: 0, Flushed Regular: -1.-1, Flushed Intents: -1.-1
I1029 15:57:00.259279 1856188416 tablet_bootstrap.cc:1133] T 6abc1aa1722e4aceb752d9e26f577cb1 P 1bc80c76376544caba9a6c3e0ddbb285: Log entries applied to RocksDB: 140
I1029 15:57:00.259282 1853321216 tablet_bootstrap_if.cc:96] T b7d13238b2aa4da0858654e93a484a78 P 1bc80c76376544caba9a6c3e0ddbb285: Bootstrap complete.
I1029 15:57:00.259290 1856188416 tablet_bootstrap.cc:1520] T 6abc1aa1722e4aceb752d9e26f577cb1 P 1bc80c76376544caba9a6c3e0ddbb285: Number of orphaned replicates: 0, last id: 1.140, committed id: 1.140
I1029 15:57:00.259328 1855614976 tablet_bootstrap_if.cc:96] T 652a3818a8544a939083541e6a86d171 P 1bc80c76376544caba9a6c3e0ddbb285: Bootstrap complete.
I1029 15:57:00.259595 1852747776 log_util.cc:791] Scanning /Users/arthurdell/var/data/yb-data/tserver/wals/table-96bc3d01051346e89ae5c516fe91f192/tablet-ebb919980f364488a6052bade1564edf/wal-000000001 for valid entry headers following offset 11152...
I1029 15:57:00.259609 1856188416 tablet_bootstrap_if.cc:96] T 6abc1aa1722e4aceb752d9e26f577cb1 P 1bc80c76376544caba9a6c3e0ddbb285: Bootstrap complete.
I1029 15:57:00.259753 1852747776 log_util.cc:835] Found no log entry headers
I1029 15:57:00.259773 1852747776 log_util.cc:696] Ignoring partially flushed segment in write ahead log /Users/arthurdell/var/data/yb-data/tserver/wals/table-96bc3d01051346e89ae5c516fe91f192/tablet-ebb919980f364488a6052bade1564edf/wal-000000001 because there are no log entries following this one. The server probably crashed in the middle of writing an entry to the write-ahead log or downloaded an active log via remote bootstrap. Error detail: Corruption (yb/consensus/log_util.cc:906): Invalid checksum in log entry head header: found=0, computed=2351477386: Failed trying to read batch #167 at offset 11152 for log segment /Users/arthurdell/var/data/yb-data/tserver/wals/table-96bc3d01051346e89ae5c516fe91f192/tablet-ebb919980f364488a6052bade1564edf/wal-000000001: Prior batch offsets: 11021 11047 11126 11152; Last log entries read: [REPLICATE (1.80)] [REPLICATE (1.81)] [REPLICATE (1.82)] [REPLICATE (1.83)]
I1029 15:57:00.259873 1852747776 log.cc:1027] Successfully restored footer_builder_ and log_index_ for segment: /Users/arthurdell/var/data/yb-data/tserver/wals/table-96bc3d01051346e89ae5c516fe91f192/tablet-ebb919980f364488a6052bade1564edf/wal-000000001. Reopen the file for write with starting offset: 11152
I1029 15:57:00.259909 1852747776 log.cc:1369] T ebb919980f364488a6052bade1564edf P 1bc80c76376544caba9a6c3e0ddbb285: Setting log wal retention time to 0 seconds
I1029 15:57:00.259934 1852747776 ts_tablet_manager.cc:1618] T ebb919980f364488a6052bade1564edf P 1bc80c76376544caba9a6c3e0ddbb285: Time spent bootstrapping tablet: real 0.005s	user 0.001s	sys 0.002s
I1029 15:57:00.260128 1852174336 log_util.cc:791] Scanning /Users/arthurdell/var/data/yb-data/tserver/wals/table-96bc3d01051346e89ae5c516fe91f192/tablet-64cd91b90cde41a6aede1bede0fcb301/wal-000000001 for valid entry headers following offset 14296...
I1029 15:57:00.260236 1852174336 log_util.cc:835] Found no log entry headers
I1029 15:57:00.260251 1852174336 log_util.cc:696] Ignoring partially flushed segment in write ahead log /Users/arthurdell/var/data/yb-data/tserver/wals/table-96bc3d01051346e89ae5c516fe91f192/tablet-64cd91b90cde41a6aede1bede0fcb301/wal-000000001 because there are no log entries following this one. The server probably crashed in the middle of writing an entry to the write-ahead log or downloaded an active log via remote bootstrap. Error detail: Corruption (yb/consensus/log_util.cc:906): Invalid checksum in log entry head header: found=0, computed=2351477386: Failed trying to read batch #217 at offset 14296 for log segment /Users/arthurdell/var/data/yb-data/tserver/wals/table-96bc3d01051346e89ae5c516fe91f192/tablet-64cd91b90cde41a6aede1bede0fcb301/wal-000000001: Prior batch offsets: 14165 14191 14270 14296; Last log entries read: [REPLICATE (1.105)] [REPLICATE (1.106)] [REPLICATE (1.107)] [REPLICATE (1.108)]
I1029 15:57:00.260334 1853321216 log_util.cc:791] Scanning /Users/arthurdell/var/data/yb-data/tserver/wals/table-96bc3d01051346e89ae5c516fe91f192/tablet-b7d13238b2aa4da0858654e93a484a78/wal-000000001 for valid entry headers following offset 7219...
I1029 15:57:00.260341 1852174336 log.cc:1027] Successfully restored footer_builder_ and log_index_ for segment: /Users/arthurdell/var/data/yb-data/tserver/wals/table-96bc3d01051346e89ae5c516fe91f192/tablet-64cd91b90cde41a6aede1bede0fcb301/wal-000000001. Reopen the file for write with starting offset: 14296
I1029 15:57:00.260389 1852174336 log.cc:1369] T 64cd91b90cde41a6aede1bede0fcb301 P 1bc80c76376544caba9a6c3e0ddbb285: Setting log wal retention time to 0 seconds
I1029 15:57:00.260409 1852174336 ts_tablet_manager.cc:1618] T 64cd91b90cde41a6aede1bede0fcb301 P 1bc80c76376544caba9a6c3e0ddbb285: Time spent bootstrapping tablet: real 0.005s	user 0.001s	sys 0.003s
I1029 15:57:00.260473 1853321216 log_util.cc:835] Found no log entry headers
I1029 15:57:00.260488 1853321216 log_util.cc:696] Ignoring partially flushed segment in write ahead log /Users/arthurdell/var/data/yb-data/tserver/wals/table-96bc3d01051346e89ae5c516fe91f192/tablet-b7d13238b2aa4da0858654e93a484a78/wal-000000001 because there are no log entries following this one. The server probably crashed in the middle of writing an entry to the write-ahead log or downloaded an active log via remote bootstrap. Error detail: Corruption (yb/consensus/log_util.cc:906): Invalid checksum in log entry head header: found=0, computed=2351477386: Failed trying to read batch #111 at offset 7219 for log segment /Users/arthurdell/var/data/yb-data/tserver/wals/table-96bc3d01051346e89ae5c516fe91f192/tablet-b7d13238b2aa4da0858654e93a484a78/wal-000000001: Prior batch offsets: 7088 7114 7193 7219; Last log entries read: [REPLICATE (1.52)] [REPLICATE (1.53)] [REPLICATE (1.54)] [REPLICATE (1.55)]
I1029 15:57:00.260509 1853894656 log_util.cc:791] Scanning /Users/arthurdell/var/data/yb-data/tserver/wals/table-96bc3d01051346e89ae5c516fe91f192/tablet-0c8fa40e08cd41d9990ebf39e6341d10/wal-000000001 for valid entry headers following offset 26115...
I1029 15:57:00.260519 1854468096 log_util.cc:791] Scanning /Users/arthurdell/var/data/yb-data/tserver/wals/table-96bc3d01051346e89ae5c516fe91f192/tablet-3375a24592064072822b84a987f30fde/wal-000000001 for valid entry headers following offset 15087...
I1029 15:57:00.260561 1853321216 log.cc:1027] Successfully restored footer_builder_ and log_index_ for segment: /Users/arthurdell/var/data/yb-data/tserver/wals/table-96bc3d01051346e89ae5c516fe91f192/tablet-b7d13238b2aa4da0858654e93a484a78/wal-000000001. Reopen the file for write with starting offset: 7219
I1029 15:57:00.260587 1853321216 log.cc:1369] T b7d13238b2aa4da0858654e93a484a78 P 1bc80c76376544caba9a6c3e0ddbb285: Setting log wal retention time to 0 seconds
I1029 15:57:00.260604 1853321216 ts_tablet_manager.cc:1618] T b7d13238b2aa4da0858654e93a484a78 P 1bc80c76376544caba9a6c3e0ddbb285: Time spent bootstrapping tablet: real 0.005s	user 0.001s	sys 0.002s
I1029 15:57:00.260615 1855041536 log_util.cc:791] Scanning /Users/arthurdell/var/data/yb-data/tserver/wals/table-96bc3d01051346e89ae5c516fe91f192/tablet-a5b34273c13646cf805dff99419e4a48/wal-000000001 for valid entry headers following offset 14760...
I1029 15:57:00.260622 1854468096 log_util.cc:835] Found no log entry headers
I1029 15:57:00.260640 1854468096 log_util.cc:696] Ignoring partially flushed segment in write ahead log /Users/arthurdell/var/data/yb-data/tserver/wals/table-96bc3d01051346e89ae5c516fe91f192/tablet-3375a24592064072822b84a987f30fde/wal-000000001 because there are no log entries following this one. The server probably crashed in the middle of writing an entry to the write-ahead log or downloaded an active log via remote bootstrap. Error detail: Corruption (yb/consensus/log_util.cc:906): Invalid checksum in log entry head header: found=0, computed=2351477386: Failed trying to read batch #229 at offset 15087 for log segment /Users/arthurdell/var/data/yb-data/tserver/wals/table-96bc3d01051346e89ae5c516fe91f192/tablet-3375a24592064072822b84a987f30fde/wal-000000001: Prior batch offsets: 14956 14982 15061 15087; Last log entries read: [REPLICATE (1.111)] [REPLICATE (1.112)] [REPLICATE (1.113)] [REPLICATE (1.114)]
I1029 15:57:00.260658 1855614976 log_util.cc:791] Scanning /Users/arthurdell/var/data/yb-data/tserver/wals/table-96bc3d01051346e89ae5c516fe91f192/tablet-652a3818a8544a939083541e6a86d171/wal-000000001 for valid entry headers following offset 13150...
I1029 15:57:00.260715 1855041536 log_util.cc:835] Found no log entry headers
I1029 15:57:00.260721 1855041536 log_util.cc:696] Ignoring partially flushed segment in write ahead log /Users/arthurdell/var/data/yb-data/tserver/wals/table-96bc3d01051346e89ae5c516fe91f192/tablet-a5b34273c13646cf805dff99419e4a48/wal-000000001 because there are no log entries following this one. The server probably crashed in the middle of writing an entry to the write-ahead log or downloaded an active log via remote bootstrap. Error detail: Corruption (yb/consensus/log_util.cc:906): Invalid checksum in log entry head header: found=0, computed=2351477386: Failed trying to read batch #219 at offset 14760 for log segment /Users/arthurdell/var/data/yb-data/tserver/wals/table-96bc3d01051346e89ae5c516fe91f192/tablet-a5b34273c13646cf805dff99419e4a48/wal-000000001: Prior batch offsets: 14629 14655 14734 14760; Last log entries read: [REPLICATE (1.107)] [REPLICATE (1.108)] [REPLICATE (1.109)] [REPLICATE (1.110)]
I1029 15:57:00.260771 1855041536 log.cc:1027] Successfully restored footer_builder_ and log_index_ for segment: /Users/arthurdell/var/data/yb-data/tserver/wals/table-96bc3d01051346e89ae5c516fe91f192/tablet-a5b34273c13646cf805dff99419e4a48/wal-000000001. Reopen the file for write with starting offset: 14760
I1029 15:57:00.260778 1855614976 log_util.cc:835] Found no log entry headers
I1029 15:57:00.260792 1855614976 log_util.cc:696] Ignoring partially flushed segment in write ahead log /Users/arthurdell/var/data/yb-data/tserver/wals/table-96bc3d01051346e89ae5c516fe91f192/tablet-652a3818a8544a939083541e6a86d171/wal-000000001 because there are no log entries following this one. The server probably crashed in the middle of writing an entry to the write-ahead log or downloaded an active log via remote bootstrap. Error detail: Corruption (yb/consensus/log_util.cc:906): Invalid checksum in log entry head header: found=0, computed=2351477386: Failed trying to read batch #201 at offset 13150 for log segment /Users/arthurdell/var/data/yb-data/tserver/wals/table-96bc3d01051346e89ae5c516fe91f192/tablet-652a3818a8544a939083541e6a86d171/wal-000000001: Prior batch offsets: 13019 13045 13124 13150; Last log entries read: [REPLICATE (1.97)] [REPLICATE (1.98)] [REPLICATE (1.99)] [REPLICATE (1.100)]
I1029 15:57:00.260798 1855041536 log.cc:1369] T a5b34273c13646cf805dff99419e4a48 P 1bc80c76376544caba9a6c3e0ddbb285: Setting log wal retention time to 0 seconds
I1029 15:57:00.260816 1855041536 ts_tablet_manager.cc:1618] T a5b34273c13646cf805dff99419e4a48 P 1bc80c76376544caba9a6c3e0ddbb285: Time spent bootstrapping tablet: real 0.005s	user 0.001s	sys 0.003s
I1029 15:57:00.260840 1855614976 log.cc:1027] Successfully restored footer_builder_ and log_index_ for segment: /Users/arthurdell/var/data/yb-data/tserver/wals/table-96bc3d01051346e89ae5c516fe91f192/tablet-652a3818a8544a939083541e6a86d171/wal-000000001. Reopen the file for write with starting offset: 13150
I1029 15:57:00.260851 1856188416 log_util.cc:791] Scanning /Users/arthurdell/var/data/yb-data/tserver/wals/table-96bc3d01051346e89ae5c516fe91f192/tablet-6abc1aa1722e4aceb752d9e26f577cb1/wal-000000001 for valid entry headers following offset 18915...
I1029 15:57:00.260864 1855614976 log.cc:1369] T 652a3818a8544a939083541e6a86d171 P 1bc80c76376544caba9a6c3e0ddbb285: Setting log wal retention time to 0 seconds
I1029 15:57:00.260865 1854468096 log.cc:1027] Successfully restored footer_builder_ and log_index_ for segment: /Users/arthurdell/var/data/yb-data/tserver/wals/table-96bc3d01051346e89ae5c516fe91f192/tablet-3375a24592064072822b84a987f30fde/wal-000000001. Reopen the file for write with starting offset: 15087
I1029 15:57:00.260880 1855614976 ts_tablet_manager.cc:1618] T 652a3818a8544a939083541e6a86d171 P 1bc80c76376544caba9a6c3e0ddbb285: Time spent bootstrapping tablet: real 0.005s	user 0.001s	sys 0.002s
I1029 15:57:00.260915 1854468096 log.cc:1369] T 3375a24592064072822b84a987f30fde P 1bc80c76376544caba9a6c3e0ddbb285: Setting log wal retention time to 0 seconds
I1029 15:57:00.260929 1854468096 ts_tablet_manager.cc:1618] T 3375a24592064072822b84a987f30fde P 1bc80c76376544caba9a6c3e0ddbb285: Time spent bootstrapping tablet: real 0.005s	user 0.001s	sys 0.003s
I1029 15:57:00.260936 1853894656 log_util.cc:835] Found no log entry headers
I1029 15:57:00.260941 1856188416 log_util.cc:835] Found no log entry headers
I1029 15:57:00.260947 1853894656 log_util.cc:696] Ignoring partially flushed segment in write ahead log /Users/arthurdell/var/data/yb-data/tserver/wals/table-96bc3d01051346e89ae5c516fe91f192/tablet-0c8fa40e08cd41d9990ebf39e6341d10/wal-000000001 because there are no log entries following this one. The server probably crashed in the middle of writing an entry to the write-ahead log or downloaded an active log via remote bootstrap. Error detail: Corruption (yb/consensus/log_util.cc:906): Invalid checksum in log entry head header: found=0, computed=2351477386: Failed trying to read batch #391 at offset 26115 for log segment /Users/arthurdell/var/data/yb-data/tserver/wals/table-96bc3d01051346e89ae5c516fe91f192/tablet-0c8fa40e08cd41d9990ebf39e6341d10/wal-000000001: Prior batch offsets: 25979 26006 26088 26115; Last log entries read: [REPLICATE (1.192)] [REPLICATE (1.193)] [REPLICATE (1.194)] [REPLICATE (1.195)]
I1029 15:57:00.260952 1856188416 log_util.cc:696] Ignoring partially flushed segment in write ahead log /Users/arthurdell/var/data/yb-data/tserver/wals/table-96bc3d01051346e89ae5c516fe91f192/tablet-6abc1aa1722e4aceb752d9e26f577cb1/wal-000000001 because there are no log entries following this one. The server probably crashed in the middle of writing an entry to the write-ahead log or downloaded an active log via remote bootstrap. Error detail: Corruption (yb/consensus/log_util.cc:906): Invalid checksum in log entry head header: found=0, computed=2351477386: Failed trying to read batch #281 at offset 18915 for log segment /Users/arthurdell/var/data/yb-data/tserver/wals/table-96bc3d01051346e89ae5c516fe91f192/tablet-6abc1aa1722e4aceb752d9e26f577cb1/wal-000000001: Prior batch offsets: 18779 18806 18888 18915; Last log entries read: [REPLICATE (1.137)] [REPLICATE (1.138)] [REPLICATE (1.139)] [REPLICATE (1.140)]
I1029 15:57:00.260999 1856188416 log.cc:1027] Successfully restored footer_builder_ and log_index_ for segment: /Users/arthurdell/var/data/yb-data/tserver/wals/table-96bc3d01051346e89ae5c516fe91f192/tablet-6abc1aa1722e4aceb752d9e26f577cb1/wal-000000001. Reopen the file for write with starting offset: 18915
I1029 15:57:00.261022 1856188416 log.cc:1369] T 6abc1aa1722e4aceb752d9e26f577cb1 P 1bc80c76376544caba9a6c3e0ddbb285: Setting log wal retention time to 0 seconds
I1029 15:57:00.261030 1856188416 ts_tablet_manager.cc:1618] T 6abc1aa1722e4aceb752d9e26f577cb1 P 1bc80c76376544caba9a6c3e0ddbb285: Time spent bootstrapping tablet: real 0.006s	user 0.001s	sys 0.002s
W1029 15:57:00.261232 4278306816 pg_wrapper.cc:455] No hba configuration lines found, defaulting to trust all configuration.
I1029 15:57:00.261471 1853894656 tablet_bootstrap_if.cc:96] T 0c8fa40e08cd41d9990ebf39e6341d10 P 1bc80c76376544caba9a6c3e0ddbb285: Bootstrap replayed 1/1 log segments. Read operations: 195, overwritten operations: 0. Pending: 1 replicates. Last read committed op id: 1.195, last entry metadata: { entry_time: 160801.560s offset: 26006 active_segment_sequence_number: 1 }, last read entry op id: 1.195
I1029 15:57:00.261478 1853894656 tablet_bootstrap.cc:1508] T 0c8fa40e08cd41d9990ebf39e6341d10 P 1bc80c76376544caba9a6c3e0ddbb285: Dumping replay state to log at the end of PlaySegments
I1029 15:57:00.261484 1853894656 tablet_bootstrap.cc:1133] T 0c8fa40e08cd41d9990ebf39e6341d10 P 1bc80c76376544caba9a6c3e0ddbb285: ReplayState: Previous OpId: 1.195, Committed OpId: 1.195, Pending Replicates: 0, Flushed Regular: -1.-1, Flushed Intents: -1.-1
I1029 15:57:00.261488 1853894656 tablet_bootstrap.cc:1133] T 0c8fa40e08cd41d9990ebf39e6341d10 P 1bc80c76376544caba9a6c3e0ddbb285: Log entries applied to RocksDB: 195
I1029 15:57:00.261494 1853894656 tablet_bootstrap.cc:1520] T 0c8fa40e08cd41d9990ebf39e6341d10 P 1bc80c76376544caba9a6c3e0ddbb285: Number of orphaned replicates: 0, last id: 1.195, committed id: 1.195
I1029 15:57:00.261518 4278306816 pg_wrapper.cc:479] No user name mapping configuration lines found.
I1029 15:57:00.261993 1852747776 consensus_meta.cc:317] T ebb919980f364488a6052bade1564edf P 1bc80c76376544caba9a6c3e0ddbb285: Updating active role from FOLLOWER to FOLLOWER. Consensus state: current_term: 1 leader_uuid: "" config { opid_index: -1 peers { permanent_uuid: "1bc80c76376544caba9a6c3e0ddbb285" member_type: VOTER last_known_private_addr { host: "127.0.0.1" port: 9100 } last_known_broadcast_addr { host: "127.0.0.1" port: 9100 } cloud_info { placement_cloud: "cloud1" placement_region: "datacenter1" placement_zone: "rack1" } } }, has_pending_config = 0
I1029 15:57:00.261996 1853321216 consensus_meta.cc:317] T b7d13238b2aa4da0858654e93a484a78 P 1bc80c76376544caba9a6c3e0ddbb285: Updating active role from FOLLOWER to FOLLOWER. Consensus state: current_term: 1 leader_uuid: "" config { opid_index: -1 peers { permanent_uuid: "1bc80c76376544caba9a6c3e0ddbb285" member_type: VOTER last_known_private_addr { host: "127.0.0.1" port: 9100 } last_known_broadcast_addr { host: "127.0.0.1" port: 9100 } cloud_info { placement_cloud: "cloud1" placement_region: "datacenter1" placement_zone: "rack1" } } }, has_pending_config = 0
I1029 15:57:00.262010 1852174336 consensus_meta.cc:317] T 64cd91b90cde41a6aede1bede0fcb301 P 1bc80c76376544caba9a6c3e0ddbb285: Updating active role from FOLLOWER to FOLLOWER. Consensus state: current_term: 1 leader_uuid: "" config { opid_index: -1 peers { permanent_uuid: "1bc80c76376544caba9a6c3e0ddbb285" member_type: VOTER last_known_private_addr { host: "127.0.0.1" port: 9100 } last_known_broadcast_addr { host: "127.0.0.1" port: 9100 } cloud_info { placement_cloud: "cloud1" placement_region: "datacenter1" placement_zone: "rack1" } } }, has_pending_config = 0
I1029 15:57:00.262020 1852747776 raft_consensus.cc:483] T ebb919980f364488a6052bade1564edf P 1bc80c76376544caba9a6c3e0ddbb285 [term 1 FOLLOWER]: Replica starting. Triggering 0 pending operations. Active config: opid_index: -1 peers { permanent_uuid: "1bc80c76376544caba9a6c3e0ddbb285" member_type: VOTER last_known_private_addr { host: "127.0.0.1" port: 9100 } last_known_broadcast_addr { host: "127.0.0.1" port: 9100 } cloud_info { placement_cloud: "cloud1" placement_region: "datacenter1" placement_zone: "rack1" } }
I1029 15:57:00.262037 1853321216 raft_consensus.cc:483] T b7d13238b2aa4da0858654e93a484a78 P 1bc80c76376544caba9a6c3e0ddbb285 [term 1 FOLLOWER]: Replica starting. Triggering 0 pending operations. Active config: opid_index: -1 peers { permanent_uuid: "1bc80c76376544caba9a6c3e0ddbb285" member_type: VOTER last_known_private_addr { host: "127.0.0.1" port: 9100 } last_known_broadcast_addr { host: "127.0.0.1" port: 9100 } cloud_info { placement_cloud: "cloud1" placement_region: "datacenter1" placement_zone: "rack1" } }
I1029 15:57:00.262049 1852174336 raft_consensus.cc:483] T 64cd91b90cde41a6aede1bede0fcb301 P 1bc80c76376544caba9a6c3e0ddbb285 [term 1 FOLLOWER]: Replica starting. Triggering 0 pending operations. Active config: opid_index: -1 peers { permanent_uuid: "1bc80c76376544caba9a6c3e0ddbb285" member_type: VOTER last_known_private_addr { host: "127.0.0.1" port: 9100 } last_known_broadcast_addr { host: "127.0.0.1" port: 9100 } cloud_info { placement_cloud: "cloud1" placement_region: "datacenter1" placement_zone: "rack1" } }
I1029 15:57:00.262064 1852747776 raft_consensus.cc:1120] T ebb919980f364488a6052bade1564edf P 1bc80c76376544caba9a6c3e0ddbb285 [term 1 FOLLOWER]: Becoming Follower/Learner. State: Replica: 1bc80c76376544caba9a6c3e0ddbb285, State: 1, Role: FOLLOWER, Watermarks: {Received: 1.83 Committed: 1.83} Leader: 0.0, new leader: , initial_fd_wait: <uninitialized>
I1029 15:57:00.262068 1853321216 raft_consensus.cc:1120] T b7d13238b2aa4da0858654e93a484a78 P 1bc80c76376544caba9a6c3e0ddbb285 [term 1 FOLLOWER]: Becoming Follower/Learner. State: Replica: 1bc80c76376544caba9a6c3e0ddbb285, State: 1, Role: FOLLOWER, Watermarks: {Received: 1.55 Committed: 1.55} Leader: 0.0, new leader: , initial_fd_wait: <uninitialized>
I1029 15:57:00.262085 1852174336 raft_consensus.cc:1120] T 64cd91b90cde41a6aede1bede0fcb301 P 1bc80c76376544caba9a6c3e0ddbb285 [term 1 FOLLOWER]: Becoming Follower/Learner. State: Replica: 1bc80c76376544caba9a6c3e0ddbb285, State: 1, Role: FOLLOWER, Watermarks: {Received: 1.108 Committed: 1.108} Leader: 0.0, new leader: , initial_fd_wait: <uninitialized>
I1029 15:57:00.262101 1852747776 consensus_meta.cc:317] T ebb919980f364488a6052bade1564edf P 1bc80c76376544caba9a6c3e0ddbb285: Updating active role from FOLLOWER to FOLLOWER. Consensus state: current_term: 1 leader_uuid: "" config { opid_index: -1 peers { permanent_uuid: "1bc80c76376544caba9a6c3e0ddbb285" member_type: VOTER last_known_private_addr { host: "127.0.0.1" port: 9100 } last_known_broadcast_addr { host: "127.0.0.1" port: 9100 } cloud_info { placement_cloud: "cloud1" placement_region: "datacenter1" placement_zone: "rack1" } } }, has_pending_config = 0
I1029 15:57:00.262113 1853321216 consensus_meta.cc:317] T b7d13238b2aa4da0858654e93a484a78 P 1bc80c76376544caba9a6c3e0ddbb285: Updating active role from FOLLOWER to FOLLOWER. Consensus state: current_term: 1 leader_uuid: "" config { opid_index: -1 peers { permanent_uuid: "1bc80c76376544caba9a6c3e0ddbb285" member_type: VOTER last_known_private_addr { host: "127.0.0.1" port: 9100 } last_known_broadcast_addr { host: "127.0.0.1" port: 9100 } cloud_info { placement_cloud: "cloud1" placement_region: "datacenter1" placement_zone: "rack1" } } }, has_pending_config = 0
I1029 15:57:00.262120 1852174336 consensus_meta.cc:317] T 64cd91b90cde41a6aede1bede0fcb301 P 1bc80c76376544caba9a6c3e0ddbb285: Updating active role from FOLLOWER to FOLLOWER. Consensus state: current_term: 1 leader_uuid: "" config { opid_index: -1 peers { permanent_uuid: "1bc80c76376544caba9a6c3e0ddbb285" member_type: VOTER last_known_private_addr { host: "127.0.0.1" port: 9100 } last_known_broadcast_addr { host: "127.0.0.1" port: 9100 } cloud_info { placement_cloud: "cloud1" placement_region: "datacenter1" placement_zone: "rack1" } } }, has_pending_config = 0
I1029 15:57:00.262125 1853894656 tablet_bootstrap_if.cc:96] T 0c8fa40e08cd41d9990ebf39e6341d10 P 1bc80c76376544caba9a6c3e0ddbb285: Bootstrap complete.
I1029 15:57:00.262143 1852747776 consensus_queue.cc:272] T ebb919980f364488a6052bade1564edf P 1bc80c76376544caba9a6c3e0ddbb285 [NON_LEADER]: Queue going to NON_LEADER mode. State: All replicated op: 0.0, Majority replicated op: 0.0, Committed index: 0.0, Last applied: 0.0, Last appended: 1.83, Current term: 0, Majority size: -1, State: QUEUE_OPEN, Mode: NON_LEADER
I1029 15:57:00.262156 1853321216 consensus_queue.cc:272] T b7d13238b2aa4da0858654e93a484a78 P 1bc80c76376544caba9a6c3e0ddbb285 [NON_LEADER]: Queue going to NON_LEADER mode. State: All replicated op: 0.0, Majority replicated op: 0.0, Committed index: 0.0, Last applied: 0.0, Last appended: 1.55, Current term: 0, Majority size: -1, State: QUEUE_OPEN, Mode: NON_LEADER
I1029 15:57:00.262179 1852174336 consensus_queue.cc:272] T 64cd91b90cde41a6aede1bede0fcb301 P 1bc80c76376544caba9a6c3e0ddbb285 [NON_LEADER]: Queue going to NON_LEADER mode. State: All replicated op: 0.0, Majority replicated op: 0.0, Committed index: 0.0, Last applied: 0.0, Last appended: 1.108, Current term: 0, Majority size: -1, State: QUEUE_OPEN, Mode: NON_LEADER
I1029 15:57:00.262203 1852747776 raft_consensus.cc:3417] T ebb919980f364488a6052bade1564edf P 1bc80c76376544caba9a6c3e0ddbb285 [term 1 FOLLOWER]: Calling mark dirty synchronously for reason code CONSENSUS_STARTED
I1029 15:57:00.262213 1853321216 raft_consensus.cc:3417] T b7d13238b2aa4da0858654e93a484a78 P 1bc80c76376544caba9a6c3e0ddbb285 [term 1 FOLLOWER]: Calling mark dirty synchronously for reason code CONSENSUS_STARTED
I1029 15:57:00.262220 1852174336 raft_consensus.cc:3417] T 64cd91b90cde41a6aede1bede0fcb301 P 1bc80c76376544caba9a6c3e0ddbb285 [term 1 FOLLOWER]: Calling mark dirty synchronously for reason code CONSENSUS_STARTED
I1029 15:57:00.262228 1854468096 consensus_meta.cc:317] T 3375a24592064072822b84a987f30fde P 1bc80c76376544caba9a6c3e0ddbb285: Updating active role from FOLLOWER to FOLLOWER. Consensus state: current_term: 1 leader_uuid: "" config { opid_index: -1 peers { permanent_uuid: "1bc80c76376544caba9a6c3e0ddbb285" member_type: VOTER last_known_private_addr { host: "127.0.0.1" port: 9100 } last_known_broadcast_addr { host: "127.0.0.1" port: 9100 } cloud_info { placement_cloud: "cloud1" placement_region: "datacenter1" placement_zone: "rack1" } } }, has_pending_config = 0
I1029 15:57:00.262251 1854468096 raft_consensus.cc:483] T 3375a24592064072822b84a987f30fde P 1bc80c76376544caba9a6c3e0ddbb285 [term 1 FOLLOWER]: Replica starting. Triggering 0 pending operations. Active config: opid_index: -1 peers { permanent_uuid: "1bc80c76376544caba9a6c3e0ddbb285" member_type: VOTER last_known_private_addr { host: "127.0.0.1" port: 9100 } last_known_broadcast_addr { host: "127.0.0.1" port: 9100 } cloud_info { placement_cloud: "cloud1" placement_region: "datacenter1" placement_zone: "rack1" } }
I1029 15:57:00.262265 1854468096 raft_consensus.cc:1120] T 3375a24592064072822b84a987f30fde P 1bc80c76376544caba9a6c3e0ddbb285 [term 1 FOLLOWER]: Becoming Follower/Learner. State: Replica: 1bc80c76376544caba9a6c3e0ddbb285, State: 1, Role: FOLLOWER, Watermarks: {Received: 1.114 Committed: 1.114} Leader: 0.0, new leader: , initial_fd_wait: <uninitialized>
I1029 15:57:00.262272 1852747776 tablet_peer.cc:1545] T ebb919980f364488a6052bade1564edf P 1bc80c76376544caba9a6c3e0ddbb285 [state=RUNNING]: Changed state from BOOTSTRAPPING to RUNNING
I1029 15:57:00.262272 1854468096 consensus_meta.cc:317] T 3375a24592064072822b84a987f30fde P 1bc80c76376544caba9a6c3e0ddbb285: Updating active role from FOLLOWER to FOLLOWER. Consensus state: current_term: 1 leader_uuid: "" config { opid_index: -1 peers { permanent_uuid: "1bc80c76376544caba9a6c3e0ddbb285" member_type: VOTER last_known_private_addr { host: "127.0.0.1" port: 9100 } last_known_broadcast_addr { host: "127.0.0.1" port: 9100 } cloud_info { placement_cloud: "cloud1" placement_region: "datacenter1" placement_zone: "rack1" } } }, has_pending_config = 0
I1029 15:57:00.262290 1854468096 consensus_queue.cc:272] T 3375a24592064072822b84a987f30fde P 1bc80c76376544caba9a6c3e0ddbb285 [NON_LEADER]: Queue going to NON_LEADER mode. State: All replicated op: 0.0, Majority replicated op: 0.0, Committed index: 0.0, Last applied: 0.0, Last appended: 1.114, Current term: 0, Majority size: -1, State: QUEUE_OPEN, Mode: NON_LEADER
I1029 15:57:00.262293 1855041536 consensus_meta.cc:317] T a5b34273c13646cf805dff99419e4a48 P 1bc80c76376544caba9a6c3e0ddbb285: Updating active role from FOLLOWER to FOLLOWER. Consensus state: current_term: 1 leader_uuid: "" config { opid_index: -1 peers { permanent_uuid: "1bc80c76376544caba9a6c3e0ddbb285" member_type: VOTER last_known_private_addr { host: "127.0.0.1" port: 9100 } last_known_broadcast_addr { host: "127.0.0.1" port: 9100 } cloud_info { placement_cloud: "cloud1" placement_region: "datacenter1" placement_zone: "rack1" } } }, has_pending_config = 0
I1029 15:57:00.262298 1854468096 raft_consensus.cc:3417] T 3375a24592064072822b84a987f30fde P 1bc80c76376544caba9a6c3e0ddbb285 [term 1 FOLLOWER]: Calling mark dirty synchronously for reason code CONSENSUS_STARTED
I1029 15:57:00.262302 1855041536 raft_consensus.cc:483] T a5b34273c13646cf805dff99419e4a48 P 1bc80c76376544caba9a6c3e0ddbb285 [term 1 FOLLOWER]: Replica starting. Triggering 0 pending operations. Active config: opid_index: -1 peers { permanent_uuid: "1bc80c76376544caba9a6c3e0ddbb285" member_type: VOTER last_known_private_addr { host: "127.0.0.1" port: 9100 } last_known_broadcast_addr { host: "127.0.0.1" port: 9100 } cloud_info { placement_cloud: "cloud1" placement_region: "datacenter1" placement_zone: "rack1" } }
I1029 15:57:00.262298 1855614976 consensus_meta.cc:317] T 652a3818a8544a939083541e6a86d171 P 1bc80c76376544caba9a6c3e0ddbb285: Updating active role from FOLLOWER to FOLLOWER. Consensus state: current_term: 1 leader_uuid: "" config { opid_index: -1 peers { permanent_uuid: "1bc80c76376544caba9a6c3e0ddbb285" member_type: VOTER last_known_private_addr { host: "127.0.0.1" port: 9100 } last_known_broadcast_addr { host: "127.0.0.1" port: 9100 } cloud_info { placement_cloud: "cloud1" placement_region: "datacenter1" placement_zone: "rack1" } } }, has_pending_config = 0
I1029 15:57:00.262317 1855041536 raft_consensus.cc:1120] T a5b34273c13646cf805dff99419e4a48 P 1bc80c76376544caba9a6c3e0ddbb285 [term 1 FOLLOWER]: Becoming Follower/Learner. State: Replica: 1bc80c76376544caba9a6c3e0ddbb285, State: 1, Role: FOLLOWER, Watermarks: {Received: 1.110 Committed: 1.110} Leader: 0.0, new leader: , initial_fd_wait: <uninitialized>
I1029 15:57:00.262319 1856188416 consensus_meta.cc:317] T 6abc1aa1722e4aceb752d9e26f577cb1 P 1bc80c76376544caba9a6c3e0ddbb285: Updating active role from FOLLOWER to FOLLOWER. Consensus state: current_term: 1 leader_uuid: "" config { opid_index: -1 peers { permanent_uuid: "1bc80c76376544caba9a6c3e0ddbb285" member_type: VOTER last_known_private_addr { host: "127.0.0.1" port: 9100 } last_known_broadcast_addr { host: "127.0.0.1" port: 9100 } cloud_info { placement_cloud: "cloud1" placement_region: "datacenter1" placement_zone: "rack1" } } }, has_pending_config = 0
I1029 15:57:00.262326 1855614976 raft_consensus.cc:483] T 652a3818a8544a939083541e6a86d171 P 1bc80c76376544caba9a6c3e0ddbb285 [term 1 FOLLOWER]: Replica starting. Triggering 0 pending operations. Active config: opid_index: -1 peers { permanent_uuid: "1bc80c76376544caba9a6c3e0ddbb285" member_type: VOTER last_known_private_addr { host: "127.0.0.1" port: 9100 } last_known_broadcast_addr { host: "127.0.0.1" port: 9100 } cloud_info { placement_cloud: "cloud1" placement_region: "datacenter1" placement_zone: "rack1" } }
I1029 15:57:00.262341 1853321216 tablet_peer.cc:1545] T b7d13238b2aa4da0858654e93a484a78 P 1bc80c76376544caba9a6c3e0ddbb285 [state=RUNNING]: Changed state from BOOTSTRAPPING to RUNNING
I1029 15:57:00.262339 1855041536 consensus_meta.cc:317] T a5b34273c13646cf805dff99419e4a48 P 1bc80c76376544caba9a6c3e0ddbb285: Updating active role from FOLLOWER to FOLLOWER. Consensus state: current_term: 1 leader_uuid: "" config { opid_index: -1 peers { permanent_uuid: "1bc80c76376544caba9a6c3e0ddbb285" member_type: VOTER last_known_private_addr { host: "127.0.0.1" port: 9100 } last_known_broadcast_addr { host: "127.0.0.1" port: 9100 } cloud_info { placement_cloud: "cloud1" placement_region: "datacenter1" placement_zone: "rack1" } } }, has_pending_config = 0
I1029 15:57:00.262351 1856188416 raft_consensus.cc:483] T 6abc1aa1722e4aceb752d9e26f577cb1 P 1bc80c76376544caba9a6c3e0ddbb285 [term 1 FOLLOWER]: Replica starting. Triggering 0 pending operations. Active config: opid_index: -1 peers { permanent_uuid: "1bc80c76376544caba9a6c3e0ddbb285" member_type: VOTER last_known_private_addr { host: "127.0.0.1" port: 9100 } last_known_broadcast_addr { host: "127.0.0.1" port: 9100 } cloud_info { placement_cloud: "cloud1" placement_region: "datacenter1" placement_zone: "rack1" } }
I1029 15:57:00.262359 1855614976 raft_consensus.cc:1120] T 652a3818a8544a939083541e6a86d171 P 1bc80c76376544caba9a6c3e0ddbb285 [term 1 FOLLOWER]: Becoming Follower/Learner. State: Replica: 1bc80c76376544caba9a6c3e0ddbb285, State: 1, Role: FOLLOWER, Watermarks: {Received: 1.100 Committed: 1.100} Leader: 0.0, new leader: , initial_fd_wait: <uninitialized>
I1029 15:57:00.262372 1852174336 tablet_peer.cc:1545] T 64cd91b90cde41a6aede1bede0fcb301 P 1bc80c76376544caba9a6c3e0ddbb285 [state=RUNNING]: Changed state from BOOTSTRAPPING to RUNNING
I1029 15:57:00.262384 1855041536 consensus_queue.cc:272] T a5b34273c13646cf805dff99419e4a48 P 1bc80c76376544caba9a6c3e0ddbb285 [NON_LEADER]: Queue going to NON_LEADER mode. State: All replicated op: 0.0, Majority replicated op: 0.0, Committed index: 0.0, Last applied: 0.0, Last appended: 1.110, Current term: 0, Majority size: -1, State: QUEUE_OPEN, Mode: NON_LEADER
I1029 15:57:00.262388 1856188416 raft_consensus.cc:1120] T 6abc1aa1722e4aceb752d9e26f577cb1 P 1bc80c76376544caba9a6c3e0ddbb285 [term 1 FOLLOWER]: Becoming Follower/Learner. State: Replica: 1bc80c76376544caba9a6c3e0ddbb285, State: 1, Role: FOLLOWER, Watermarks: {Received: 1.140 Committed: 1.140} Leader: 0.0, new leader: , initial_fd_wait: <uninitialized>
I1029 15:57:00.262398 1855614976 consensus_meta.cc:317] T 652a3818a8544a939083541e6a86d171 P 1bc80c76376544caba9a6c3e0ddbb285: Updating active role from FOLLOWER to FOLLOWER. Consensus state: current_term: 1 leader_uuid: "" config { opid_index: -1 peers { permanent_uuid: "1bc80c76376544caba9a6c3e0ddbb285" member_type: VOTER last_known_private_addr { host: "127.0.0.1" port: 9100 } last_known_broadcast_addr { host: "127.0.0.1" port: 9100 } cloud_info { placement_cloud: "cloud1" placement_region: "datacenter1" placement_zone: "rack1" } } }, has_pending_config = 0
I1029 15:57:00.262404 1853321216 tablet_peer.cc:1426] T b7d13238b2aa4da0858654e93a484a78 P 1bc80c76376544caba9a6c3e0ddbb285 [state=RUNNING]: Registered log gc
I1029 15:57:00.262420 1855041536 raft_consensus.cc:3417] T a5b34273c13646cf805dff99419e4a48 P 1bc80c76376544caba9a6c3e0ddbb285 [term 1 FOLLOWER]: Calling mark dirty synchronously for reason code CONSENSUS_STARTED
I1029 15:57:00.262424 1856188416 consensus_meta.cc:317] T 6abc1aa1722e4aceb752d9e26f577cb1 P 1bc80c76376544caba9a6c3e0ddbb285: Updating active role from FOLLOWER to FOLLOWER. Consensus state: current_term: 1 leader_uuid: "" config { opid_index: -1 peers { permanent_uuid: "1bc80c76376544caba9a6c3e0ddbb285" member_type: VOTER last_known_private_addr { host: "127.0.0.1" port: 9100 } last_known_broadcast_addr { host: "127.0.0.1" port: 9100 } cloud_info { placement_cloud: "cloud1" placement_region: "datacenter1" placement_zone: "rack1" } } }, has_pending_config = 0
I1029 15:57:00.262428 1852747776 tablet_peer.cc:1426] T ebb919980f364488a6052bade1564edf P 1bc80c76376544caba9a6c3e0ddbb285 [state=RUNNING]: Registered log gc
I1029 15:57:00.262431 1855614976 consensus_queue.cc:272] T 652a3818a8544a939083541e6a86d171 P 1bc80c76376544caba9a6c3e0ddbb285 [NON_LEADER]: Queue going to NON_LEADER mode. State: All replicated op: 0.0, Majority replicated op: 0.0, Committed index: 0.0, Last applied: 0.0, Last appended: 1.100, Current term: 0, Majority size: -1, State: QUEUE_OPEN, Mode: NON_LEADER
I1029 15:57:00.262439 1853321216 ts_tablet_manager.cc:1695] T b7d13238b2aa4da0858654e93a484a78 P 1bc80c76376544caba9a6c3e0ddbb285: Time spent starting tablet: real 0.002s	user 0.000s	sys 0.001s
I1029 15:57:00.262457 1854468096 tablet_peer.cc:1545] T 3375a24592064072822b84a987f30fde P 1bc80c76376544caba9a6c3e0ddbb285 [state=RUNNING]: Changed state from BOOTSTRAPPING to RUNNING
I1029 15:57:00.262458 1856188416 consensus_queue.cc:272] T 6abc1aa1722e4aceb752d9e26f577cb1 P 1bc80c76376544caba9a6c3e0ddbb285 [NON_LEADER]: Queue going to NON_LEADER mode. State: All replicated op: 0.0, Majority replicated op: 0.0, Committed index: 0.0, Last applied: 0.0, Last appended: 1.140, Current term: 0, Majority size: -1, State: QUEUE_OPEN, Mode: NON_LEADER
I1029 15:57:00.262470 1852747776 ts_tablet_manager.cc:1695] T ebb919980f364488a6052bade1564edf P 1bc80c76376544caba9a6c3e0ddbb285: Time spent starting tablet: real 0.003s	user 0.001s	sys 0.001s
I1029 15:57:00.262490 1855041536 tablet_peer.cc:1545] T a5b34273c13646cf805dff99419e4a48 P 1bc80c76376544caba9a6c3e0ddbb285 [state=RUNNING]: Changed state from BOOTSTRAPPING to RUNNING
I1029 15:57:00.262501 1852174336 tablet_peer.cc:1426] T 64cd91b90cde41a6aede1bede0fcb301 P 1bc80c76376544caba9a6c3e0ddbb285 [state=RUNNING]: Registered log gc
I1029 15:57:00.262501 1855614976 raft_consensus.cc:3417] T 652a3818a8544a939083541e6a86d171 P 1bc80c76376544caba9a6c3e0ddbb285 [term 1 FOLLOWER]: Calling mark dirty synchronously for reason code CONSENSUS_STARTED
I1029 15:57:00.262518 1853321216 ts_tablet_manager.cc:3075] Deleted transition in progress opening tablet for tablet b7d13238b2aa4da0858654e93a484a78
I1029 15:57:00.262533 1854468096 tablet_peer.cc:1426] T 3375a24592064072822b84a987f30fde P 1bc80c76376544caba9a6c3e0ddbb285 [state=RUNNING]: Registered log gc
