Log file created at: 2025/10/29 14:29:02
Current UTC time: 2025/10/29 10:29:02
Running on machine: ALPHA.local
Application fingerprint: version 2.19.2.0 build 121 revision f5330e713fe6eb3a66ee76ba34d3c71585845056 build_type RELEASE built at 06 Sep 2023 18:58:08 GMT
Running duration (h:mm:ss): 0:00:00
Log line format: [IWEF]mmdd hh:mm:ss.uuuuuu threadid file:line] msg
I1029 14:29:02.570153 4278306816 server_main_util.cc:71] NumCPUs determined to be: 32
I1029 14:29:02.570825 4278306816 mem_tracker.cc:264] Creating root MemTracker with garbage collection threshold 134217728 bytes
I1029 14:29:02.570843 4278306816 tcmalloc_util.cc:233] Setting tcmalloc max thread cache bytes to: 2147483648
I1029 14:29:02.570863 4278306816 tablet_server_main_impl.cc:158] Using parsed rpc = 127.0.0.1:9100
I1029 14:29:02.570878 4278306816 tablet_server_main_impl.cc:151] Reset YEDIS bind address to 127.0.0.1:6379
I1029 14:29:02.570914 4278306816 server_base_options.cc:176] Updating master addrs to {127.0.0.1:7100}
I1029 14:29:02.570926 4278306816 server_base_options.cc:176] Updating master addrs to {127.0.0.1:7100}
I1029 14:29:02.570940 4278306816 server_base_options.cc:176] Updating master addrs to {127.0.0.1:7100}
I1029 14:29:02.570986 4278306816 shared_mem.cc:158] Using directory /tmp to store shared memory objects
I1029 14:29:02.571179 4278306816 mem_tracker.cc:782] MemTracker: hard memory limit is 307.200012 GB
I1029 14:29:02.571185 4278306816 mem_tracker.cc:784] MemTracker: soft memory limit is 261.119995 GB
I1029 14:29:02.571190 4278306816 server_base_options.cc:176] Updating master addrs to {127.0.0.1:7100}
I1029 14:29:02.571436 4278306816 docdb_rocksdb_util.cc:586] FLAGS_priority_thread_pool_size was not set, automatically configuring to 14.
I1029 14:29:02.571520 4278306816 full_compaction_manager.cc:98] Initialized full compaction manager check_interval_sec: 60 window_size_sec: 300 scheduled_compaction_frequency: 0.000s scheduled_jitter_factor: 33
I1029 14:29:02.571583 4278306816 rpc_server.cc:84] yb::server::RpcServer created at 0x10761f400
I1029 14:29:02.571591 4278306816 tablet_server.cc:320] yb::tserver::TabletServer created at 0x107682000
I1029 14:29:02.571596 4278306816 tablet_server.cc:321] yb::tserver::TSTabletManager created at 0x1076b4000
I1029 14:29:02.571602 4278306816 tablet_server_main_impl.cc:241] Initializing tablet server...
I1029 14:29:02.572422 4278306816 server_base.cc:501] Could not load existing FS layout: Not found (yb/fs/fs_manager.cc:369): Metadata wasn't found
I1029 14:29:02.572428 4278306816 server_base.cc:502] Creating new FS layout
I1029 14:29:02.572683 4278306816 fs_manager.cc:603] Generated new instance metadata in path /Users/arthurdell/var/data/yb-data/tserver/instance:
uuid: "1bc80c76376544caba9a6c3e0ddbb285"
format_stamp: "Formatted at 2025-10-29 10:29:02 on ALPHA.local"
initdb_done_set_after_sys_catalog_restore: true
I1029 14:29:02.573035 4278306816 fs_manager.cc:382] Opened local filesystem: /Users/arthurdell/var/data
uuid: "1bc80c76376544caba9a6c3e0ddbb285"
format_stamp: "Formatted at 2025-10-29 10:29:02 on ALPHA.local"
initdb_done_set_after_sys_catalog_restore: true
I1029 14:29:02.573150 4278306816 auto_flags_manager.cc:187] Loading AutoFlags from master leader. Master addresses: [127.0.0.1:7100]
I1029 14:29:02.573163 4278306816 secure.cc:149] SetupSecureContext: kInternal, 0
I1029 14:29:02.573271 4278306816 thread_pool.cc:167] Starting thread pool { name: auto_flags_client max_workers: 1024 }
I1029 14:29:02.573493 1874505728 client-internal.cc:2590] New master addresses: [127.0.0.1:7100]
I1029 14:29:02.574365 4278306816 auto_flags_manager.cc:254] Storing new AutoFlags config: config_version: 1
promoted_flags {
  process_name: "yb-master"
  flags: "TEST_auto_flags_initialized"
  flags: "TEST_auto_flags_new_install"
  flags: "enable_automatic_tablet_splitting"
  flags: "enable_tablet_split_of_xcluster_replicated_tables"
  flags: "regular_tablets_data_block_key_value_encoding"
  flags: "save_index_into_wal_segments"
  flags: "use_parent_table_id_field"
  flags: "xcluster_enable_subtxn_abort_propagation"
  flags: "ysql_enable_packed_row"
  flags: "ysql_yb_bypass_cond_recheck"
  flags: "ysql_yb_enable_add_column_missing_default"
  flags: "ysql_yb_enable_expression_pushdown"
  flags: "ysql_yb_enable_hash_batch_in"
  flags: "ysql_yb_enable_index_aggregate_pushdown"
  flags: "ysql_yb_enable_pg_locks"
  flags: "ysql_yb_enable_sequence_pushdown"
  flags: "ysql_yb_pushdown_is_not_null"
  flags: "ysql_yb_pushdown_strict_inequality"
}
promoted_flags {
  process_name: "yb-tserver"
  flags: "TEST_auto_flags_initialized"
  flags: "TEST_auto_flags_new_install"
  flags: "enable_automatic_tablet_splitting"
  flags: "regular_tablets_data_block_key_value_encoding"
  flags: "save_index_into_wal_segments"
  flags: "xcluster_enable_subtxn_abort_propagation"
  flags: "ysql_enable_packed_row"
  flags: "ysql_yb_bypass_cond_recheck"
  flags: "ysql_yb_enable_add_column_missing_default"
  flags: "ysql_yb_enable_expression_pushdown"
  flags: "ysql_yb_enable_hash_batch_in"
  flags: "ysql_yb_enable_index_aggregate_pushdown"
  flags: "ysql_yb_enable_pg_locks"
  flags: "ysql_yb_enable_sequence_pushdown"
  flags: "ysql_yb_pushdown_is_not_null"
  flags: "ysql_yb_pushdown_strict_inequality"
}
I1029 14:29:02.574774 4278306816 fs_manager.cc:321] AutoFlags config stored in '/Users/arthurdell/var/data/yb-data/tserver/auto_flags_config'.
I1029 14:29:02.574810 4278306816 auto_flags_manager.cc:316] AutoFlags applied: TEST_auto_flags_initialized,TEST_auto_flags_new_install,enable_automatic_tablet_splitting,regular_tablets_data_block_key_value_encoding,save_index_into_wal_segments,xcluster_enable_subtxn_abort_propagation,ysql_enable_packed_row,ysql_yb_bypass_cond_recheck,ysql_yb_enable_add_column_missing_default,ysql_yb_enable_expression_pushdown,ysql_yb_enable_hash_batch_in,ysql_yb_enable_index_aggregate_pushdown,ysql_yb_enable_pg_locks,ysql_yb_enable_sequence_pushdown,ysql_yb_pushdown_is_not_null,ysql_yb_pushdown_strict_inequality
W1029 14:29:02.574921 4278306816 hybrid_clock.cc:133] HybridClock initialized in local mode (OS X only). Not suitable for distributed clusters.
I1029 14:29:02.575060 4278306816 server_base.cc:269] Auto setting FLAGS_num_reactor_threads to 16
I1029 14:29:02.575067 4278306816 secure.cc:149] SetupSecureContext: kInternal, 0
I1029 14:29:02.575177 4278306816 thread_pool.cc:167] Starting thread pool { name: TabletServer max_workers: 1024 }
I1029 14:29:02.575647 4278306816 secure.cc:149] SetupSecureContext: kInternal, 0
I1029 14:29:02.575762 4278306816 thread_pool.cc:167] Starting thread pool { name: universe_key_client max_workers: 1024 }
I1029 14:29:02.575910 1886547968 client-internal.cc:2590] New master addresses: [127.0.0.1:7100]
I1029 14:29:02.576341 4278306816 universe_key_client.cc:113] GetFullUniverseKeyRegistry returned successefully
I1029 14:29:02.576673 4278306816 encrypted_file_factory.cc:92] Created encrypted file factory
I1029 14:29:02.576681 4278306816 server_base_options.cc:176] Updating master addrs to {127.0.0.1:7100}
I1029 14:29:02.576699 4278306816 ts_tablet_manager.cc:547] P 1bc80c76376544caba9a6c3e0ddbb285: max_bootstrap_threads=8
I1029 14:29:02.576747 4278306816 server_base.cc:564] Using private rpc address 127.0.0.1
I1029 14:29:02.576753 4278306816 ts_tablet_manager.cc:606] Loaded metadata for 0 tablet in 0 ms
I1029 14:29:02.576820 4278306816 server_base.cc:564] Using private rpc address 127.0.0.1
I1029 14:29:02.576825 4278306816 tablet_server_main_impl.cc:243] Starting tablet server...
I1029 14:29:02.576830 4278306816 ulimit_util.cc:212] Configured soft limit for cpu time is already larger than specified min value (unlimited vs. unlimited). Skipping.
I1029 14:29:02.576833 4278306816 ulimit_util.cc:212] Configured soft limit for file size is already larger than specified min value (unlimited vs. unlimited). Skipping.
I1029 14:29:02.576836 4278306816 ulimit_util.cc:212] Configured soft limit for data seg size is already larger than specified min value (unlimited vs. unlimited). Skipping.
I1029 14:29:02.576839 4278306816 env_posix.cc:1491] Modifying limit for stack size from 8372224 to 8388608
I1029 14:29:02.576845 4278306816 ulimit_util.cc:212] Configured soft limit for max memory size is already larger than specified min value (unlimited vs. unlimited). Skipping.
I1029 14:29:02.576853 4278306816 ulimit_util.cc:212] Configured soft limit for max locked memory is already larger than specified min value (unlimited vs. 65536). Skipping.
I1029 14:29:02.576856 4278306816 env_posix.cc:1491] Modifying limit for max user processes from 10666 to 12000
I1029 14:29:02.576859 4278306816 ulimit_util.cc:212] Configured soft limit for open files is already larger than specified min value (1048576 vs. 10240). Skipping.
I1029 14:29:02.576862 4278306816 tablet_server_main_impl.cc:245] ulimit cur(max)...
ulimit: core file size 0(unlimited) blks
ulimit: data seg size unlimited(unlimited) kb
ulimit: open files 1048576(unlimited)
ulimit: file size unlimited(unlimited) blks
ulimit: max locked memory unlimited(unlimited) kb
ulimit: max memory size unlimited(unlimited) kb
ulimit: stack size 8192(65520) kb
ulimit: cpu time unlimited(unlimited) secs
ulimit: max user processes 10666(10666)
I1029 14:29:02.576874 4278306816 tablet_server.cc:556] Auto setting FLAGS_tablet_server_svc_num_threads to 512
I1029 14:29:02.576879 4278306816 tablet_server.cc:563] Auto setting FLAGS_num_concurrent_backfills_allowed to 8
I1029 14:29:02.576884 4278306816 tablet_server.cc:572] Auto setting FLAGS_ts_consensus_svc_num_threads to 512
I1029 14:29:02.576949 1883680768 async_initializer.cc:82] Starting to init ybclient
I1029 14:29:02.576977 4278306816 service_pool.cc:148] yb.tserver.TabletServerBackupService: yb::rpc::ServicePoolImpl created at 0x107ac6000
I1029 14:29:02.576985 4278306816 service_pool.cc:148] yb.cdc.CDCService: yb::rpc::ServicePoolImpl created at 0x107ac6d80
I1029 14:29:02.577019 1884827648 client-internal.cc:2590] New master addresses: [127.0.0.1:7100]
I1029 14:29:02.577100 4278306816 tablet_server.cc:594] yb::tserver::TabletServiceImpl created at 0x107a32018
I1029 14:29:02.577106 4278306816 service_pool.cc:148] yb.tserver.TabletServerService: yb::rpc::ServicePoolImpl created at 0x107ac66c0
I1029 14:29:02.577176 4278306816 tablet_server.cc:599] yb::tserver::TabletServiceAdminImpl created at 0x107a1b218
I1029 14:29:02.577181 4278306816 service_pool.cc:148] yb.tserver.TabletServerAdminService: yb::rpc::ServicePoolImpl created at 0x107ac6b40
I1029 14:29:02.577229 4278306816 tablet_server.cc:604] yb::tserver::ConsensusServiceImpl created at 0x1076c4018
I1029 14:29:02.577232 4278306816 thread_pool.cc:167] Starting thread pool { name: TabletServer-high-pri max_workers: 1024 }
I1029 14:29:02.577237 4278306816 service_pool.cc:148] yb.consensus.ConsensusService: yb::rpc::ServicePoolImpl created at 0x107662d80
I1029 14:29:02.577288 4278306816 tablet_server.cc:612] yb::tserver::RemoteBootstrapServiceImpl created at 0x107a98018
I1029 14:29:02.577293 4278306816 service_pool.cc:148] yb.tserver.RemoteBootstrapService: yb::rpc::ServicePoolImpl created at 0x107663440
I1029 14:29:02.577419 4278306816 tablet_server.cc:622] yb::tserver::PgClientServiceImpl created at 0x109542018
I1029 14:29:02.577425 4278306816 service_pool.cc:148] yb.tserver.PgClientService: yb::rpc::ServicePoolImpl created at 0x107ac7200
I1029 14:29:02.577435 4278306816 tablet_server.cc:636] yb::tserver::stateful_service::PgAutoAnalyzeService created at 0x107a8f418
I1029 14:29:02.577442 4278306816 service_pool.cc:148] yb.stateful_service.PgAutoAnalyzeService: yb::rpc::ServicePoolImpl created at 0x107ac6fc0
I1029 14:29:02.577479 4278306816 webserver.cc:330] Starting webserver on 127.0.0.1:19000
I1029 14:29:02.577482 4278306816 webserver.cc:335] Document root: /Users/arthurdell/AYA/yugabyte/www
I1029 14:29:02.577491 4278306816 webserver.cc:325] Webserver listen spec is 127.0.0.1:19000
I1029 14:29:02.577528 4278306816 webserver.cc:441] Webserver started. Bound to: http://127.0.0.1:19000/
I1029 14:29:02.577559 4278306816 service_pool.cc:148] yb.server.GenericService: yb::rpc::ServicePoolImpl created at 0x107ac6240
I1029 14:29:02.577608 4278306816 rpc_server.cc:167] RPC server started. Bound to: 127.0.0.1:9100
I1029 14:29:02.577769 1883680768 async_initializer.cc:86] Successfully built ybclient
I1029 14:29:02.577792 4278306816 server_base.cc:356] Dumped server information to /Users/arthurdell/var/data/tserver-info
I1029 14:29:02.577813 1887121408 async_initializer.cc:82] Starting to init ybclient
I1029 14:29:02.577822 4278306816 db_server_base.cc:68] Node information: { hostname: 'ALPHA.local', rpc_ip: '127.0.0.1', webserver_ip: '127.0.0.1', uuid: '1bc80c76376544caba9a6c3e0ddbb285' }
I1029 14:29:02.577828 4278306816 ts_tablet_manager.cc:700] Split tablets cleanup monitor started...
I1029 14:29:02.577832 4278306816 ts_tablet_manager.cc:710] Tablet data verification is disabled by verify_tablet_data_interval_sec flag set to 0
I1029 14:29:02.577836 4278306816 ts_tablet_manager.cc:716] Old metrics cleanup task started...
I1029 14:29:02.577875 1888268288 client-internal.cc:2590] New master addresses: [127.0.0.1:7100]
I1029 14:29:02.577884 1888841728 async_initializer.cc:82] Starting to init ybclient
I1029 14:29:02.577924 1887121408 async_initializer.cc:86] Successfully built ybclient
I1029 14:29:02.577965 1890562048 client-internal.cc:2590] New master addresses: [127.0.0.1:7100]
I1029 14:29:02.578006 1888841728 async_initializer.cc:86] Successfully built ybclient
I1029 14:29:02.578007 4278306816 tablet_server_main_impl.cc:247] Tablet server successfully started.
I1029 14:29:02.578080 1887694848 heartbeater.cc:347] P 1bc80c76376544caba9a6c3e0ddbb285: Connected to a leader master server at 127.0.0.1:7100
I1029 14:29:02.578091 1887694848 heartbeater.cc:396] P 1bc80c76376544caba9a6c3e0ddbb285: Registering TS with master...
I1029 14:29:02.578097 1887694848 server_base.cc:564] Using private rpc address 127.0.0.1
I1029 14:29:02.578101 1887694848 server_base.cc:586] Using http address 127.0.0.1
I1029 14:29:02.578136 4278306816 pg_wrapper.cc:696] Launching initdb: [/Users/arthurdell/AYA/yugabyte/postgres/bin/initdb, -D, /Users/arthurdell/var/data/pg_data, -U, postgres]
I1029 14:29:02.578150 1891708928 client_master_rpc.cc:76] 0x00000001096d01d8 -> GetTableSchemaRpc(table_identifier: table_name: "metrics" namespace { name: "system" database_type: YQL_DATABASE_CQL }, num_attempts: 1): Failed, got resp error: Not found (yb/master/catalog_manager.cc:5318): Table system.metrics not found: OBJECT_NOT_FOUND (master error 3)
W1029 14:29:02.579329 1891708928 client-internal.cc:1443] GetTableSchemaRpc(table_identifier: table_name: "metrics" namespace { name: "system" database_type: YQL_DATABASE_CQL }, num_attempts: 1) failed: Not found (yb/master/catalog_manager.cc:5318): Table system.metrics not found: OBJECT_NOT_FOUND (master error 3)
W1029 14:29:02.579389 1889415168 metrics_snapshotter.cc:508] P 1bc80c76376544caba9a6c3e0ddbb285: Failed to snapshot metrics, code=Not found (yb/master/catalog_manager.cc:5318): Table system.metrics not found: OBJECT_NOT_FOUND (master error 3)
I1029 14:29:02.579576 1887694848 heartbeater.cc:405] P 1bc80c76376544caba9a6c3e0ddbb285: Sending a full tablet report to master...
I1029 14:29:02.580134 1887694848 tablet_server.cc:1130] Invalidating the entire PgTableCache cache since catalog version incremented
I1029 14:29:02.581969 1893429248 tablet_service.cc:1458] Processing CreateTablet for T b7d13238b2aa4da0858654e93a484a78 P 1bc80c76376544caba9a6c3e0ddbb285 (table=transactions [id=96bc3d01051346e89ae5c516fe91f192]), partition=hash_split: [0xA000, 0xBFFF]
I1029 14:29:02.581974 1892282368 tablet_service.cc:1458] Processing CreateTablet for T 0c8fa40e08cd41d9990ebf39e6341d10 P 1bc80c76376544caba9a6c3e0ddbb285 (table=transactions [id=96bc3d01051346e89ae5c516fe91f192]), partition=hash_split: [0xC000, 0xDFFF]
I1029 14:29:02.581979 1896296448 tablet_service.cc:1458] Processing CreateTablet for T ebb919980f364488a6052bade1564edf P 1bc80c76376544caba9a6c3e0ddbb285 (table=transactions [id=96bc3d01051346e89ae5c516fe91f192]), partition=hash_split: [0xE000, 0xFFFF]
I1029 14:29:02.581979 1894576128 tablet_service.cc:1458] Processing CreateTablet for T 80d52627883c4cd79e395ee283e85428 P 1bc80c76376544caba9a6c3e0ddbb285 (table=metrics [id=a9da473dd7c34896b986723cbc277b9d]), partition=hash_split: [0x0000, 0xFFFF]
I1029 14:29:02.581979 1891708928 tablet_service.cc:1458] Processing CreateTablet for T 3375a24592064072822b84a987f30fde P 1bc80c76376544caba9a6c3e0ddbb285 (table=transactions [id=96bc3d01051346e89ae5c516fe91f192]), partition=hash_split: [0x8000, 0x9FFF]
I1029 14:29:02.581974 1895723008 tablet_service.cc:1458] Processing CreateTablet for T a5b34273c13646cf805dff99419e4a48 P 1bc80c76376544caba9a6c3e0ddbb285 (table=transactions [id=96bc3d01051346e89ae5c516fe91f192]), partition=hash_split: [0x0000, 0x1FFF]
I1029 14:29:02.581987 1894002688 tablet_service.cc:1458] Processing CreateTablet for T 652a3818a8544a939083541e6a86d171 P 1bc80c76376544caba9a6c3e0ddbb285 (table=transactions [id=96bc3d01051346e89ae5c516fe91f192]), partition=hash_split: [0x2000, 0x3FFF]
I1029 14:29:02.582008 1893429248 ts_tablet_manager.cc:2470] Get and update data/wal directory assignment map for table: 96bc3d01051346e89ae5c516fe91f192 and tablet b7d13238b2aa4da0858654e93a484a78
I1029 14:29:02.582010 1896296448 ts_tablet_manager.cc:2470] Get and update data/wal directory assignment map for table: 96bc3d01051346e89ae5c516fe91f192 and tablet ebb919980f364488a6052bade1564edf
I1029 14:29:02.582010 1892282368 ts_tablet_manager.cc:2470] Get and update data/wal directory assignment map for table: 96bc3d01051346e89ae5c516fe91f192 and tablet 0c8fa40e08cd41d9990ebf39e6341d10
I1029 14:29:02.582026 1894576128 ts_tablet_manager.cc:2470] Get and update data/wal directory assignment map for table: a9da473dd7c34896b986723cbc277b9d and tablet 80d52627883c4cd79e395ee283e85428
I1029 14:29:02.582029 1891708928 ts_tablet_manager.cc:2470] Get and update data/wal directory assignment map for table: 96bc3d01051346e89ae5c516fe91f192 and tablet 3375a24592064072822b84a987f30fde
I1029 14:29:02.582046 1895149568 tablet_service.cc:1458] Processing CreateTablet for T 64cd91b90cde41a6aede1bede0fcb301 P 1bc80c76376544caba9a6c3e0ddbb285 (table=transactions [id=96bc3d01051346e89ae5c516fe91f192]), partition=hash_split: [0x6000, 0x7FFF]
I1029 14:29:02.582046 1892855808 tablet_service.cc:1458] Processing CreateTablet for T 6abc1aa1722e4aceb752d9e26f577cb1 P 1bc80c76376544caba9a6c3e0ddbb285 (table=transactions [id=96bc3d01051346e89ae5c516fe91f192]), partition=hash_split: [0x4000, 0x5FFF]
I1029 14:29:02.582041 1895723008 ts_tablet_manager.cc:2470] Get and update data/wal directory assignment map for table: 96bc3d01051346e89ae5c516fe91f192 and tablet a5b34273c13646cf805dff99419e4a48
I1029 14:29:02.582063 1894002688 ts_tablet_manager.cc:2470] Get and update data/wal directory assignment map for table: 96bc3d01051346e89ae5c516fe91f192 and tablet 652a3818a8544a939083541e6a86d171
I1029 14:29:02.582120 1895149568 ts_tablet_manager.cc:2470] Get and update data/wal directory assignment map for table: 96bc3d01051346e89ae5c516fe91f192 and tablet 64cd91b90cde41a6aede1bede0fcb301
I1029 14:29:02.582135 1892855808 ts_tablet_manager.cc:2470] Get and update data/wal directory assignment map for table: 96bc3d01051346e89ae5c516fe91f192 and tablet 6abc1aa1722e4aceb752d9e26f577cb1
I1029 14:29:02.584584 1892855808 ts_tablet_manager.cc:830] T 6abc1aa1722e4aceb752d9e26f577cb1 P 1bc80c76376544caba9a6c3e0ddbb285: Created tablet metadata for table: 96bc3d01051346e89ae5c516fe91f192
I1029 14:29:02.584597 1894576128 ts_tablet_manager.cc:830] T 80d52627883c4cd79e395ee283e85428 P 1bc80c76376544caba9a6c3e0ddbb285: Created tablet metadata for table: a9da473dd7c34896b986723cbc277b9d
I1029 14:29:02.584600 1892855808 consensus_meta.cc:317] T 6abc1aa1722e4aceb752d9e26f577cb1 P 1bc80c76376544caba9a6c3e0ddbb285: Updating active role from UNKNOWN_ROLE to FOLLOWER. Consensus state: current_term: 0 leader_uuid: "" config { opid_index: -1 peers { permanent_uuid: "1bc80c76376544caba9a6c3e0ddbb285" member_type: VOTER last_known_private_addr { host: "127.0.0.1" port: 9100 } last_known_broadcast_addr { host: "127.0.0.1" port: 9100 } cloud_info { placement_cloud: "cloud1" placement_region: "datacenter1" placement_zone: "rack1" } } }, has_pending_config = 0
I1029 14:29:02.584610 1895149568 ts_tablet_manager.cc:830] T 64cd91b90cde41a6aede1bede0fcb301 P 1bc80c76376544caba9a6c3e0ddbb285: Created tablet metadata for table: 96bc3d01051346e89ae5c516fe91f192
I1029 14:29:02.584605 1894576128 consensus_meta.cc:317] T 80d52627883c4cd79e395ee283e85428 P 1bc80c76376544caba9a6c3e0ddbb285: Updating active role from UNKNOWN_ROLE to FOLLOWER. Consensus state: current_term: 0 leader_uuid: "" config { opid_index: -1 peers { permanent_uuid: "1bc80c76376544caba9a6c3e0ddbb285" member_type: VOTER last_known_private_addr { host: "127.0.0.1" port: 9100 } last_known_broadcast_addr { host: "127.0.0.1" port: 9100 } cloud_info { placement_cloud: "cloud1" placement_region: "datacenter1" placement_zone: "rack1" } } }, has_pending_config = 0
I1029 14:29:02.584628 1895149568 consensus_meta.cc:317] T 64cd91b90cde41a6aede1bede0fcb301 P 1bc80c76376544caba9a6c3e0ddbb285: Updating active role from UNKNOWN_ROLE to FOLLOWER. Consensus state: current_term: 0 leader_uuid: "" config { opid_index: -1 peers { permanent_uuid: "1bc80c76376544caba9a6c3e0ddbb285" member_type: VOTER last_known_private_addr { host: "127.0.0.1" port: 9100 } last_known_broadcast_addr { host: "127.0.0.1" port: 9100 } cloud_info { placement_cloud: "cloud1" placement_region: "datacenter1" placement_zone: "rack1" } } }, has_pending_config = 0
I1029 14:29:02.584720 1893429248 ts_tablet_manager.cc:830] T b7d13238b2aa4da0858654e93a484a78 P 1bc80c76376544caba9a6c3e0ddbb285: Created tablet metadata for table: 96bc3d01051346e89ae5c516fe91f192
I1029 14:29:02.584728 1893429248 consensus_meta.cc:317] T b7d13238b2aa4da0858654e93a484a78 P 1bc80c76376544caba9a6c3e0ddbb285: Updating active role from UNKNOWN_ROLE to FOLLOWER. Consensus state: current_term: 0 leader_uuid: "" config { opid_index: -1 peers { permanent_uuid: "1bc80c76376544caba9a6c3e0ddbb285" member_type: VOTER last_known_private_addr { host: "127.0.0.1" port: 9100 } last_known_broadcast_addr { host: "127.0.0.1" port: 9100 } cloud_info { placement_cloud: "cloud1" placement_region: "datacenter1" placement_zone: "rack1" } } }, has_pending_config = 0
I1029 14:29:02.584965 1891708928 ts_tablet_manager.cc:830] T 3375a24592064072822b84a987f30fde P 1bc80c76376544caba9a6c3e0ddbb285: Created tablet metadata for table: 96bc3d01051346e89ae5c516fe91f192
I1029 14:29:02.584977 1891708928 consensus_meta.cc:317] T 3375a24592064072822b84a987f30fde P 1bc80c76376544caba9a6c3e0ddbb285: Updating active role from UNKNOWN_ROLE to FOLLOWER. Consensus state: current_term: 0 leader_uuid: "" config { opid_index: -1 peers { permanent_uuid: "1bc80c76376544caba9a6c3e0ddbb285" member_type: VOTER last_known_private_addr { host: "127.0.0.1" port: 9100 } last_known_broadcast_addr { host: "127.0.0.1" port: 9100 } cloud_info { placement_cloud: "cloud1" placement_region: "datacenter1" placement_zone: "rack1" } } }, has_pending_config = 0
I1029 14:29:02.585043 1892855808 ts_tablet_manager.cc:1939] P 1bc80c76376544caba9a6c3e0ddbb285: Registered tablet 6abc1aa1722e4aceb752d9e26f577cb1
I1029 14:29:02.585088 1895149568 ts_tablet_manager.cc:1939] P 1bc80c76376544caba9a6c3e0ddbb285: Registered tablet 64cd91b90cde41a6aede1bede0fcb301
I1029 14:29:02.585109 1894576128 ts_tablet_manager.cc:1939] P 1bc80c76376544caba9a6c3e0ddbb285: Registered tablet 80d52627883c4cd79e395ee283e85428
I1029 14:29:02.585125 1893429248 ts_tablet_manager.cc:1939] P 1bc80c76376544caba9a6c3e0ddbb285: Registered tablet b7d13238b2aa4da0858654e93a484a78
I1029 14:29:02.585147 1896869888 ts_tablet_manager.cc:1570] T 6abc1aa1722e4aceb752d9e26f577cb1 P 1bc80c76376544caba9a6c3e0ddbb285: Bootstrapping tablet
I1029 14:29:02.585148 1894002688 ts_tablet_manager.cc:830] T 652a3818a8544a939083541e6a86d171 P 1bc80c76376544caba9a6c3e0ddbb285: Created tablet metadata for table: 96bc3d01051346e89ae5c516fe91f192
I1029 14:29:02.585181 1894002688 consensus_meta.cc:317] T 652a3818a8544a939083541e6a86d171 P 1bc80c76376544caba9a6c3e0ddbb285: Updating active role from UNKNOWN_ROLE to FOLLOWER. Consensus state: current_term: 0 leader_uuid: "" config { opid_index: -1 peers { permanent_uuid: "1bc80c76376544caba9a6c3e0ddbb285" member_type: VOTER last_known_private_addr { host: "127.0.0.1" port: 9100 } last_known_broadcast_addr { host: "127.0.0.1" port: 9100 } cloud_info { placement_cloud: "cloud1" placement_region: "datacenter1" placement_zone: "rack1" } } }, has_pending_config = 0
I1029 14:29:02.585222 1892282368 ts_tablet_manager.cc:830] T 0c8fa40e08cd41d9990ebf39e6341d10 P 1bc80c76376544caba9a6c3e0ddbb285: Created tablet metadata for table: 96bc3d01051346e89ae5c516fe91f192
I1029 14:29:02.585220 1896869888 consensus_meta.cc:317] T 6abc1aa1722e4aceb752d9e26f577cb1 P 1bc80c76376544caba9a6c3e0ddbb285: Updating active role from UNKNOWN_ROLE to FOLLOWER. Consensus state: current_term: 0 leader_uuid: "" config { opid_index: -1 peers { permanent_uuid: "1bc80c76376544caba9a6c3e0ddbb285" member_type: VOTER last_known_private_addr { host: "127.0.0.1" port: 9100 } last_known_broadcast_addr { host: "127.0.0.1" port: 9100 } cloud_info { placement_cloud: "cloud1" placement_region: "datacenter1" placement_zone: "rack1" } } }, has_pending_config = 0
I1029 14:29:02.585237 1892282368 consensus_meta.cc:317] T 0c8fa40e08cd41d9990ebf39e6341d10 P 1bc80c76376544caba9a6c3e0ddbb285: Updating active role from UNKNOWN_ROLE to FOLLOWER. Consensus state: current_term: 0 leader_uuid: "" config { opid_index: -1 peers { permanent_uuid: "1bc80c76376544caba9a6c3e0ddbb285" member_type: VOTER last_known_private_addr { host: "127.0.0.1" port: 9100 } last_known_broadcast_addr { host: "127.0.0.1" port: 9100 } cloud_info { placement_cloud: "cloud1" placement_region: "datacenter1" placement_zone: "rack1" } } }, has_pending_config = 0
I1029 14:29:02.585278 1897443328 ts_tablet_manager.cc:1570] T 64cd91b90cde41a6aede1bede0fcb301 P 1bc80c76376544caba9a6c3e0ddbb285: Bootstrapping tablet
I1029 14:29:02.585285 1898016768 ts_tablet_manager.cc:1570] T 80d52627883c4cd79e395ee283e85428 P 1bc80c76376544caba9a6c3e0ddbb285: Bootstrapping tablet
I1029 14:29:02.585289 1898590208 ts_tablet_manager.cc:1570] T b7d13238b2aa4da0858654e93a484a78 P 1bc80c76376544caba9a6c3e0ddbb285: Bootstrapping tablet
I1029 14:29:02.585292 1891708928 ts_tablet_manager.cc:1939] P 1bc80c76376544caba9a6c3e0ddbb285: Registered tablet 3375a24592064072822b84a987f30fde
I1029 14:29:02.585299 1896869888 retryable_requests.cc:251] Wal dir is not created, skip initializing RetryableRequestsManager for 6abc1aa1722e4aceb752d9e26f577cb1
I1029 14:29:02.585336 1896869888 meta_data_cache.cc:158] Creating a metadata cache without a permissions cache
I1029 14:29:02.585353 1896869888 tablet_peer.cc:1545] T 6abc1aa1722e4aceb752d9e26f577cb1 P 1bc80c76376544caba9a6c3e0ddbb285 [state=BOOTSTRAPPING]: Changed state from NOT_STARTED to BOOTSTRAPPING
I1029 14:29:02.585361 1898016768 consensus_meta.cc:317] T 80d52627883c4cd79e395ee283e85428 P 1bc80c76376544caba9a6c3e0ddbb285: Updating active role from UNKNOWN_ROLE to FOLLOWER. Consensus state: current_term: 0 leader_uuid: "" config { opid_index: -1 peers { permanent_uuid: "1bc80c76376544caba9a6c3e0ddbb285" member_type: VOTER last_known_private_addr { host: "127.0.0.1" port: 9100 } last_known_broadcast_addr { host: "127.0.0.1" port: 9100 } cloud_info { placement_cloud: "cloud1" placement_region: "datacenter1" placement_zone: "rack1" } } }, has_pending_config = 0
I1029 14:29:02.585361 1898590208 consensus_meta.cc:317] T b7d13238b2aa4da0858654e93a484a78 P 1bc80c76376544caba9a6c3e0ddbb285: Updating active role from UNKNOWN_ROLE to FOLLOWER. Consensus state: current_term: 0 leader_uuid: "" config { opid_index: -1 peers { permanent_uuid: "1bc80c76376544caba9a6c3e0ddbb285" member_type: VOTER last_known_private_addr { host: "127.0.0.1" port: 9100 } last_known_broadcast_addr { host: "127.0.0.1" port: 9100 } cloud_info { placement_cloud: "cloud1" placement_region: "datacenter1" placement_zone: "rack1" } } }, has_pending_config = 0
I1029 14:29:02.585371 1899163648 ts_tablet_manager.cc:1570] T 3375a24592064072822b84a987f30fde P 1bc80c76376544caba9a6c3e0ddbb285: Bootstrapping tablet
I1029 14:29:02.585378 1896869888 tablet_bootstrap_if.cc:96] T 6abc1aa1722e4aceb752d9e26f577cb1 P 1bc80c76376544caba9a6c3e0ddbb285: Bootstrap starting.
I1029 14:29:02.585384 1898016768 retryable_requests.cc:251] Wal dir is not created, skip initializing RetryableRequestsManager for 80d52627883c4cd79e395ee283e85428
I1029 14:29:02.585398 1898590208 retryable_requests.cc:251] Wal dir is not created, skip initializing RetryableRequestsManager for b7d13238b2aa4da0858654e93a484a78
I1029 14:29:02.585435 1898016768 tablet_peer.cc:1545] T 80d52627883c4cd79e395ee283e85428 P 1bc80c76376544caba9a6c3e0ddbb285 [state=BOOTSTRAPPING]: Changed state from NOT_STARTED to BOOTSTRAPPING
I1029 14:29:02.585444 1896869888 tablet.cc:486] T 6abc1aa1722e4aceb752d9e26f577cb1 P 1bc80c76376544caba9a6c3e0ddbb285: Schema version for transactions is 0
I1029 14:29:02.585446 1898590208 tablet_peer.cc:1545] T b7d13238b2aa4da0858654e93a484a78 P 1bc80c76376544caba9a6c3e0ddbb285 [state=BOOTSTRAPPING]: Changed state from NOT_STARTED to BOOTSTRAPPING
I1029 14:29:02.585460 1898016768 tablet_bootstrap_if.cc:96] T 80d52627883c4cd79e395ee283e85428 P 1bc80c76376544caba9a6c3e0ddbb285: Bootstrap starting.
I1029 14:29:02.585457 1899163648 consensus_meta.cc:317] T 3375a24592064072822b84a987f30fde P 1bc80c76376544caba9a6c3e0ddbb285: Updating active role from UNKNOWN_ROLE to FOLLOWER. Consensus state: current_term: 0 leader_uuid: "" config { opid_index: -1 peers { permanent_uuid: "1bc80c76376544caba9a6c3e0ddbb285" member_type: VOTER last_known_private_addr { host: "127.0.0.1" port: 9100 } last_known_broadcast_addr { host: "127.0.0.1" port: 9100 } cloud_info { placement_cloud: "cloud1" placement_region: "datacenter1" placement_zone: "rack1" } } }, has_pending_config = 0
I1029 14:29:02.585479 1898590208 tablet_bootstrap_if.cc:96] T b7d13238b2aa4da0858654e93a484a78 P 1bc80c76376544caba9a6c3e0ddbb285: Bootstrap starting.
I1029 14:29:02.585496 1898016768 tablet.cc:486] T 80d52627883c4cd79e395ee283e85428 P 1bc80c76376544caba9a6c3e0ddbb285: Schema version for metrics is 0
I1029 14:29:02.585502 1899163648 retryable_requests.cc:251] Wal dir is not created, skip initializing RetryableRequestsManager for 3375a24592064072822b84a987f30fde
I1029 14:29:02.585510 1894002688 ts_tablet_manager.cc:1939] P 1bc80c76376544caba9a6c3e0ddbb285: Registered tablet 652a3818a8544a939083541e6a86d171
I1029 14:29:02.585511 1898590208 tablet.cc:486] T b7d13238b2aa4da0858654e93a484a78 P 1bc80c76376544caba9a6c3e0ddbb285: Schema version for transactions is 0
I1029 14:29:02.585522 1895723008 ts_tablet_manager.cc:830] T a5b34273c13646cf805dff99419e4a48 P 1bc80c76376544caba9a6c3e0ddbb285: Created tablet metadata for table: 96bc3d01051346e89ae5c516fe91f192
I1029 14:29:02.585527 1899163648 tablet_peer.cc:1545] T 3375a24592064072822b84a987f30fde P 1bc80c76376544caba9a6c3e0ddbb285 [state=BOOTSTRAPPING]: Changed state from NOT_STARTED to BOOTSTRAPPING
I1029 14:29:02.585552 1895723008 consensus_meta.cc:317] T a5b34273c13646cf805dff99419e4a48 P 1bc80c76376544caba9a6c3e0ddbb285: Updating active role from UNKNOWN_ROLE to FOLLOWER. Consensus state: current_term: 0 leader_uuid: "" config { opid_index: -1 peers { permanent_uuid: "1bc80c76376544caba9a6c3e0ddbb285" member_type: VOTER last_known_private_addr { host: "127.0.0.1" port: 9100 } last_known_broadcast_addr { host: "127.0.0.1" port: 9100 } cloud_info { placement_cloud: "cloud1" placement_region: "datacenter1" placement_zone: "rack1" } } }, has_pending_config = 0
I1029 14:29:02.585561 1892282368 ts_tablet_manager.cc:1939] P 1bc80c76376544caba9a6c3e0ddbb285: Registered tablet 0c8fa40e08cd41d9990ebf39e6341d10
I1029 14:29:02.585565 1899163648 tablet_bootstrap_if.cc:96] T 3375a24592064072822b84a987f30fde P 1bc80c76376544caba9a6c3e0ddbb285: Bootstrap starting.
I1029 14:29:02.585602 1899737088 ts_tablet_manager.cc:1570] T 652a3818a8544a939083541e6a86d171 P 1bc80c76376544caba9a6c3e0ddbb285: Bootstrapping tablet
I1029 14:29:02.585611 1899163648 tablet.cc:486] T 3375a24592064072822b84a987f30fde P 1bc80c76376544caba9a6c3e0ddbb285: Schema version for transactions is 0
I1029 14:29:02.585623 1896296448 ts_tablet_manager.cc:830] T ebb919980f364488a6052bade1564edf P 1bc80c76376544caba9a6c3e0ddbb285: Created tablet metadata for table: 96bc3d01051346e89ae5c516fe91f192
I1029 14:29:02.585634 1898016768 docdb_rocksdb_util.cc:326] FLAGS_rocksdb_max_background_flushes was not set, automatically configuring 4 max background flushes
I1029 14:29:02.585642 1896296448 consensus_meta.cc:317] T ebb919980f364488a6052bade1564edf P 1bc80c76376544caba9a6c3e0ddbb285: Updating active role from UNKNOWN_ROLE to FOLLOWER. Consensus state: current_term: 0 leader_uuid: "" config { opid_index: -1 peers { permanent_uuid: "1bc80c76376544caba9a6c3e0ddbb285" member_type: VOTER last_known_private_addr { host: "127.0.0.1" port: 9100 } last_known_broadcast_addr { host: "127.0.0.1" port: 9100 } cloud_info { placement_cloud: "cloud1" placement_region: "datacenter1" placement_zone: "rack1" } } }, has_pending_config = 0
I1029 14:29:02.585654 1898016768 docdb_rocksdb_util.cc:361] FLAGS_rocksdb_max_background_compactions was not set, automatically configuring 3 background compactions.
I1029 14:29:02.585657 1900310528 ts_tablet_manager.cc:1570] T 0c8fa40e08cd41d9990ebf39e6341d10 P 1bc80c76376544caba9a6c3e0ddbb285: Bootstrapping tablet
I1029 14:29:02.585665 1899737088 consensus_meta.cc:317] T 652a3818a8544a939083541e6a86d171 P 1bc80c76376544caba9a6c3e0ddbb285: Updating active role from UNKNOWN_ROLE to FOLLOWER. Consensus state: current_term: 0 leader_uuid: "" config { opid_index: -1 peers { permanent_uuid: "1bc80c76376544caba9a6c3e0ddbb285" member_type: VOTER last_known_private_addr { host: "127.0.0.1" port: 9100 } last_known_broadcast_addr { host: "127.0.0.1" port: 9100 } cloud_info { placement_cloud: "cloud1" placement_region: "datacenter1" placement_zone: "rack1" } } }, has_pending_config = 0
I1029 14:29:02.585700 1898016768 docdb_rocksdb_util.cc:374] FLAGS_rocksdb_base_background_compactions was not set, automatically configuring 3 base background compactions.
I1029 14:29:02.585732 1896869888 tablet_bootstrap.cc:658] T 6abc1aa1722e4aceb752d9e26f577cb1 P 1bc80c76376544caba9a6c3e0ddbb285: Time spent opening tablet: real 0.000s	user 0.000s	sys 0.000s
I1029 14:29:02.585741 1898016768 docdb_rocksdb_util.cc:616] T 80d52627883c4cd79e395ee283e85428 P 1bc80c76376544caba9a6c3e0ddbb285 [R]: Write buffer size: 134217728
I1029 14:29:02.585743 1899737088 retryable_requests.cc:251] Wal dir is not created, skip initializing RetryableRequestsManager for 652a3818a8544a939083541e6a86d171
I1029 14:29:02.585762 1900310528 consensus_meta.cc:317] T 0c8fa40e08cd41d9990ebf39e6341d10 P 1bc80c76376544caba9a6c3e0ddbb285: Updating active role from UNKNOWN_ROLE to FOLLOWER. Consensus state: current_term: 0 leader_uuid: "" config { opid_index: -1 peers { permanent_uuid: "1bc80c76376544caba9a6c3e0ddbb285" member_type: VOTER last_known_private_addr { host: "127.0.0.1" port: 9100 } last_known_broadcast_addr { host: "127.0.0.1" port: 9100 } cloud_info { placement_cloud: "cloud1" placement_region: "datacenter1" placement_zone: "rack1" } } }, has_pending_config = 0
I1029 14:29:02.585768 1899737088 tablet_peer.cc:1545] T 652a3818a8544a939083541e6a86d171 P 1bc80c76376544caba9a6c3e0ddbb285 [state=BOOTSTRAPPING]: Changed state from NOT_STARTED to BOOTSTRAPPING
I1029 14:29:02.585774 1898016768 tablet.cc:613] T 80d52627883c4cd79e395ee283e85428 P 1bc80c76376544caba9a6c3e0ddbb285: Creating RocksDB database in dir /Users/arthurdell/var/data/yb-data/tserver/data/rocksdb/table-a9da473dd7c34896b986723cbc277b9d/tablet-80d52627883c4cd79e395ee283e85428
I1029 14:29:02.585783 1899737088 tablet_bootstrap_if.cc:96] T 652a3818a8544a939083541e6a86d171 P 1bc80c76376544caba9a6c3e0ddbb285: Bootstrap starting.
I1029 14:29:02.585784 1900310528 retryable_requests.cc:251] Wal dir is not created, skip initializing RetryableRequestsManager for 0c8fa40e08cd41d9990ebf39e6341d10
I1029 14:29:02.585799 1899737088 tablet.cc:486] T 652a3818a8544a939083541e6a86d171 P 1bc80c76376544caba9a6c3e0ddbb285: Schema version for transactions is 0
I1029 14:29:02.585804 1900310528 tablet_peer.cc:1545] T 0c8fa40e08cd41d9990ebf39e6341d10 P 1bc80c76376544caba9a6c3e0ddbb285 [state=BOOTSTRAPPING]: Changed state from NOT_STARTED to BOOTSTRAPPING
I1029 14:29:02.585815 1900310528 tablet_bootstrap_if.cc:96] T 0c8fa40e08cd41d9990ebf39e6341d10 P 1bc80c76376544caba9a6c3e0ddbb285: Bootstrap starting.
I1029 14:29:02.585821 1898590208 tablet_bootstrap.cc:658] T b7d13238b2aa4da0858654e93a484a78 P 1bc80c76376544caba9a6c3e0ddbb285: Time spent opening tablet: real 0.000s	user 0.000s	sys 0.000s
I1029 14:29:02.585824 1899163648 tablet_bootstrap.cc:658] T 3375a24592064072822b84a987f30fde P 1bc80c76376544caba9a6c3e0ddbb285: Time spent opening tablet: real 0.000s	user 0.000s	sys 0.000s
I1029 14:29:02.585830 1900310528 tablet.cc:486] T 0c8fa40e08cd41d9990ebf39e6341d10 P 1bc80c76376544caba9a6c3e0ddbb285: Schema version for transactions is 0
I1029 14:29:02.585879 1899737088 tablet_bootstrap.cc:658] T 652a3818a8544a939083541e6a86d171 P 1bc80c76376544caba9a6c3e0ddbb285: Time spent opening tablet: real 0.000s	user 0.000s	sys 0.000s
I1029 14:29:02.585924 1895723008 ts_tablet_manager.cc:1939] P 1bc80c76376544caba9a6c3e0ddbb285: Registered tablet a5b34273c13646cf805dff99419e4a48
I1029 14:29:02.585948 1900310528 tablet_bootstrap.cc:658] T 0c8fa40e08cd41d9990ebf39e6341d10 P 1bc80c76376544caba9a6c3e0ddbb285: Time spent opening tablet: real 0.000s	user 0.000s	sys 0.000s
I1029 14:29:02.585973 1900883968 ts_tablet_manager.cc:1570] T a5b34273c13646cf805dff99419e4a48 P 1bc80c76376544caba9a6c3e0ddbb285: Bootstrapping tablet
I1029 14:29:02.586026 1900883968 consensus_meta.cc:317] T a5b34273c13646cf805dff99419e4a48 P 1bc80c76376544caba9a6c3e0ddbb285: Updating active role from UNKNOWN_ROLE to FOLLOWER. Consensus state: current_term: 0 leader_uuid: "" config { opid_index: -1 peers { permanent_uuid: "1bc80c76376544caba9a6c3e0ddbb285" member_type: VOTER last_known_private_addr { host: "127.0.0.1" port: 9100 } last_known_broadcast_addr { host: "127.0.0.1" port: 9100 } cloud_info { placement_cloud: "cloud1" placement_region: "datacenter1" placement_zone: "rack1" } } }, has_pending_config = 0
I1029 14:29:02.586046 1900883968 retryable_requests.cc:251] Wal dir is not created, skip initializing RetryableRequestsManager for a5b34273c13646cf805dff99419e4a48
I1029 14:29:02.586051 1897443328 consensus_meta.cc:317] T 64cd91b90cde41a6aede1bede0fcb301 P 1bc80c76376544caba9a6c3e0ddbb285: Updating active role from UNKNOWN_ROLE to FOLLOWER. Consensus state: current_term: 0 leader_uuid: "" config { opid_index: -1 peers { permanent_uuid: "1bc80c76376544caba9a6c3e0ddbb285" member_type: VOTER last_known_private_addr { host: "127.0.0.1" port: 9100 } last_known_broadcast_addr { host: "127.0.0.1" port: 9100 } cloud_info { placement_cloud: "cloud1" placement_region: "datacenter1" placement_zone: "rack1" } } }, has_pending_config = 0
I1029 14:29:02.586061 1900883968 tablet_peer.cc:1545] T a5b34273c13646cf805dff99419e4a48 P 1bc80c76376544caba9a6c3e0ddbb285 [state=BOOTSTRAPPING]: Changed state from NOT_STARTED to BOOTSTRAPPING
I1029 14:29:02.586067 1900883968 tablet_bootstrap_if.cc:96] T a5b34273c13646cf805dff99419e4a48 P 1bc80c76376544caba9a6c3e0ddbb285: Bootstrap starting.
I1029 14:29:02.586078 1897443328 retryable_requests.cc:251] Wal dir is not created, skip initializing RetryableRequestsManager for 64cd91b90cde41a6aede1bede0fcb301
I1029 14:29:02.586083 1900883968 tablet.cc:486] T a5b34273c13646cf805dff99419e4a48 P 1bc80c76376544caba9a6c3e0ddbb285: Schema version for transactions is 0
I1029 14:29:02.586092 1897443328 tablet_peer.cc:1545] T 64cd91b90cde41a6aede1bede0fcb301 P 1bc80c76376544caba9a6c3e0ddbb285 [state=BOOTSTRAPPING]: Changed state from NOT_STARTED to BOOTSTRAPPING
I1029 14:29:02.586115 1897443328 tablet_bootstrap_if.cc:96] T 64cd91b90cde41a6aede1bede0fcb301 P 1bc80c76376544caba9a6c3e0ddbb285: Bootstrap starting.
I1029 14:29:02.586127 1897443328 tablet.cc:486] T 64cd91b90cde41a6aede1bede0fcb301 P 1bc80c76376544caba9a6c3e0ddbb285: Schema version for transactions is 0
I1029 14:29:02.586158 1900310528 tablet_bootstrap.cc:578] T 0c8fa40e08cd41d9990ebf39e6341d10 P 1bc80c76376544caba9a6c3e0ddbb285: No blocks or log segments found. Creating new log.
I1029 14:29:02.586191 1900310528 log.cc:1369] T 0c8fa40e08cd41d9990ebf39e6341d10 P 1bc80c76376544caba9a6c3e0ddbb285: Setting log wal retention time to 0 seconds
I1029 14:29:02.586197 1900883968 tablet_bootstrap.cc:658] T a5b34273c13646cf805dff99419e4a48 P 1bc80c76376544caba9a6c3e0ddbb285: Time spent opening tablet: real 0.000s	user 0.000s	sys 0.000s
I1029 14:29:02.586213 1898590208 tablet_bootstrap.cc:578] T b7d13238b2aa4da0858654e93a484a78 P 1bc80c76376544caba9a6c3e0ddbb285: No blocks or log segments found. Creating new log.
I1029 14:29:02.586215 1899737088 tablet_bootstrap.cc:578] T 652a3818a8544a939083541e6a86d171 P 1bc80c76376544caba9a6c3e0ddbb285: No blocks or log segments found. Creating new log.
I1029 14:29:02.586225 1897443328 tablet_bootstrap.cc:658] T 64cd91b90cde41a6aede1bede0fcb301 P 1bc80c76376544caba9a6c3e0ddbb285: Time spent opening tablet: real 0.000s	user 0.000s	sys 0.000s
I1029 14:29:02.586253 1898590208 log.cc:1369] T b7d13238b2aa4da0858654e93a484a78 P 1bc80c76376544caba9a6c3e0ddbb285: Setting log wal retention time to 0 seconds
I1029 14:29:02.586256 1898016768 tablet.cc:805] Opening RocksDB at: /Users/arthurdell/var/data/yb-data/tserver/data/rocksdb/table-a9da473dd7c34896b986723cbc277b9d/tablet-80d52627883c4cd79e395ee283e85428
I1029 14:29:02.586261 1899737088 log.cc:1369] T 652a3818a8544a939083541e6a86d171 P 1bc80c76376544caba9a6c3e0ddbb285: Setting log wal retention time to 0 seconds
I1029 14:29:02.586273 1899163648 tablet_bootstrap.cc:578] T 3375a24592064072822b84a987f30fde P 1bc80c76376544caba9a6c3e0ddbb285: No blocks or log segments found. Creating new log.
I1029 14:29:02.586277 1900310528 log.cc:686] interval_durable_wal_write_ms is turned on to sync every 1000 ms.
I1029 14:29:02.586333 1896296448 ts_tablet_manager.cc:1939] P 1bc80c76376544caba9a6c3e0ddbb285: Registered tablet ebb919980f364488a6052bade1564edf
I1029 14:29:02.586334 1899163648 log.cc:1369] T 3375a24592064072822b84a987f30fde P 1bc80c76376544caba9a6c3e0ddbb285: Setting log wal retention time to 0 seconds
I1029 14:29:02.586354 1900883968 tablet_bootstrap.cc:578] T a5b34273c13646cf805dff99419e4a48 P 1bc80c76376544caba9a6c3e0ddbb285: No blocks or log segments found. Creating new log.
I1029 14:29:02.586369 1896869888 tablet_bootstrap.cc:578] T 6abc1aa1722e4aceb752d9e26f577cb1 P 1bc80c76376544caba9a6c3e0ddbb285: No blocks or log segments found. Creating new log.
I1029 14:29:02.586405 1897443328 tablet_bootstrap.cc:578] T 64cd91b90cde41a6aede1bede0fcb301 P 1bc80c76376544caba9a6c3e0ddbb285: No blocks or log segments found. Creating new log.
I1029 14:29:02.586472 1900883968 log.cc:1369] T a5b34273c13646cf805dff99419e4a48 P 1bc80c76376544caba9a6c3e0ddbb285: Setting log wal retention time to 0 seconds
I1029 14:29:02.586473 1896869888 log.cc:1369] T 6abc1aa1722e4aceb752d9e26f577cb1 P 1bc80c76376544caba9a6c3e0ddbb285: Setting log wal retention time to 0 seconds
I1029 14:29:02.586479 1897443328 log.cc:1369] T 64cd91b90cde41a6aede1bede0fcb301 P 1bc80c76376544caba9a6c3e0ddbb285: Setting log wal retention time to 0 seconds
I1029 14:29:02.586817 1900310528 tablet_bootstrap_if.cc:96] T 0c8fa40e08cd41d9990ebf39e6341d10 P 1bc80c76376544caba9a6c3e0ddbb285: No bootstrap required, opened a new log
I1029 14:29:02.586823 1900310528 log.cc:1369] T 0c8fa40e08cd41d9990ebf39e6341d10 P 1bc80c76376544caba9a6c3e0ddbb285: Setting log wal retention time to 0 seconds
I1029 14:29:02.586831 1900310528 ts_tablet_manager.cc:1618] T 0c8fa40e08cd41d9990ebf39e6341d10 P 1bc80c76376544caba9a6c3e0ddbb285: Time spent bootstrapping tablet: real 0.001s	user 0.000s	sys 0.000s
I1029 14:29:02.587000 1898016768 db_impl.cc:934] T 80d52627883c4cd79e395ee283e85428 P 1bc80c76376544caba9a6c3e0ddbb285 [R]: Creating manifest 1 
I1029 14:29:02.587028 1898590208 tablet_bootstrap_if.cc:96] T b7d13238b2aa4da0858654e93a484a78 P 1bc80c76376544caba9a6c3e0ddbb285: No bootstrap required, opened a new log
I1029 14:29:02.587036 1898590208 log.cc:1369] T b7d13238b2aa4da0858654e93a484a78 P 1bc80c76376544caba9a6c3e0ddbb285: Setting log wal retention time to 0 seconds
I1029 14:29:02.587045 1898590208 ts_tablet_manager.cc:1618] T b7d13238b2aa4da0858654e93a484a78 P 1bc80c76376544caba9a6c3e0ddbb285: Time spent bootstrapping tablet: real 0.002s	user 0.000s	sys 0.001s
I1029 14:29:02.587154 1899163648 tablet_bootstrap_if.cc:96] T 3375a24592064072822b84a987f30fde P 1bc80c76376544caba9a6c3e0ddbb285: No bootstrap required, opened a new log
I1029 14:29:02.587167 1899163648 log.cc:1369] T 3375a24592064072822b84a987f30fde P 1bc80c76376544caba9a6c3e0ddbb285: Setting log wal retention time to 0 seconds
I1029 14:29:02.587177 1899163648 ts_tablet_manager.cc:1618] T 3375a24592064072822b84a987f30fde P 1bc80c76376544caba9a6c3e0ddbb285: Time spent bootstrapping tablet: real 0.002s	user 0.000s	sys 0.001s
I1029 14:29:02.587204 1899737088 tablet_bootstrap_if.cc:96] T 652a3818a8544a939083541e6a86d171 P 1bc80c76376544caba9a6c3e0ddbb285: No bootstrap required, opened a new log
I1029 14:29:02.587214 1899737088 log.cc:1369] T 652a3818a8544a939083541e6a86d171 P 1bc80c76376544caba9a6c3e0ddbb285: Setting log wal retention time to 0 seconds
I1029 14:29:02.587224 1899737088 ts_tablet_manager.cc:1618] T 652a3818a8544a939083541e6a86d171 P 1bc80c76376544caba9a6c3e0ddbb285: Time spent bootstrapping tablet: real 0.001s	user 0.000s	sys 0.001s
I1029 14:29:02.587472 1900310528 consensus_meta.cc:317] T 0c8fa40e08cd41d9990ebf39e6341d10 P 1bc80c76376544caba9a6c3e0ddbb285: Updating active role from FOLLOWER to FOLLOWER. Consensus state: current_term: 0 leader_uuid: "" config { opid_index: -1 peers { permanent_uuid: "1bc80c76376544caba9a6c3e0ddbb285" member_type: VOTER last_known_private_addr { host: "127.0.0.1" port: 9100 } last_known_broadcast_addr { host: "127.0.0.1" port: 9100 } cloud_info { placement_cloud: "cloud1" placement_region: "datacenter1" placement_zone: "rack1" } } }, has_pending_config = 0
I1029 14:29:02.587487 1900310528 raft_consensus.cc:483] T 0c8fa40e08cd41d9990ebf39e6341d10 P 1bc80c76376544caba9a6c3e0ddbb285 [term 0 FOLLOWER]: Replica starting. Triggering 0 pending operations. Active config: opid_index: -1 peers { permanent_uuid: "1bc80c76376544caba9a6c3e0ddbb285" member_type: VOTER last_known_private_addr { host: "127.0.0.1" port: 9100 } last_known_broadcast_addr { host: "127.0.0.1" port: 9100 } cloud_info { placement_cloud: "cloud1" placement_region: "datacenter1" placement_zone: "rack1" } }
I1029 14:29:02.587500 1900310528 raft_consensus.cc:512] T 0c8fa40e08cd41d9990ebf39e6341d10 P 1bc80c76376544caba9a6c3e0ddbb285 [term 0 FOLLOWER]: Consensus starting up: Expiring fail detector timer to make a prompt election more likely
I1029 14:29:02.587505 1900310528 raft_consensus.cc:1120] T 0c8fa40e08cd41d9990ebf39e6341d10 P 1bc80c76376544caba9a6c3e0ddbb285 [term 0 FOLLOWER]: Becoming Follower/Learner. State: Replica: 1bc80c76376544caba9a6c3e0ddbb285, State: 1, Role: FOLLOWER, Watermarks: {Received: 0.0 Committed: 0.0} Leader: 0.0, new leader: , initial_fd_wait: <uninitialized>
I1029 14:29:02.587512 1900310528 consensus_meta.cc:317] T 0c8fa40e08cd41d9990ebf39e6341d10 P 1bc80c76376544caba9a6c3e0ddbb285: Updating active role from FOLLOWER to FOLLOWER. Consensus state: current_term: 0 leader_uuid: "" config { opid_index: -1 peers { permanent_uuid: "1bc80c76376544caba9a6c3e0ddbb285" member_type: VOTER last_known_private_addr { host: "127.0.0.1" port: 9100 } last_known_broadcast_addr { host: "127.0.0.1" port: 9100 } cloud_info { placement_cloud: "cloud1" placement_region: "datacenter1" placement_zone: "rack1" } } }, has_pending_config = 0
I1029 14:29:02.587524 1900310528 consensus_queue.cc:272] T 0c8fa40e08cd41d9990ebf39e6341d10 P 1bc80c76376544caba9a6c3e0ddbb285 [NON_LEADER]: Queue going to NON_LEADER mode. State: All replicated op: 0.0, Majority replicated op: 0.0, Committed index: 0.0, Last applied: 0.0, Last appended: 0.0, Current term: 0, Majority size: -1, State: QUEUE_OPEN, Mode: NON_LEADER
I1029 14:29:02.587538 1900310528 raft_consensus.cc:3417] T 0c8fa40e08cd41d9990ebf39e6341d10 P 1bc80c76376544caba9a6c3e0ddbb285 [term 0 FOLLOWER]: Calling mark dirty synchronously for reason code CONSENSUS_STARTED
I1029 14:29:02.587569 1900310528 tablet_peer.cc:1545] T 0c8fa40e08cd41d9990ebf39e6341d10 P 1bc80c76376544caba9a6c3e0ddbb285 [state=RUNNING]: Changed state from BOOTSTRAPPING to RUNNING
I1029 14:29:02.587587 1900310528 tablet_peer.cc:1426] T 0c8fa40e08cd41d9990ebf39e6341d10 P 1bc80c76376544caba9a6c3e0ddbb285 [state=RUNNING]: Registered log gc
I1029 14:29:02.587595 1900310528 ts_tablet_manager.cc:1695] T 0c8fa40e08cd41d9990ebf39e6341d10 P 1bc80c76376544caba9a6c3e0ddbb285: Time spent starting tablet: real 0.001s	user 0.000s	sys 0.000s
I1029 14:29:02.587604 1900310528 ts_tablet_manager.cc:3075] Deleted transition in progress creating tablet for tablet 0c8fa40e08cd41d9990ebf39e6341d10
I1029 14:29:02.587610 1900310528 ts_tablet_manager.cc:1570] T ebb919980f364488a6052bade1564edf P 1bc80c76376544caba9a6c3e0ddbb285: Bootstrapping tablet
