I1029 15:57:00.252945 4278306816 ts_tablet_manager.cc:1939] P 1bc80c76376544caba9a6c3e0ddbb285: Registered tablet e78e90735a82474fb3d9bdfefceda02c
I1029 15:57:00.252948 4278306816 ts_tablet_manager.cc:1939] P 1bc80c76376544caba9a6c3e0ddbb285: Registered tablet 4e1802052bec4bf3915308debf687ef8
I1029 15:57:00.253041 1853321216 consensus_meta.cc:317] T b7d13238b2aa4da0858654e93a484a78 P 1bc80c76376544caba9a6c3e0ddbb285: Updating active role from UNKNOWN_ROLE to FOLLOWER. Consensus state: current_term: 1 leader_uuid: "" config { opid_index: -1 peers { permanent_uuid: "1bc80c76376544caba9a6c3e0ddbb285" member_type: VOTER last_known_private_addr { host: "127.0.0.1" port: 9100 } last_known_broadcast_addr { host: "127.0.0.1" port: 9100 } cloud_info { placement_cloud: "cloud1" placement_region: "datacenter1" placement_zone: "rack1" } } }, has_pending_config = 0
I1029 15:57:00.253046 4278306816 server_base.cc:564] Using private rpc address 127.0.0.1
I1029 15:57:00.253062 4278306816 tablet_server_main_impl.cc:243] Starting tablet server...
I1029 15:57:00.253059 1856188416 consensus_meta.cc:317] T 6abc1aa1722e4aceb752d9e26f577cb1 P 1bc80c76376544caba9a6c3e0ddbb285: Updating active role from UNKNOWN_ROLE to FOLLOWER. Consensus state: current_term: 1 leader_uuid: "" config { opid_index: -1 peers { permanent_uuid: "1bc80c76376544caba9a6c3e0ddbb285" member_type: VOTER last_known_private_addr { host: "127.0.0.1" port: 9100 } last_known_broadcast_addr { host: "127.0.0.1" port: 9100 } cloud_info { placement_cloud: "cloud1" placement_region: "datacenter1" placement_zone: "rack1" } } }, has_pending_config = 0
I1029 15:57:00.253068 4278306816 ulimit_util.cc:212] Configured soft limit for cpu time is already larger than specified min value (unlimited vs. unlimited). Skipping.
I1029 15:57:00.253062 1855041536 consensus_meta.cc:317] T a5b34273c13646cf805dff99419e4a48 P 1bc80c76376544caba9a6c3e0ddbb285: Updating active role from UNKNOWN_ROLE to FOLLOWER. Consensus state: current_term: 1 leader_uuid: "" config { opid_index: -1 peers { permanent_uuid: "1bc80c76376544caba9a6c3e0ddbb285" member_type: VOTER last_known_private_addr { host: "127.0.0.1" port: 9100 } last_known_broadcast_addr { host: "127.0.0.1" port: 9100 } cloud_info { placement_cloud: "cloud1" placement_region: "datacenter1" placement_zone: "rack1" } } }, has_pending_config = 0
I1029 15:57:00.253083 4278306816 ulimit_util.cc:212] Configured soft limit for file size is already larger than specified min value (unlimited vs. unlimited). Skipping.
I1029 15:57:00.253098 1856188416 retryable_requests.cc:258] Initialized RetryableRequestsManager, found a file ? no, wal dir=/Users/arthurdell/var/data/yb-data/tserver/wals/table-96bc3d01051346e89ae5c516fe91f192/tablet-6abc1aa1722e4aceb752d9e26f577cb1
I1029 15:57:00.253109 4278306816 ulimit_util.cc:212] Configured soft limit for data seg size is already larger than specified min value (unlimited vs. unlimited). Skipping.
I1029 15:57:00.253085 1853894656 consensus_meta.cc:317] T 0c8fa40e08cd41d9990ebf39e6341d10 P 1bc80c76376544caba9a6c3e0ddbb285: Updating active role from UNKNOWN_ROLE to FOLLOWER. Consensus state: current_term: 1 leader_uuid: "" config { opid_index: -1 peers { permanent_uuid: "1bc80c76376544caba9a6c3e0ddbb285" member_type: VOTER last_known_private_addr { host: "127.0.0.1" port: 9100 } last_known_broadcast_addr { host: "127.0.0.1" port: 9100 } cloud_info { placement_cloud: "cloud1" placement_region: "datacenter1" placement_zone: "rack1" } } }, has_pending_config = 0
I1029 15:57:00.253086 1854468096 consensus_meta.cc:317] T 3375a24592064072822b84a987f30fde P 1bc80c76376544caba9a6c3e0ddbb285: Updating active role from UNKNOWN_ROLE to FOLLOWER. Consensus state: current_term: 1 leader_uuid: "" config { opid_index: -1 peers { permanent_uuid: "1bc80c76376544caba9a6c3e0ddbb285" member_type: VOTER last_known_private_addr { host: "127.0.0.1" port: 9100 } last_known_broadcast_addr { host: "127.0.0.1" port: 9100 } cloud_info { placement_cloud: "cloud1" placement_region: "datacenter1" placement_zone: "rack1" } } }, has_pending_config = 0
I1029 15:57:00.253116 1855041536 retryable_requests.cc:258] Initialized RetryableRequestsManager, found a file ? no, wal dir=/Users/arthurdell/var/data/yb-data/tserver/wals/table-96bc3d01051346e89ae5c516fe91f192/tablet-a5b34273c13646cf805dff99419e4a48
I1029 15:57:00.253142 1853321216 retryable_requests.cc:258] Initialized RetryableRequestsManager, found a file ? no, wal dir=/Users/arthurdell/var/data/yb-data/tserver/wals/table-96bc3d01051346e89ae5c516fe91f192/tablet-b7d13238b2aa4da0858654e93a484a78
I1029 15:57:00.253161 4278306816 env_posix.cc:1491] Modifying limit for stack size from 8372224 to 8388608
I1029 15:57:00.253203 1853894656 retryable_requests.cc:258] Initialized RetryableRequestsManager, found a file ? no, wal dir=/Users/arthurdell/var/data/yb-data/tserver/wals/table-96bc3d01051346e89ae5c516fe91f192/tablet-0c8fa40e08cd41d9990ebf39e6341d10
I1029 15:57:00.253206 1854468096 retryable_requests.cc:258] Initialized RetryableRequestsManager, found a file ? no, wal dir=/Users/arthurdell/var/data/yb-data/tserver/wals/table-96bc3d01051346e89ae5c516fe91f192/tablet-3375a24592064072822b84a987f30fde
I1029 15:57:00.253216 4278306816 ulimit_util.cc:212] Configured soft limit for max memory size is already larger than specified min value (unlimited vs. unlimited). Skipping.
I1029 15:57:00.253227 4278306816 ulimit_util.cc:212] Configured soft limit for max locked memory is already larger than specified min value (unlimited vs. 65536). Skipping.
I1029 15:57:00.253230 4278306816 env_posix.cc:1491] Modifying limit for max user processes from 10666 to 12000
I1029 15:57:00.253234 4278306816 ulimit_util.cc:212] Configured soft limit for open files is already larger than specified min value (1048576 vs. 10240). Skipping.
I1029 15:57:00.253237 4278306816 tablet_server_main_impl.cc:245] ulimit cur(max)...
ulimit: core file size 0(unlimited) blks
ulimit: data seg size unlimited(unlimited) kb
ulimit: open files 1048576(unlimited)
ulimit: file size unlimited(unlimited) blks
ulimit: max locked memory unlimited(unlimited) kb
ulimit: max memory size unlimited(unlimited) kb
ulimit: stack size 8192(65520) kb
ulimit: cpu time unlimited(unlimited) secs
ulimit: max user processes 10666(10666)
I1029 15:57:00.253254 4278306816 tablet_server.cc:556] Auto setting FLAGS_tablet_server_svc_num_threads to 512
I1029 15:57:00.253261 4278306816 tablet_server.cc:563] Auto setting FLAGS_num_concurrent_backfills_allowed to 8
I1029 15:57:00.253266 4278306816 tablet_server.cc:572] Auto setting FLAGS_ts_consensus_svc_num_threads to 512
I1029 15:57:00.253298 1855614976 consensus_meta.cc:317] T 652a3818a8544a939083541e6a86d171 P 1bc80c76376544caba9a6c3e0ddbb285: Updating active role from UNKNOWN_ROLE to FOLLOWER. Consensus state: current_term: 1 leader_uuid: "" config { opid_index: -1 peers { permanent_uuid: "1bc80c76376544caba9a6c3e0ddbb285" member_type: VOTER last_known_private_addr { host: "127.0.0.1" port: 9100 } last_known_broadcast_addr { host: "127.0.0.1" port: 9100 } cloud_info { placement_cloud: "cloud1" placement_region: "datacenter1" placement_zone: "rack1" } } }, has_pending_config = 0
I1029 15:57:00.253387 1859055616 async_initializer.cc:82] Starting to init ybclient
I1029 15:57:00.253460 1860202496 client-internal.cc:2590] New master addresses: [127.0.0.1:7100]
I1029 15:57:00.253527 1859055616 async_initializer.cc:86] Successfully built ybclient
I1029 15:57:00.253875 4278306816 service_pool.cc:148] yb.tserver.TabletServerBackupService: yb::rpc::ServicePoolImpl created at 0x10b075d40
I1029 15:57:00.253885 4278306816 service_pool.cc:148] yb.cdc.CDCService: yb::rpc::ServicePoolImpl created at 0x10b158480
I1029 15:57:00.253976 4278306816 tablet_server.cc:594] yb::tserver::TabletServiceImpl created at 0x1090f3018
I1029 15:57:00.253983 4278306816 service_pool.cc:148] yb.tserver.TabletServerService: yb::rpc::ServicePoolImpl created at 0x10b1586c0
I1029 15:57:00.254066 4278306816 tablet_server.cc:599] yb::tserver::TabletServiceAdminImpl created at 0x109133b18
I1029 15:57:00.254071 4278306816 service_pool.cc:148] yb.tserver.TabletServerAdminService: yb::rpc::ServicePoolImpl created at 0x10b158900
I1029 15:57:00.254133 4278306816 tablet_server.cc:604] yb::tserver::ConsensusServiceImpl created at 0x1090c4018
I1029 15:57:00.254138 4278306816 thread_pool.cc:167] Starting thread pool { name: TabletServer-high-pri max_workers: 1024 }
I1029 15:57:00.254143 4278306816 service_pool.cc:148] yb.consensus.ConsensusService: yb::rpc::ServicePoolImpl created at 0x10b158d80
I1029 15:57:00.254209 4278306816 tablet_server.cc:612] yb::tserver::RemoteBootstrapServiceImpl created at 0x109160018
I1029 15:57:00.254215 4278306816 service_pool.cc:148] yb.tserver.RemoteBootstrapService: yb::rpc::ServicePoolImpl created at 0x10b158fc0
I1029 15:57:00.254360 4278306816 tablet_server.cc:622] yb::tserver::PgClientServiceImpl created at 0x10b2c2018
I1029 15:57:00.254365 4278306816 service_pool.cc:148] yb.tserver.PgClientService: yb::rpc::ServicePoolImpl created at 0x10b159440
I1029 15:57:00.254374 4278306816 tablet_server.cc:636] yb::tserver::stateful_service::PgAutoAnalyzeService created at 0x1091cd018
I1029 15:57:00.254382 4278306816 service_pool.cc:148] yb.stateful_service.PgAutoAnalyzeService: yb::rpc::ServicePoolImpl created at 0x10b159680
I1029 15:57:00.254422 1855614976 retryable_requests.cc:258] Initialized RetryableRequestsManager, found a file ? no, wal dir=/Users/arthurdell/var/data/yb-data/tserver/wals/table-96bc3d01051346e89ae5c516fe91f192/tablet-652a3818a8544a939083541e6a86d171
I1029 15:57:00.254426 4278306816 webserver.cc:330] Starting webserver on 127.0.0.1:19000
I1029 15:57:00.254431 4278306816 webserver.cc:335] Document root: /Users/arthurdell/AYA/yugabyte/www
I1029 15:57:00.254442 4278306816 webserver.cc:325] Webserver listen spec is 127.0.0.1:19000
I1029 15:57:00.254505 4278306816 webserver.cc:441] Webserver started. Bound to: http://127.0.0.1:19000/
I1029 15:57:00.254549 4278306816 service_pool.cc:148] yb.server.GenericService: yb::rpc::ServicePoolImpl created at 0x10b1598c0
I1029 15:57:00.254611 4278306816 rpc_server.cc:167] RPC server started. Bound to: 127.0.0.1:9100
I1029 15:57:00.254885 4278306816 server_base.cc:356] Dumped server information to /Users/arthurdell/var/data/tserver-info
I1029 15:57:00.254915 1862496256 async_initializer.cc:82] Starting to init ybclient
I1029 15:57:00.254920 4278306816 db_server_base.cc:68] Node information: { hostname: 'ALPHA.local', rpc_ip: '127.0.0.1', webserver_ip: '127.0.0.1', uuid: '1bc80c76376544caba9a6c3e0ddbb285' }
I1029 15:57:00.254931 4278306816 ts_tablet_manager.cc:700] Split tablets cleanup monitor started...
I1029 15:57:00.254935 4278306816 ts_tablet_manager.cc:710] Tablet data verification is disabled by verify_tablet_data_interval_sec flag set to 0
I1029 15:57:00.254938 4278306816 ts_tablet_manager.cc:716] Old metrics cleanup task started...
I1029 15:57:00.254990 1864216576 async_initializer.cc:82] Starting to init ybclient
I1029 15:57:00.254992 1863643136 client-internal.cc:2590] New master addresses: [127.0.0.1:7100]
I1029 15:57:00.255030 1862496256 async_initializer.cc:86] Successfully built ybclient
I1029 15:57:00.255041 1852747776 meta_data_cache.cc:158] Creating a metadata cache without a permissions cache
I1029 15:57:00.255060 1865936896 client-internal.cc:2590] New master addresses: [127.0.0.1:7100]
I1029 15:57:00.255057 1852747776 tablet_peer.cc:1545] T ebb919980f364488a6052bade1564edf P 1bc80c76376544caba9a6c3e0ddbb285 [state=BOOTSTRAPPING]: Changed state from NOT_STARTED to BOOTSTRAPPING
I1029 15:57:00.255089 1864216576 async_initializer.cc:86] Successfully built ybclient
I1029 15:57:00.255096 1852747776 tablet_bootstrap_if.cc:96] T ebb919980f364488a6052bade1564edf P 1bc80c76376544caba9a6c3e0ddbb285: Bootstrap starting.
I1029 15:57:00.255122 1852747776 tablet.cc:486] T ebb919980f364488a6052bade1564edf P 1bc80c76376544caba9a6c3e0ddbb285: Schema version for transactions is 0
I1029 15:57:00.255162 4278306816 tablet_server_main_impl.cc:247] Tablet server successfully started.
I1029 15:57:00.255270 1852747776 tablet_bootstrap.cc:658] T ebb919980f364488a6052bade1564edf P 1bc80c76376544caba9a6c3e0ddbb285: Time spent opening tablet: real 0.000s	user 0.000s	sys 0.000s
I1029 15:57:00.255278 4278306816 pg_wrapper.cc:718] Data directory /Users/arthurdell/var/data/pg_data already exists, skipping initdb
I1029 15:57:00.255293 4278306816 tablet_server_main_impl.cc:289] Starting PostgreSQL server listening on 127.0.0.1, port 5433
I1029 15:57:00.255326 1853894656 tablet_peer.cc:1545] T 0c8fa40e08cd41d9990ebf39e6341d10 P 1bc80c76376544caba9a6c3e0ddbb285 [state=BOOTSTRAPPING]: Changed state from NOT_STARTED to BOOTSTRAPPING
I1029 15:57:00.255327 1852747776 tablet_bootstrap.cc:735] T ebb919980f364488a6052bade1564edf P 1bc80c76376544caba9a6c3e0ddbb285: Will attempt to recover log segment /Users/arthurdell/var/data/yb-data/tserver/wals/table-96bc3d01051346e89ae5c516fe91f192/tablet-ebb919980f364488a6052bade1564edf/wal-000000001
I1029 15:57:00.255334 1853894656 tablet_bootstrap_if.cc:96] T 0c8fa40e08cd41d9990ebf39e6341d10 P 1bc80c76376544caba9a6c3e0ddbb285: Bootstrap starting.
I1029 15:57:00.255340 1852747776 tablet_bootstrap.cc:1159] T ebb919980f364488a6052bade1564edf P 1bc80c76376544caba9a6c3e0ddbb285: Flushed DocDB OpIds: { regular: -1.-1 intents: -1.-1 }
I1029 15:57:00.255344 1863069696 heartbeater.cc:347] P 1bc80c76376544caba9a6c3e0ddbb285: Connected to a leader master server at 127.0.0.1:7100
I1029 15:57:00.255350 1853894656 tablet.cc:486] T 0c8fa40e08cd41d9990ebf39e6341d10 P 1bc80c76376544caba9a6c3e0ddbb285: Schema version for transactions is 0
I1029 15:57:00.255352 1852747776 tablet_bootstrap.cc:1384] T ebb919980f364488a6052bade1564edf P 1bc80c76376544caba9a6c3e0ddbb285: Max persistent index in RocksDB's SSTables before bootstrap: regular RocksDB: -1.-1; intents RocksDB: -1.-1
I1029 15:57:00.255362 1863069696 heartbeater.cc:396] P 1bc80c76376544caba9a6c3e0ddbb285: Registering TS with master...
I1029 15:57:00.255373 1863069696 server_base.cc:564] Using private rpc address 127.0.0.1
I1029 15:57:00.255376 1863069696 server_base.cc:586] Using http address 127.0.0.1
I1029 15:57:00.255383 1852747776 log.cc:1369] T ebb919980f364488a6052bade1564edf P 1bc80c76376544caba9a6c3e0ddbb285: Setting log wal retention time to 0 seconds
I1029 15:57:00.255435 1853894656 tablet_bootstrap.cc:658] T 0c8fa40e08cd41d9990ebf39e6341d10 P 1bc80c76376544caba9a6c3e0ddbb285: Time spent opening tablet: real 0.000s	user 0.000s	sys 0.000s
W1029 15:57:00.255474 4278306816 pg_wrapper.cc:876] Killing older postgres process: 10542
I1029 15:57:00.255498 1855614976 tablet_peer.cc:1545] T 652a3818a8544a939083541e6a86d171 P 1bc80c76376544caba9a6c3e0ddbb285 [state=BOOTSTRAPPING]: Changed state from NOT_STARTED to BOOTSTRAPPING
I1029 15:57:00.255506 1855614976 tablet_bootstrap_if.cc:96] T 652a3818a8544a939083541e6a86d171 P 1bc80c76376544caba9a6c3e0ddbb285: Bootstrap starting.
I1029 15:57:00.255517 1855614976 tablet.cc:486] T 652a3818a8544a939083541e6a86d171 P 1bc80c76376544caba9a6c3e0ddbb285: Schema version for transactions is 0
I1029 15:57:00.255518 1856188416 tablet_peer.cc:1545] T 6abc1aa1722e4aceb752d9e26f577cb1 P 1bc80c76376544caba9a6c3e0ddbb285 [state=BOOTSTRAPPING]: Changed state from NOT_STARTED to BOOTSTRAPPING
I1029 15:57:00.255524 1856188416 tablet_bootstrap_if.cc:96] T 6abc1aa1722e4aceb752d9e26f577cb1 P 1bc80c76376544caba9a6c3e0ddbb285: Bootstrap starting.
I1029 15:57:00.255532 1856188416 tablet.cc:486] T 6abc1aa1722e4aceb752d9e26f577cb1 P 1bc80c76376544caba9a6c3e0ddbb285: Schema version for transactions is 0
I1029 15:57:00.255553 1852174336 tablet_peer.cc:1545] T 64cd91b90cde41a6aede1bede0fcb301 P 1bc80c76376544caba9a6c3e0ddbb285 [state=BOOTSTRAPPING]: Changed state from NOT_STARTED to BOOTSTRAPPING
I1029 15:57:00.255551 1854468096 tablet_peer.cc:1545] T 3375a24592064072822b84a987f30fde P 1bc80c76376544caba9a6c3e0ddbb285 [state=BOOTSTRAPPING]: Changed state from NOT_STARTED to BOOTSTRAPPING
I1029 15:57:00.255571 1853894656 tablet_bootstrap.cc:735] T 0c8fa40e08cd41d9990ebf39e6341d10 P 1bc80c76376544caba9a6c3e0ddbb285: Will attempt to recover log segment /Users/arthurdell/var/data/yb-data/tserver/wals/table-96bc3d01051346e89ae5c516fe91f192/tablet-0c8fa40e08cd41d9990ebf39e6341d10/wal-000000001
I1029 15:57:00.255594 1852174336 tablet_bootstrap_if.cc:96] T 64cd91b90cde41a6aede1bede0fcb301 P 1bc80c76376544caba9a6c3e0ddbb285: Bootstrap starting.
I1029 15:57:00.255594 1855614976 tablet_bootstrap.cc:658] T 652a3818a8544a939083541e6a86d171 P 1bc80c76376544caba9a6c3e0ddbb285: Time spent opening tablet: real 0.000s	user 0.000s	sys 0.000s
I1029 15:57:00.255600 1854468096 tablet_bootstrap_if.cc:96] T 3375a24592064072822b84a987f30fde P 1bc80c76376544caba9a6c3e0ddbb285: Bootstrap starting.
I1029 15:57:00.255606 1853894656 tablet_bootstrap.cc:1159] T 0c8fa40e08cd41d9990ebf39e6341d10 P 1bc80c76376544caba9a6c3e0ddbb285: Flushed DocDB OpIds: { regular: -1.-1 intents: -1.-1 }
I1029 15:57:00.255620 1852174336 tablet.cc:486] T 64cd91b90cde41a6aede1bede0fcb301 P 1bc80c76376544caba9a6c3e0ddbb285: Schema version for transactions is 0
I1029 15:57:00.255650 1855614976 tablet_bootstrap.cc:735] T 652a3818a8544a939083541e6a86d171 P 1bc80c76376544caba9a6c3e0ddbb285: Will attempt to recover log segment /Users/arthurdell/var/data/yb-data/tserver/wals/table-96bc3d01051346e89ae5c516fe91f192/tablet-652a3818a8544a939083541e6a86d171/wal-000000001
I1029 15:57:00.255656 1856188416 tablet_bootstrap.cc:658] T 6abc1aa1722e4aceb752d9e26f577cb1 P 1bc80c76376544caba9a6c3e0ddbb285: Time spent opening tablet: real 0.000s	user 0.000s	sys 0.000s
I1029 15:57:00.255656 1853894656 tablet_bootstrap.cc:1384] T 0c8fa40e08cd41d9990ebf39e6341d10 P 1bc80c76376544caba9a6c3e0ddbb285: Max persistent index in RocksDB's SSTables before bootstrap: regular RocksDB: -1.-1; intents RocksDB: -1.-1
I1029 15:57:00.255666 1854468096 tablet.cc:486] T 3375a24592064072822b84a987f30fde P 1bc80c76376544caba9a6c3e0ddbb285: Schema version for transactions is 0
I1029 15:57:00.255668 1855614976 tablet_bootstrap.cc:1159] T 652a3818a8544a939083541e6a86d171 P 1bc80c76376544caba9a6c3e0ddbb285: Flushed DocDB OpIds: { regular: -1.-1 intents: -1.-1 }
I1029 15:57:00.255709 1853894656 log.cc:1369] T 0c8fa40e08cd41d9990ebf39e6341d10 P 1bc80c76376544caba9a6c3e0ddbb285: Setting log wal retention time to 0 seconds
I1029 15:57:00.255717 1855614976 tablet_bootstrap.cc:1384] T 652a3818a8544a939083541e6a86d171 P 1bc80c76376544caba9a6c3e0ddbb285: Max persistent index in RocksDB's SSTables before bootstrap: regular RocksDB: -1.-1; intents RocksDB: -1.-1
I1029 15:57:00.255735 1855614976 log.cc:1369] T 652a3818a8544a939083541e6a86d171 P 1bc80c76376544caba9a6c3e0ddbb285: Setting log wal retention time to 0 seconds
I1029 15:57:00.255738 1852174336 tablet_bootstrap.cc:658] T 64cd91b90cde41a6aede1bede0fcb301 P 1bc80c76376544caba9a6c3e0ddbb285: Time spent opening tablet: real 0.000s	user 0.000s	sys 0.000s
I1029 15:57:00.255756 1856188416 tablet_bootstrap.cc:735] T 6abc1aa1722e4aceb752d9e26f577cb1 P 1bc80c76376544caba9a6c3e0ddbb285: Will attempt to recover log segment /Users/arthurdell/var/data/yb-data/tserver/wals/table-96bc3d01051346e89ae5c516fe91f192/tablet-6abc1aa1722e4aceb752d9e26f577cb1/wal-000000001
I1029 15:57:00.255769 1856188416 tablet_bootstrap.cc:1159] T 6abc1aa1722e4aceb752d9e26f577cb1 P 1bc80c76376544caba9a6c3e0ddbb285: Flushed DocDB OpIds: { regular: -1.-1 intents: -1.-1 }
I1029 15:57:00.255780 1856188416 tablet_bootstrap.cc:1384] T 6abc1aa1722e4aceb752d9e26f577cb1 P 1bc80c76376544caba9a6c3e0ddbb285: Max persistent index in RocksDB's SSTables before bootstrap: regular RocksDB: -1.-1; intents RocksDB: -1.-1
I1029 15:57:00.255785 1852174336 tablet_bootstrap.cc:735] T 64cd91b90cde41a6aede1bede0fcb301 P 1bc80c76376544caba9a6c3e0ddbb285: Will attempt to recover log segment /Users/arthurdell/var/data/yb-data/tserver/wals/table-96bc3d01051346e89ae5c516fe91f192/tablet-64cd91b90cde41a6aede1bede0fcb301/wal-000000001
I1029 15:57:00.255829 1852174336 tablet_bootstrap.cc:1159] T 64cd91b90cde41a6aede1bede0fcb301 P 1bc80c76376544caba9a6c3e0ddbb285: Flushed DocDB OpIds: { regular: -1.-1 intents: -1.-1 }
I1029 15:57:00.255831 1856188416 log.cc:1369] T 6abc1aa1722e4aceb752d9e26f577cb1 P 1bc80c76376544caba9a6c3e0ddbb285: Setting log wal retention time to 0 seconds
I1029 15:57:00.255833 1855041536 tablet_peer.cc:1545] T a5b34273c13646cf805dff99419e4a48 P 1bc80c76376544caba9a6c3e0ddbb285 [state=BOOTSTRAPPING]: Changed state from NOT_STARTED to BOOTSTRAPPING
I1029 15:57:00.255837 1852174336 tablet_bootstrap.cc:1384] T 64cd91b90cde41a6aede1bede0fcb301 P 1bc80c76376544caba9a6c3e0ddbb285: Max persistent index in RocksDB's SSTables before bootstrap: regular RocksDB: -1.-1; intents RocksDB: -1.-1
I1029 15:57:00.255853 1855041536 tablet_bootstrap_if.cc:96] T a5b34273c13646cf805dff99419e4a48 P 1bc80c76376544caba9a6c3e0ddbb285: Bootstrap starting.
I1029 15:57:00.255868 1852174336 log.cc:1369] T 64cd91b90cde41a6aede1bede0fcb301 P 1bc80c76376544caba9a6c3e0ddbb285: Setting log wal retention time to 0 seconds
I1029 15:57:00.255875 1855041536 tablet.cc:486] T a5b34273c13646cf805dff99419e4a48 P 1bc80c76376544caba9a6c3e0ddbb285: Schema version for transactions is 0
W1029 15:57:00.255935 1852747776 log_util.cc:242] Could not read footer for segment: /Users/arthurdell/var/data/yb-data/tserver/wals/table-96bc3d01051346e89ae5c516fe91f192/tablet-ebb919980f364488a6052bade1564edf/wal-000000001: Not found (yb/consensus/log_util.cc:582): Footer not found. Footer magic doesn't match
W1029 15:57:00.255950 1852747776 log_reader.cc:219] T ebb919980f364488a6052bade1564edf P 1bc80c76376544caba9a6c3e0ddbb285: Log segment /Users/arthurdell/var/data/yb-data/tserver/wals/table-96bc3d01051346e89ae5c516fe91f192/tablet-ebb919980f364488a6052bade1564edf/wal-000000001 was likely left in-progressafter a previous crash. Will try to reuse this segment as writable active segment
I1029 15:57:00.255961 1852747776 log.cc:671] T ebb919980f364488a6052bade1564edf P 1bc80c76376544caba9a6c3e0ddbb285: Opened existing logs. Last segment is /Users/arthurdell/var/data/yb-data/tserver/wals/table-96bc3d01051346e89ae5c516fe91f192/tablet-ebb919980f364488a6052bade1564edf/wal-000000001
I1029 15:57:00.255965 1852747776 log.cc:686] interval_durable_wal_write_ms is turned on to sync every 1000 ms.
I1029 15:57:00.255971 1852747776 tablet_bootstrap.cc:383] T ebb919980f364488a6052bade1564edf P 1bc80c76376544caba9a6c3e0ddbb285: Bootstrap optimizer (skip_flushed_entries): op_id_replay_lowest=-1.-1 (regular_op_id=-1.-1, intents_op_id=-1.-1, has_intents_db=0)
I1029 15:57:00.255977 1855041536 tablet_bootstrap.cc:658] T a5b34273c13646cf805dff99419e4a48 P 1bc80c76376544caba9a6c3e0ddbb285: Time spent opening tablet: real 0.000s	user 0.000s	sys 0.000s
I1029 15:57:00.255993 1852747776 tablet_bootstrap.cc:1331] T ebb919980f364488a6052bade1564edf P 1bc80c76376544caba9a6c3e0ddbb285: Segment /Users/arthurdell/var/data/yb-data/tserver/wals/table-96bc3d01051346e89ae5c516fe91f192/tablet-ebb919980f364488a6052bade1564edf/wal-000000001 cannot be used as the first segment to start replay with according to our OpId and retention criteria. However, this is already the earliest segment so we have to start replay here. We should probably investigate how we got into this situation. op_id=1.1, op_id_replay_lowest=-1.-1, last_op_id_in_retryable_requests=0.0, first_op_time=156338.747s, const_min_duration_to_retain_logs=0.000s, retryable_requests_retain_interval=660.000s, *retryable_requests_replay_from_this_or_earlier_time=155678.747s, *replay_from_this_or_earlier_time=156338.747s, is_first_op_id_low_enough_for_retryable_requests=0,is_first_op_time_early_enough_for_retryable_requests=0,is_first_op_id_low_enough=0, is_first_op_time_early_enough=1
I1029 15:57:00.256002 1852747776 tablet_bootstrap.cc:1346] T ebb919980f364488a6052bade1564edf P 1bc80c76376544caba9a6c3e0ddbb285: Bootstrap optimizer (skip_flushed_entries): will replay all segments starting from the very first one.
I1029 15:57:00.256016 1855041536 tablet_bootstrap.cc:735] T a5b34273c13646cf805dff99419e4a48 P 1bc80c76376544caba9a6c3e0ddbb285: Will attempt to recover log segment /Users/arthurdell/var/data/yb-data/tserver/wals/table-96bc3d01051346e89ae5c516fe91f192/tablet-a5b34273c13646cf805dff99419e4a48/wal-000000001
I1029 15:57:00.256022 1855041536 tablet_bootstrap.cc:1159] T a5b34273c13646cf805dff99419e4a48 P 1bc80c76376544caba9a6c3e0ddbb285: Flushed DocDB OpIds: { regular: -1.-1 intents: -1.-1 }
I1029 15:57:00.256027 1855041536 tablet_bootstrap.cc:1384] T a5b34273c13646cf805dff99419e4a48 P 1bc80c76376544caba9a6c3e0ddbb285: Max persistent index in RocksDB's SSTables before bootstrap: regular RocksDB: -1.-1; intents RocksDB: -1.-1
I1029 15:57:00.256035 1855041536 log.cc:1369] T a5b34273c13646cf805dff99419e4a48 P 1bc80c76376544caba9a6c3e0ddbb285: Setting log wal retention time to 0 seconds
I1029 15:57:00.256057 1853321216 tablet_peer.cc:1545] T b7d13238b2aa4da0858654e93a484a78 P 1bc80c76376544caba9a6c3e0ddbb285 [state=BOOTSTRAPPING]: Changed state from NOT_STARTED to BOOTSTRAPPING
I1029 15:57:00.256063 1853321216 tablet_bootstrap_if.cc:96] T b7d13238b2aa4da0858654e93a484a78 P 1bc80c76376544caba9a6c3e0ddbb285: Bootstrap starting.
W1029 15:57:00.256124 1853894656 log_util.cc:242] Could not read footer for segment: /Users/arthurdell/var/data/yb-data/tserver/wals/table-96bc3d01051346e89ae5c516fe91f192/tablet-0c8fa40e08cd41d9990ebf39e6341d10/wal-000000001: Not found (yb/consensus/log_util.cc:582): Footer not found. Footer magic doesn't match
W1029 15:57:00.256134 1853894656 log_reader.cc:219] T 0c8fa40e08cd41d9990ebf39e6341d10 P 1bc80c76376544caba9a6c3e0ddbb285: Log segment /Users/arthurdell/var/data/yb-data/tserver/wals/table-96bc3d01051346e89ae5c516fe91f192/tablet-0c8fa40e08cd41d9990ebf39e6341d10/wal-000000001 was likely left in-progressafter a previous crash. Will try to reuse this segment as writable active segment
I1029 15:57:00.256142 1853894656 log.cc:671] T 0c8fa40e08cd41d9990ebf39e6341d10 P 1bc80c76376544caba9a6c3e0ddbb285: Opened existing logs. Last segment is /Users/arthurdell/var/data/yb-data/tserver/wals/table-96bc3d01051346e89ae5c516fe91f192/tablet-0c8fa40e08cd41d9990ebf39e6341d10/wal-000000001
I1029 15:57:00.256146 1853894656 tablet_bootstrap.cc:383] T 0c8fa40e08cd41d9990ebf39e6341d10 P 1bc80c76376544caba9a6c3e0ddbb285: Bootstrap optimizer (skip_flushed_entries): op_id_replay_lowest=-1.-1 (regular_op_id=-1.-1, intents_op_id=-1.-1, has_intents_db=0)
I1029 15:57:00.256155 1853894656 tablet_bootstrap.cc:1331] T 0c8fa40e08cd41d9990ebf39e6341d10 P 1bc80c76376544caba9a6c3e0ddbb285: Segment /Users/arthurdell/var/data/yb-data/tserver/wals/table-96bc3d01051346e89ae5c516fe91f192/tablet-0c8fa40e08cd41d9990ebf39e6341d10/wal-000000001 cannot be used as the first segment to start replay with according to our OpId and retention criteria. However, this is already the earliest segment so we have to start replay here. We should probably investigate how we got into this situation. op_id=1.1, op_id_replay_lowest=-1.-1, last_op_id_in_retryable_requests=0.0, first_op_time=156338.745s, const_min_duration_to_retain_logs=0.000s, retryable_requests_retain_interval=660.000s, *retryable_requests_replay_from_this_or_earlier_time=155678.745s, *replay_from_this_or_earlier_time=156338.745s, is_first_op_id_low_enough_for_retryable_requests=0,is_first_op_time_early_enough_for_retryable_requests=0,is_first_op_id_low_enough=0, is_first_op_time_early_enough=1
I1029 15:57:00.256162 1853894656 tablet_bootstrap.cc:1346] T 0c8fa40e08cd41d9990ebf39e6341d10 P 1bc80c76376544caba9a6c3e0ddbb285: Bootstrap optimizer (skip_flushed_entries): will replay all segments starting from the very first one.
W1029 15:57:00.256168 1855614976 log_util.cc:242] Could not read footer for segment: /Users/arthurdell/var/data/yb-data/tserver/wals/table-96bc3d01051346e89ae5c516fe91f192/tablet-652a3818a8544a939083541e6a86d171/wal-000000001: Not found (yb/consensus/log_util.cc:582): Footer not found. Footer magic doesn't match
W1029 15:57:00.256179 1855614976 log_reader.cc:219] T 652a3818a8544a939083541e6a86d171 P 1bc80c76376544caba9a6c3e0ddbb285: Log segment /Users/arthurdell/var/data/yb-data/tserver/wals/table-96bc3d01051346e89ae5c516fe91f192/tablet-652a3818a8544a939083541e6a86d171/wal-000000001 was likely left in-progressafter a previous crash. Will try to reuse this segment as writable active segment
I1029 15:57:00.256191 1855614976 log.cc:671] T 652a3818a8544a939083541e6a86d171 P 1bc80c76376544caba9a6c3e0ddbb285: Opened existing logs. Last segment is /Users/arthurdell/var/data/yb-data/tserver/wals/table-96bc3d01051346e89ae5c516fe91f192/tablet-652a3818a8544a939083541e6a86d171/wal-000000001
I1029 15:57:00.256194 1855614976 tablet_bootstrap.cc:383] T 652a3818a8544a939083541e6a86d171 P 1bc80c76376544caba9a6c3e0ddbb285: Bootstrap optimizer (skip_flushed_entries): op_id_replay_lowest=-1.-1 (regular_op_id=-1.-1, intents_op_id=-1.-1, has_intents_db=0)
I1029 15:57:00.256202 1855614976 tablet_bootstrap.cc:1331] T 652a3818a8544a939083541e6a86d171 P 1bc80c76376544caba9a6c3e0ddbb285: Segment /Users/arthurdell/var/data/yb-data/tserver/wals/table-96bc3d01051346e89ae5c516fe91f192/tablet-652a3818a8544a939083541e6a86d171/wal-000000001 cannot be used as the first segment to start replay with according to our OpId and retention criteria. However, this is already the earliest segment so we have to start replay here. We should probably investigate how we got into this situation. op_id=1.1, op_id_replay_lowest=-1.-1, last_op_id_in_retryable_requests=0.0, first_op_time=156334.186s, const_min_duration_to_retain_logs=0.000s, retryable_requests_retain_interval=660.000s, *retryable_requests_replay_from_this_or_earlier_time=155674.186s, *replay_from_this_or_earlier_time=156334.186s, is_first_op_id_low_enough_for_retryable_requests=0,is_first_op_time_early_enough_for_retryable_requests=0,is_first_op_id_low_enough=0, is_first_op_time_early_enough=1
I1029 15:57:00.256211 1855614976 tablet_bootstrap.cc:1346] T 652a3818a8544a939083541e6a86d171 P 1bc80c76376544caba9a6c3e0ddbb285: Bootstrap optimizer (skip_flushed_entries): will replay all segments starting from the very first one.
W1029 15:57:00.256228 1856188416 log_util.cc:242] Could not read footer for segment: /Users/arthurdell/var/data/yb-data/tserver/wals/table-96bc3d01051346e89ae5c516fe91f192/tablet-6abc1aa1722e4aceb752d9e26f577cb1/wal-000000001: Not found (yb/consensus/log_util.cc:582): Footer not found. Footer magic doesn't match
W1029 15:57:00.256242 1856188416 log_reader.cc:219] T 6abc1aa1722e4aceb752d9e26f577cb1 P 1bc80c76376544caba9a6c3e0ddbb285: Log segment /Users/arthurdell/var/data/yb-data/tserver/wals/table-96bc3d01051346e89ae5c516fe91f192/tablet-6abc1aa1722e4aceb752d9e26f577cb1/wal-000000001 was likely left in-progressafter a previous crash. Will try to reuse this segment as writable active segment
I1029 15:57:00.256253 1856188416 log.cc:671] T 6abc1aa1722e4aceb752d9e26f577cb1 P 1bc80c76376544caba9a6c3e0ddbb285: Opened existing logs. Last segment is /Users/arthurdell/var/data/yb-data/tserver/wals/table-96bc3d01051346e89ae5c516fe91f192/tablet-6abc1aa1722e4aceb752d9e26f577cb1/wal-000000001
I1029 15:57:00.256258 1856188416 tablet_bootstrap.cc:383] T 6abc1aa1722e4aceb752d9e26f577cb1 P 1bc80c76376544caba9a6c3e0ddbb285: Bootstrap optimizer (skip_flushed_entries): op_id_replay_lowest=-1.-1 (regular_op_id=-1.-1, intents_op_id=-1.-1, has_intents_db=0)
I1029 15:57:00.256265 1856188416 tablet_bootstrap.cc:1331] T 6abc1aa1722e4aceb752d9e26f577cb1 P 1bc80c76376544caba9a6c3e0ddbb285: Segment /Users/arthurdell/var/data/yb-data/tserver/wals/table-96bc3d01051346e89ae5c516fe91f192/tablet-6abc1aa1722e4aceb752d9e26f577cb1/wal-000000001 cannot be used as the first segment to start replay with according to our OpId and retention criteria. However, this is already the earliest segment so we have to start replay here. We should probably investigate how we got into this situation. op_id=1.1, op_id_replay_lowest=-1.-1, last_op_id_in_retryable_requests=0.0, first_op_time=156338.746s, const_min_duration_to_retain_logs=0.000s, retryable_requests_retain_interval=660.000s, *retryable_requests_replay_from_this_or_earlier_time=155678.746s, *replay_from_this_or_earlier_time=156338.746s, is_first_op_id_low_enough_for_retryable_requests=0,is_first_op_time_early_enough_for_retryable_requests=0,is_first_op_id_low_enough=0, is_first_op_time_early_enough=1
I1029 15:57:00.256275 1856188416 tablet_bootstrap.cc:1346] T 6abc1aa1722e4aceb752d9e26f577cb1 P 1bc80c76376544caba9a6c3e0ddbb285: Bootstrap optimizer (skip_flushed_entries): will replay all segments starting from the very first one.
W1029 15:57:00.256282 1852174336 log_util.cc:242] Could not read footer for segment: /Users/arthurdell/var/data/yb-data/tserver/wals/table-96bc3d01051346e89ae5c516fe91f192/tablet-64cd91b90cde41a6aede1bede0fcb301/wal-000000001: Not found (yb/consensus/log_util.cc:582): Footer not found. Footer magic doesn't match
W1029 15:57:00.256294 1852174336 log_reader.cc:219] T 64cd91b90cde41a6aede1bede0fcb301 P 1bc80c76376544caba9a6c3e0ddbb285: Log segment /Users/arthurdell/var/data/yb-data/tserver/wals/table-96bc3d01051346e89ae5c516fe91f192/tablet-64cd91b90cde41a6aede1bede0fcb301/wal-000000001 was likely left in-progressafter a previous crash. Will try to reuse this segment as writable active segment
I1029 15:57:00.256337 1863069696 heartbeater.cc:405] P 1bc80c76376544caba9a6c3e0ddbb285: Sending a full tablet report to master...
W1029 15:57:00.256484 1855041536 log_util.cc:242] Could not read footer for segment: /Users/arthurdell/var/data/yb-data/tserver/wals/table-96bc3d01051346e89ae5c516fe91f192/tablet-a5b34273c13646cf805dff99419e4a48/wal-000000001: Not found (yb/consensus/log_util.cc:582): Footer not found. Footer magic doesn't match
W1029 15:57:00.256493 1855041536 log_reader.cc:219] T a5b34273c13646cf805dff99419e4a48 P 1bc80c76376544caba9a6c3e0ddbb285: Log segment /Users/arthurdell/var/data/yb-data/tserver/wals/table-96bc3d01051346e89ae5c516fe91f192/tablet-a5b34273c13646cf805dff99419e4a48/wal-000000001 was likely left in-progressafter a previous crash. Will try to reuse this segment as writable active segment
I1029 15:57:00.256500 1855041536 log.cc:671] T a5b34273c13646cf805dff99419e4a48 P 1bc80c76376544caba9a6c3e0ddbb285: Opened existing logs. Last segment is /Users/arthurdell/var/data/yb-data/tserver/wals/table-96bc3d01051346e89ae5c516fe91f192/tablet-a5b34273c13646cf805dff99419e4a48/wal-000000001
I1029 15:57:00.256502 1855041536 tablet_bootstrap.cc:383] T a5b34273c13646cf805dff99419e4a48 P 1bc80c76376544caba9a6c3e0ddbb285: Bootstrap optimizer (skip_flushed_entries): op_id_replay_lowest=-1.-1 (regular_op_id=-1.-1, intents_op_id=-1.-1, has_intents_db=0)
I1029 15:57:00.256510 1855041536 tablet_bootstrap.cc:1331] T a5b34273c13646cf805dff99419e4a48 P 1bc80c76376544caba9a6c3e0ddbb285: Segment /Users/arthurdell/var/data/yb-data/tserver/wals/table-96bc3d01051346e89ae5c516fe91f192/tablet-a5b34273c13646cf805dff99419e4a48/wal-000000001 cannot be used as the first segment to start replay with according to our OpId and retention criteria. However, this is already the earliest segment so we have to start replay here. We should probably investigate how we got into this situation. op_id=1.1, op_id_replay_lowest=-1.-1, last_op_id_in_retryable_requests=0.0, first_op_time=156338.746s, const_min_duration_to_retain_logs=0.000s, retryable_requests_retain_interval=660.000s, *retryable_requests_replay_from_this_or_earlier_time=155678.746s, *replay_from_this_or_earlier_time=156338.746s, is_first_op_id_low_enough_for_retryable_requests=0,is_first_op_time_early_enough_for_retryable_requests=0,is_first_op_id_low_enough=0, is_first_op_time_early_enough=1
I1029 15:57:00.256517 1855041536 tablet_bootstrap.cc:1346] T a5b34273c13646cf805dff99419e4a48 P 1bc80c76376544caba9a6c3e0ddbb285: Bootstrap optimizer (skip_flushed_entries): will replay all segments starting from the very first one.
I1029 15:57:00.256626 1852174336 log.cc:671] T 64cd91b90cde41a6aede1bede0fcb301 P 1bc80c76376544caba9a6c3e0ddbb285: Opened existing logs. Last segment is /Users/arthurdell/var/data/yb-data/tserver/wals/table-96bc3d01051346e89ae5c516fe91f192/tablet-64cd91b90cde41a6aede1bede0fcb301/wal-000000001
I1029 15:57:00.256631 1852174336 tablet_bootstrap.cc:383] T 64cd91b90cde41a6aede1bede0fcb301 P 1bc80c76376544caba9a6c3e0ddbb285: Bootstrap optimizer (skip_flushed_entries): op_id_replay_lowest=-1.-1 (regular_op_id=-1.-1, intents_op_id=-1.-1, has_intents_db=0)
I1029 15:57:00.256640 1852174336 tablet_bootstrap.cc:1331] T 64cd91b90cde41a6aede1bede0fcb301 P 1bc80c76376544caba9a6c3e0ddbb285: Segment /Users/arthurdell/var/data/yb-data/tserver/wals/table-96bc3d01051346e89ae5c516fe91f192/tablet-64cd91b90cde41a6aede1bede0fcb301/wal-000000001 cannot be used as the first segment to start replay with according to our OpId and retention criteria. However, this is already the earliest segment so we have to start replay here. We should probably investigate how we got into this situation. op_id=1.1, op_id_replay_lowest=-1.-1, last_op_id_in_retryable_requests=0.0, first_op_time=156338.747s, const_min_duration_to_retain_logs=0.000s, retryable_requests_retain_interval=660.000s, *retryable_requests_replay_from_this_or_earlier_time=155678.747s, *replay_from_this_or_earlier_time=156338.747s, is_first_op_id_low_enough_for_retryable_requests=0,is_first_op_time_early_enough_for_retryable_requests=0,is_first_op_id_low_enough=0, is_first_op_time_early_enough=1
I1029 15:57:00.256649 1852174336 tablet_bootstrap.cc:1346] T 64cd91b90cde41a6aede1bede0fcb301 P 1bc80c76376544caba9a6c3e0ddbb285: Bootstrap optimizer (skip_flushed_entries): will replay all segments starting from the very first one.
I1029 15:57:00.256716 1853321216 tablet.cc:486] T b7d13238b2aa4da0858654e93a484a78 P 1bc80c76376544caba9a6c3e0ddbb285: Schema version for transactions is 0
I1029 15:57:00.256793 4278306816 process_wrapper.cc:117] Starting PostgreSQL process
I1029 15:57:00.256807 1853321216 tablet_bootstrap.cc:658] T b7d13238b2aa4da0858654e93a484a78 P 1bc80c76376544caba9a6c3e0ddbb285: Time spent opening tablet: real 0.000s	user 0.000s	sys 0.000s
I1029 15:57:00.256843 1853321216 tablet_bootstrap.cc:735] T b7d13238b2aa4da0858654e93a484a78 P 1bc80c76376544caba9a6c3e0ddbb285: Will attempt to recover log segment /Users/arthurdell/var/data/yb-data/tserver/wals/table-96bc3d01051346e89ae5c516fe91f192/tablet-b7d13238b2aa4da0858654e93a484a78/wal-000000001
I1029 15:57:00.256847 1853321216 tablet_bootstrap.cc:1159] T b7d13238b2aa4da0858654e93a484a78 P 1bc80c76376544caba9a6c3e0ddbb285: Flushed DocDB OpIds: { regular: -1.-1 intents: -1.-1 }
I1029 15:57:00.256851 1853321216 tablet_bootstrap.cc:1384] T b7d13238b2aa4da0858654e93a484a78 P 1bc80c76376544caba9a6c3e0ddbb285: Max persistent index in RocksDB's SSTables before bootstrap: regular RocksDB: -1.-1; intents RocksDB: -1.-1
I1029 15:57:00.256865 1853321216 log.cc:1369] T b7d13238b2aa4da0858654e93a484a78 P 1bc80c76376544caba9a6c3e0ddbb285: Setting log wal retention time to 0 seconds
I1029 15:57:00.257088 1854468096 tablet_bootstrap.cc:658] T 3375a24592064072822b84a987f30fde P 1bc80c76376544caba9a6c3e0ddbb285: Time spent opening tablet: real 0.000s	user 0.000s	sys 0.000s
I1029 15:57:00.257118 1854468096 tablet_bootstrap.cc:735] T 3375a24592064072822b84a987f30fde P 1bc80c76376544caba9a6c3e0ddbb285: Will attempt to recover log segment /Users/arthurdell/var/data/yb-data/tserver/wals/table-96bc3d01051346e89ae5c516fe91f192/tablet-3375a24592064072822b84a987f30fde/wal-000000001
I1029 15:57:00.257122 1854468096 tablet_bootstrap.cc:1159] T 3375a24592064072822b84a987f30fde P 1bc80c76376544caba9a6c3e0ddbb285: Flushed DocDB OpIds: { regular: -1.-1 intents: -1.-1 }
I1029 15:57:00.257126 1854468096 tablet_bootstrap.cc:1384] T 3375a24592064072822b84a987f30fde P 1bc80c76376544caba9a6c3e0ddbb285: Max persistent index in RocksDB's SSTables before bootstrap: regular RocksDB: -1.-1; intents RocksDB: -1.-1
I1029 15:57:00.257130 1863069696 tablet_server.cc:1130] Invalidating the entire PgTableCache cache since catalog version incremented
I1029 15:57:00.257136 1854468096 log.cc:1369] T 3375a24592064072822b84a987f30fde P 1bc80c76376544caba9a6c3e0ddbb285: Setting log wal retention time to 0 seconds
W1029 15:57:00.257241 1853321216 log_util.cc:242] Could not read footer for segment: /Users/arthurdell/var/data/yb-data/tserver/wals/table-96bc3d01051346e89ae5c516fe91f192/tablet-b7d13238b2aa4da0858654e93a484a78/wal-000000001: Not found (yb/consensus/log_util.cc:582): Footer not found. Footer magic doesn't match
W1029 15:57:00.257248 1853321216 log_reader.cc:219] T b7d13238b2aa4da0858654e93a484a78 P 1bc80c76376544caba9a6c3e0ddbb285: Log segment /Users/arthurdell/var/data/yb-data/tserver/wals/table-96bc3d01051346e89ae5c516fe91f192/tablet-b7d13238b2aa4da0858654e93a484a78/wal-000000001 was likely left in-progressafter a previous crash. Will try to reuse this segment as writable active segment
I1029 15:57:00.257256 1853321216 log.cc:671] T b7d13238b2aa4da0858654e93a484a78 P 1bc80c76376544caba9a6c3e0ddbb285: Opened existing logs. Last segment is /Users/arthurdell/var/data/yb-data/tserver/wals/table-96bc3d01051346e89ae5c516fe91f192/tablet-b7d13238b2aa4da0858654e93a484a78/wal-000000001
I1029 15:57:00.257259 1853321216 tablet_bootstrap.cc:383] T b7d13238b2aa4da0858654e93a484a78 P 1bc80c76376544caba9a6c3e0ddbb285: Bootstrap optimizer (skip_flushed_entries): op_id_replay_lowest=-1.-1 (regular_op_id=-1.-1, intents_op_id=-1.-1, has_intents_db=0)
I1029 15:57:00.257265 1853321216 tablet_bootstrap.cc:1331] T b7d13238b2aa4da0858654e93a484a78 P 1bc80c76376544caba9a6c3e0ddbb285: Segment /Users/arthurdell/var/data/yb-data/tserver/wals/table-96bc3d01051346e89ae5c516fe91f192/tablet-b7d13238b2aa4da0858654e93a484a78/wal-000000001 cannot be used as the first segment to start replay with according to our OpId and retention criteria. However, this is already the earliest segment so we have to start replay here. We should probably investigate how we got into this situation. op_id=1.1, op_id_replay_lowest=-1.-1, last_op_id_in_retryable_requests=0.0, first_op_time=156338.746s, const_min_duration_to_retain_logs=0.000s, retryable_requests_retain_interval=660.000s, *retryable_requests_replay_from_this_or_earlier_time=155678.746s, *replay_from_this_or_earlier_time=156338.746s, is_first_op_id_low_enough_for_retryable_requests=0,is_first_op_time_early_enough_for_retryable_requests=0,is_first_op_id_low_enough=0, is_first_op_time_early_enough=1
I1029 15:57:00.257270 1853321216 tablet_bootstrap.cc:1346] T b7d13238b2aa4da0858654e93a484a78 P 1bc80c76376544caba9a6c3e0ddbb285: Bootstrap optimizer (skip_flushed_entries): will replay all segments starting from the very first one.
W1029 15:57:00.257442 1854468096 log_util.cc:242] Could not read footer for segment: /Users/arthurdell/var/data/yb-data/tserver/wals/table-96bc3d01051346e89ae5c516fe91f192/tablet-3375a24592064072822b84a987f30fde/wal-000000001: Not found (yb/consensus/log_util.cc:582): Footer not found. Footer magic doesn't match
W1029 15:57:00.257452 1854468096 log_reader.cc:219] T 3375a24592064072822b84a987f30fde P 1bc80c76376544caba9a6c3e0ddbb285: Log segment /Users/arthurdell/var/data/yb-data/tserver/wals/table-96bc3d01051346e89ae5c516fe91f192/tablet-3375a24592064072822b84a987f30fde/wal-000000001 was likely left in-progressafter a previous crash. Will try to reuse this segment as writable active segment
I1029 15:57:00.257457 1852747776 log_util.cc:791] Scanning /Users/arthurdell/var/data/yb-data/tserver/wals/table-96bc3d01051346e89ae5c516fe91f192/tablet-ebb919980f364488a6052bade1564edf/wal-000000001 for valid entry headers following offset 11152...
I1029 15:57:00.257457 1855041536 log_util.cc:791] Scanning /Users/arthurdell/var/data/yb-data/tserver/wals/table-96bc3d01051346e89ae5c516fe91f192/tablet-a5b34273c13646cf805dff99419e4a48/wal-000000001 for valid entry headers following offset 14760...
I1029 15:57:00.257459 1854468096 log.cc:671] T 3375a24592064072822b84a987f30fde P 1bc80c76376544caba9a6c3e0ddbb285: Opened existing logs. Last segment is /Users/arthurdell/var/data/yb-data/tserver/wals/table-96bc3d01051346e89ae5c516fe91f192/tablet-3375a24592064072822b84a987f30fde/wal-000000001
I1029 15:57:00.257459 1852174336 log_util.cc:791] Scanning /Users/arthurdell/var/data/yb-data/tserver/wals/table-96bc3d01051346e89ae5c516fe91f192/tablet-64cd91b90cde41a6aede1bede0fcb301/wal-000000001 for valid entry headers following offset 14296...
I1029 15:57:00.257477 1854468096 tablet_bootstrap.cc:383] T 3375a24592064072822b84a987f30fde P 1bc80c76376544caba9a6c3e0ddbb285: Bootstrap optimizer (skip_flushed_entries): op_id_replay_lowest=-1.-1 (regular_op_id=-1.-1, intents_op_id=-1.-1, has_intents_db=0)
I1029 15:57:00.257489 1854468096 tablet_bootstrap.cc:1331] T 3375a24592064072822b84a987f30fde P 1bc80c76376544caba9a6c3e0ddbb285: Segment /Users/arthurdell/var/data/yb-data/tserver/wals/table-96bc3d01051346e89ae5c516fe91f192/tablet-3375a24592064072822b84a987f30fde/wal-000000001 cannot be used as the first segment to start replay with according to our OpId and retention criteria. However, this is already the earliest segment so we have to start replay here. We should probably investigate how we got into this situation. op_id=1.1, op_id_replay_lowest=-1.-1, last_op_id_in_retryable_requests=0.0, first_op_time=156338.744s, const_min_duration_to_retain_logs=0.000s, retryable_requests_retain_interval=660.000s, *retryable_requests_replay_from_this_or_earlier_time=155678.744s, *replay_from_this_or_earlier_time=156338.744s, is_first_op_id_low_enough_for_retryable_requests=0,is_first_op_time_early_enough_for_retryable_requests=0,is_first_op_id_low_enough=0, is_first_op_time_early_enough=1
I1029 15:57:00.257495 1854468096 tablet_bootstrap.cc:1346] T 3375a24592064072822b84a987f30fde P 1bc80c76376544caba9a6c3e0ddbb285: Bootstrap optimizer (skip_flushed_entries): will replay all segments starting from the very first one.
I1029 15:57:00.257818 1854468096 log_util.cc:791] Scanning /Users/arthurdell/var/data/yb-data/tserver/wals/table-96bc3d01051346e89ae5c516fe91f192/tablet-3375a24592064072822b84a987f30fde/wal-000000001 for valid entry headers following offset 15087...
I1029 15:57:00.257905 1852747776 log_util.cc:835] Found no log entry headers
I1029 15:57:00.257910 1852747776 log_util.cc:696] Ignoring partially flushed segment in write ahead log /Users/arthurdell/var/data/yb-data/tserver/wals/table-96bc3d01051346e89ae5c516fe91f192/tablet-ebb919980f364488a6052bade1564edf/wal-000000001 because there are no log entries following this one. The server probably crashed in the middle of writing an entry to the write-ahead log or downloaded an active log via remote bootstrap. Error detail: Corruption (yb/consensus/log_util.cc:906): Invalid checksum in log entry head header: found=0, computed=2351477386: Failed trying to read batch #167 at offset 11152 for log segment /Users/arthurdell/var/data/yb-data/tserver/wals/table-96bc3d01051346e89ae5c516fe91f192/tablet-ebb919980f364488a6052bade1564edf/wal-000000001: Prior batch offsets: 11021 11047 11126 11152; Last log entries read: [REPLICATE (1.80)] [REPLICATE (1.81)] [REPLICATE (1.82)] [REPLICATE (1.83)]
I1029 15:57:00.258018 1852174336 log_util.cc:835] Found no log entry headers
I1029 15:57:00.258023 1852174336 log_util.cc:696] Ignoring partially flushed segment in write ahead log /Users/arthurdell/var/data/yb-data/tserver/wals/table-96bc3d01051346e89ae5c516fe91f192/tablet-64cd91b90cde41a6aede1bede0fcb301/wal-000000001 because there are no log entries following this one. The server probably crashed in the middle of writing an entry to the write-ahead log or downloaded an active log via remote bootstrap. Error detail: Corruption (yb/consensus/log_util.cc:906): Invalid checksum in log entry head header: found=0, computed=2351477386: Failed trying to read batch #217 at offset 14296 for log segment /Users/arthurdell/var/data/yb-data/tserver/wals/table-96bc3d01051346e89ae5c516fe91f192/tablet-64cd91b90cde41a6aede1bede0fcb301/wal-000000001: Prior batch offsets: 14165 14191 14270 14296; Last log entries read: [REPLICATE (1.105)] [REPLICATE (1.106)] [REPLICATE (1.107)] [REPLICATE (1.108)]
I1029 15:57:00.258075 1853321216 log_util.cc:791] Scanning /Users/arthurdell/var/data/yb-data/tserver/wals/table-96bc3d01051346e89ae5c516fe91f192/tablet-b7d13238b2aa4da0858654e93a484a78/wal-000000001 for valid entry headers following offset 7219...
I1029 15:57:00.258157 1852747776 tablet_bootstrap_if.cc:96] T ebb919980f364488a6052bade1564edf P 1bc80c76376544caba9a6c3e0ddbb285: Bootstrap replayed 1/1 log segments. Read operations: 83, overwritten operations: 0. Pending: 1 replicates. Last read committed op id: 1.83, last entry metadata: { entry_time: 160820.823s offset: 11047 active_segment_sequence_number: 1 }, last read entry op id: 1.83
I1029 15:57:00.258157 1855614976 log_util.cc:791] Scanning /Users/arthurdell/var/data/yb-data/tserver/wals/table-96bc3d01051346e89ae5c516fe91f192/tablet-652a3818a8544a939083541e6a86d171/wal-000000001 for valid entry headers following offset 13150...
I1029 15:57:00.258165 1852747776 tablet_bootstrap.cc:1508] T ebb919980f364488a6052bade1564edf P 1bc80c76376544caba9a6c3e0ddbb285: Dumping replay state to log at the end of PlaySegments
I1029 15:57:00.258176 1852747776 tablet_bootstrap.cc:1133] T ebb919980f364488a6052bade1564edf P 1bc80c76376544caba9a6c3e0ddbb285: ReplayState: Previous OpId: 1.83, Committed OpId: 1.83, Pending Replicates: 0, Flushed Regular: -1.-1, Flushed Intents: -1.-1
I1029 15:57:00.258180 1852747776 tablet_bootstrap.cc:1133] T ebb919980f364488a6052bade1564edf P 1bc80c76376544caba9a6c3e0ddbb285: Log entries applied to RocksDB: 83
